[    0.000000] Linux version 5.5.0-rc1+odin+localyes-00010-g6f4da20b0cc5-dirty (logan@midgard) (gcc version 8.3.0 (Debian 8.3.0-6)) #9 SMP Thu Jan 30 18:14:36 MST 2020
[    0.000000] Command line: BOOT_IMAGE=/boot/vmlinuz-9-localyes root=UUID=9f64a331-7904-4db0-b3e9-f53f0d74caae ro pci=realloc=off
[    0.000000] KERNEL supported cpus:
[    0.000000]   Intel GenuineIntel
[    0.000000]   AMD AuthenticAMD
[    0.000000]   Hygon HygonGenuine
[    0.000000]   Centaur CentaurHauls
[    0.000000]   zhaoxin   Shanghai  
[    0.000000] x86/fpu: Supporting XSAVE feature 0x001: 'x87 floating point registers'
[    0.000000] x86/fpu: Supporting XSAVE feature 0x002: 'SSE registers'
[    0.000000] x86/fpu: Supporting XSAVE feature 0x004: 'AVX registers'
[    0.000000] x86/fpu: Supporting XSAVE feature 0x008: 'MPX bounds registers'
[    0.000000] x86/fpu: Supporting XSAVE feature 0x010: 'MPX CSR'
[    0.000000] x86/fpu: Supporting XSAVE feature 0x020: 'AVX-512 opmask'
[    0.000000] x86/fpu: Supporting XSAVE feature 0x040: 'AVX-512 Hi256'
[    0.000000] x86/fpu: Supporting XSAVE feature 0x080: 'AVX-512 ZMM_Hi256'
[    0.000000] x86/fpu: Supporting XSAVE feature 0x200: 'Protection Keys User registers'
[    0.000000] x86/fpu: xstate_offset[2]:  576, xstate_sizes[2]:  256
[    0.000000] x86/fpu: xstate_offset[3]:  832, xstate_sizes[3]:   64
[    0.000000] x86/fpu: xstate_offset[4]:  896, xstate_sizes[4]:   64
[    0.000000] x86/fpu: xstate_offset[5]:  960, xstate_sizes[5]:   64
[    0.000000] x86/fpu: xstate_offset[6]: 1024, xstate_sizes[6]:  512
[    0.000000] x86/fpu: xstate_offset[7]: 1536, xstate_sizes[7]: 1024
[    0.000000] x86/fpu: xstate_offset[9]: 2560, xstate_sizes[9]:    8
[    0.000000] x86/fpu: Enabled xstate features 0x2ff, context size is 2568 bytes, using 'compacted' format.
[    0.000000] BIOS-provided physical RAM map:
[    0.000000] BIOS-e820: [mem 0x0000000000000000-0x000000000009ffff] usable
[    0.000000] BIOS-e820: [mem 0x00000000000a0000-0x00000000000fffff] reserved
[    0.000000] BIOS-e820: [mem 0x0000000000100000-0x000000005eb8cfff] usable
[    0.000000] BIOS-e820: [mem 0x000000005eb8d000-0x000000005efbafff] ACPI NVS
[    0.000000] BIOS-e820: [mem 0x000000005efbb000-0x000000006a0c0fff] usable
[    0.000000] BIOS-e820: [mem 0x000000006a0c1000-0x000000006c1c0fff] reserved
[    0.000000] BIOS-e820: [mem 0x000000006c1c1000-0x000000006c5edfff] usable
[    0.000000] BIOS-e820: [mem 0x000000006c5ee000-0x000000006d68ffff] ACPI NVS
[    0.000000] BIOS-e820: [mem 0x000000006d690000-0x000000006f84ffff] reserved
[    0.000000] BIOS-e820: [mem 0x000000006f850000-0x000000006fad0fff] type 20
[    0.000000] BIOS-e820: [mem 0x000000006fad1000-0x000000006fffffff] usable
[    0.000000] BIOS-e820: [mem 0x0000000070000000-0x000000008fffffff] reserved
[    0.000000] BIOS-e820: [mem 0x00000000fd000000-0x00000000fe7fffff] reserved
[    0.000000] BIOS-e820: [mem 0x00000000fed20000-0x00000000fed44fff] reserved
[    0.000000] BIOS-e820: [mem 0x00000000ff000000-0x00000000ffffffff] reserved
[    0.000000] BIOS-e820: [mem 0x0000000100000000-0x000000183fffffff] usable
[    0.000000] NX (Execute Disable) protection: active
[    0.000000] efi: EFI v2.70 by American Megatrends
[    0.000000] efi:  ACPI 2.0=0x5eb8d000  ACPI=0x5eb8d000  SMBIOS=0x6f38d000  SMBIOS 3.0=0x6f38c000  MEMATTR=0x67138018  ESRT=0x6714ef98 
[    0.000000] SMBIOS 3.2.1 present.
[    0.000000] DMI: Supermicro Super Server/X11SPM-F, BIOS 3.2 10/18/2019
[    0.000000] tsc: Detected 2200.000 MHz processor
[    0.005741] e820: update [mem 0x00000000-0x00000fff] usable ==> reserved
[    0.005744] e820: remove [mem 0x000a0000-0x000fffff] usable
[    0.005759] last_pfn = 0x1840000 max_arch_pfn = 0x400000000
[    0.005764] MTRR default type: uncachable
[    0.005766] MTRR fixed ranges enabled:
[    0.005768]   00000-9FFFF write-back
[    0.005770]   A0000-FFFFF uncachable
[    0.005771] MTRR variable ranges enabled:
[    0.005774]   0 base 000000000000 mask 3FF000000000 write-back
[    0.005776]   1 base 001000000000 mask 3FF800000000 write-back
[    0.005778]   2 base 001800000000 mask 3FFFC0000000 write-back
[    0.005780]   3 base 000080000000 mask 3FFF80000000 uncachable
[    0.005782]   4 base 000070000000 mask 3FFFFC000000 uncachable
[    0.005783]   5 disabled
[    0.005784]   6 disabled
[    0.005785]   7 disabled
[    0.005786]   8 disabled
[    0.005787]   9 disabled
[    0.007071] x86/PAT: Configuration [0-7]: WB  WC  UC- UC  WB  WP  UC- WT  
[    0.008318] total RAM covered: 97216M
[    0.008987] Found optimal setting for mtrr clean up
[    0.008990]  gran_size: 64K 	chunk_size: 512M 	num_reg: 8  	lose cover RAM: 0G
[    0.009832] e820: update [mem 0x70000000-0x73ffffff] usable ==> reserved
[    0.009835] e820: update [mem 0x80000000-0xffffffff] usable ==> reserved
[    0.009839] last_pfn = 0x70000 max_arch_pfn = 0x400000000
[    0.021093] esrt: Reserving ESRT space from 0x000000006714ef98 to 0x000000006714efd0.
[    0.021143] check: Scanning 1 areas for low memory corruption
[    0.021151] Using GB pages for direct mapping
[    0.021155] BRK [0x69a401000, 0x69a401fff] PGTABLE
[    0.021158] BRK [0x69a402000, 0x69a402fff] PGTABLE
[    0.021159] BRK [0x69a403000, 0x69a403fff] PGTABLE
[    0.021868] BRK [0x69a404000, 0x69a404fff] PGTABLE
[    0.022081] BRK [0x69a405000, 0x69a405fff] PGTABLE
[    0.022338] BRK [0x69a406000, 0x69a406fff] PGTABLE
[    0.022728] BRK [0x69a407000, 0x69a407fff] PGTABLE
[    0.023024] BRK [0x69a408000, 0x69a408fff] PGTABLE
[    0.023391] BRK [0x69a409000, 0x69a409fff] PGTABLE
[    0.023614] BRK [0x69a40a000, 0x69a40afff] PGTABLE
[    0.024137] Secure boot could not be determined
[    0.024139] RAMDISK: [mem 0x33737000-0x35b92fff]
[    0.024153] ACPI: Early table checksum verification disabled
[    0.024158] ACPI: RSDP 0x000000005EB8D000 000024 (v02 SUPERM)
[    0.024165] ACPI: XSDT 0x000000005EB8D0C8 000114 (v01 SUPERM SUPERM   01072009 AMI  00010013)
[    0.024176] ACPI: FACP 0x000000005EE8AE90 000114 (v06 SUPERM SMCI--MB 01072009 INTL 20091013)
[    0.024189] ACPI: DSDT 0x000000005EB8D278 2FDC12 (v02 SUPERM SMCI--MB 01072009 INTL 20091013)
[    0.024197] ACPI: FACS 0x000000006D64C080 000040
[    0.024203] ACPI: FPDT 0x000000005EE8AFA8 000044 (v01                 01072009 AMI  00010013)
[    0.024211] ACPI: FIDT 0x000000005EE8AFF0 00009C (v01 SUPERM SMCI--MB 01072009 AMI  00010013)
[    0.024218] ACPI: SPMI 0x000000005EE8B090 000041 (v05 SUPERM SMCI--MB 00000000 AMI. 00000000)
[    0.024226] ACPI: UEFI 0x000000005EE8B0D8 00005C (v01 INTEL  RstUefiV 00000000      00000000)
[    0.024233] ACPI: SSDT 0x000000005EE8B138 00046C (v02 INTEL  ADDRXLAT 00000001 INTL 20140828)
[    0.024240] ACPI: MCFG 0x000000005EE8B5A8 00003C (v01 SUPERM SMCI--MB 01072009 MSFT 00000097)
[    0.024247] ACPI: HPET 0x000000005EE8B5E8 000038 (v01 SUPERM SMCI--MB 00000001 INTL 20091013)
[    0.024254] ACPI: APIC 0x000000005EE8B620 0016DE (v03 SUPERM SMCI--MB 00000000 INTL 20091013)
[    0.024262] ACPI: MIGT 0x000000005EE8CD00 000040 (v01 SUPERM SMCI--MB 00000000 INTL 20091013)
[    0.024269] ACPI: MSCT 0x000000005EE8CD40 000090 (v01 SUPERM SMCI--MB 00000001 INTL 20091013)
[    0.024276] ACPI: PCAT 0x000000005EE8CDD0 000068 (v02 SUPERM SMCI--MB 00000002 INTL 20091013)
[    0.024283] ACPI: PCCT 0x000000005EE8CE38 00006E (v01 SUPERM SMCI--MB 00000002 INTL 20091013)
[    0.024290] ACPI: RASF 0x000000005EE8CEA8 000030 (v01 SUPERM SMCI--MB 00000001 INTL 20091013)
[    0.024297] ACPI: SLIT 0x000000005EE8CED8 00042C (v01 SUPERM SMCI--MB 00000001 INTL 20091013)
[    0.024304] ACPI: SRAT 0x000000005EE8D308 002D30 (v03 SUPERM SMCI--MB 00000002 INTL 20091013)
[    0.024311] ACPI: SVOS 0x000000005EE90038 000032 (v01 SUPERM SMCI--MB 00000000 INTL 20091013)
[    0.024318] ACPI: WDDT 0x000000005EE90070 000040 (v01 SUPERM SMCI--MB 00000000 INTL 20091013)
[    0.024325] ACPI: OEM4 0x000000005EE900B0 0A27C4 (v02 INTEL  CPU  CST 00003000 INTL 20140828)
[    0.024333] ACPI: OEM1 0x000000005EF32878 02A2C4 (v02 INTEL  CPU EIST 00003000 INTL 20140828)
[    0.024340] ACPI: SSDT 0x000000005EF5CB40 033990 (v02 INTEL  SSDT  PM 00004000 INTL 20140828)
[    0.024347] ACPI: OEM3 0x000000005EF904D0 026664 (v02 INTEL  CPU  TST 00003000 INTL 20140828)
[    0.024354] ACPI: SSDT 0x000000005EFB6B38 00065B (v02 SUPERM SMCI--MB 00000000 INTL 20091013)
[    0.024362] ACPI: SSDT 0x000000005EFB7198 002B10 (v02 INTEL  SpsNm    00000002 INTL 20140828)
[    0.024369] ACPI: DMAR 0x000000005EFB9CA8 000138 (v01 SUPERM SMCI--MB 00000001 INTL 20091013)
[    0.024376] ACPI: HEST 0x000000005EFB9DE0 0000A8 (v01 SUPERM SMCI--MB 00000001 INTL 00000001)
[    0.024383] ACPI: BERT 0x000000005EFB9E88 000030 (v01 SUPERM SMCI--MB 00000001 INTL 00000001)
[    0.024390] ACPI: ERST 0x000000005EFB9EB8 000230 (v01 SUPERM SMCI--MB 00000001 INTL 00000001)
[    0.024397] ACPI: EINJ 0x000000005EFBA0E8 000150 (v01 SUPERM SMCI--MB 00000001 INTL 00000001)
[    0.024404] ACPI: WSMT 0x000000005EFBA238 000028 (v01 \xc6o              01072009 AMI  00010013)
[    0.024418] ACPI: Local APIC address 0xfee00000
[    0.024612] SRAT: PXM 0 -> APIC 0x00 -> Node 0
[    0.024615] SRAT: PXM 0 -> APIC 0x02 -> Node 0
[    0.024617] SRAT: PXM 0 -> APIC 0x04 -> Node 0
[    0.024619] SRAT: PXM 0 -> APIC 0x06 -> Node 0
[    0.024620] SRAT: PXM 0 -> APIC 0x08 -> Node 0
[    0.024622] SRAT: PXM 0 -> APIC 0x10 -> Node 0
[    0.024624] SRAT: PXM 0 -> APIC 0x12 -> Node 0
[    0.024626] SRAT: PXM 0 -> APIC 0x14 -> Node 0
[    0.024628] SRAT: PXM 0 -> APIC 0x16 -> Node 0
[    0.024630] SRAT: PXM 0 -> APIC 0x18 -> Node 0
[    0.024632] SRAT: PXM 0 -> APIC 0x01 -> Node 0
[    0.024634] SRAT: PXM 0 -> APIC 0x03 -> Node 0
[    0.024636] SRAT: PXM 0 -> APIC 0x05 -> Node 0
[    0.024638] SRAT: PXM 0 -> APIC 0x07 -> Node 0
[    0.024639] SRAT: PXM 0 -> APIC 0x09 -> Node 0
[    0.024641] SRAT: PXM 0 -> APIC 0x11 -> Node 0
[    0.024643] SRAT: PXM 0 -> APIC 0x13 -> Node 0
[    0.024645] SRAT: PXM 0 -> APIC 0x15 -> Node 0
[    0.024647] SRAT: PXM 0 -> APIC 0x17 -> Node 0
[    0.024649] SRAT: PXM 0 -> APIC 0x19 -> Node 0
[    0.024682] ACPI: SRAT: Node 0 PXM 0 [mem 0x00000000-0x7fffffff]
[    0.024685] ACPI: SRAT: Node 0 PXM 0 [mem 0x100000000-0x183fffffff]
[    0.024715] NUMA: Initialized distance table, cnt=1
[    0.024719] NUMA: Node 0 [mem 0x00000000-0x7fffffff] + [mem 0x100000000-0x183fffffff] -> [mem 0x00000000-0x183fffffff]
[    0.024767] NODE_DATA(0) allocated [mem 0x183ffd4000-0x183fffefff]
[    0.025828] Zone ranges:
[    0.025830]   DMA      [mem 0x0000000000001000-0x0000000000ffffff]
[    0.025833]   DMA32    [mem 0x0000000001000000-0x00000000ffffffff]
[    0.025835]   Normal   [mem 0x0000000100000000-0x000000183fffffff]
[    0.025838]   Device   empty
[    0.025840] Movable zone start for each node
[    0.025847] Early memory node ranges
[    0.025849]   node   0: [mem 0x0000000000001000-0x000000000009ffff]
[    0.025851]   node   0: [mem 0x0000000000100000-0x000000005eb8cfff]
[    0.025854]   node   0: [mem 0x000000005efbb000-0x000000006a0c0fff]
[    0.025856]   node   0: [mem 0x000000006c1c1000-0x000000006c5edfff]
[    0.025858]   node   0: [mem 0x000000006fad1000-0x000000006fffffff]
[    0.025860]   node   0: [mem 0x0000000100000000-0x000000183fffffff]
[    0.026990] Zeroed struct page in unavailable ranges: 23154 pages
[    0.026993] Initmem setup node 0 [mem 0x0000000000001000-0x000000183fffffff]
[    0.026998] On node 0 totalpages: 24814990
[    0.027000]   DMA zone: 64 pages used for memmap
[    0.027002]   DMA zone: 30 pages reserved
[    0.027003]   DMA zone: 3999 pages, LIFO batch:0
[    0.027458]   DMA32 zone: 6744 pages used for memmap
[    0.027459]   DMA32 zone: 431599 pages, LIFO batch:63
[    0.086983]   Normal zone: 380928 pages used for memmap
[    0.086985]   Normal zone: 24379392 pages, LIFO batch:63
[    3.922983] kasan: KernelAddressSanitizer initialized
[    3.923092] ACPI: PM-Timer IO Port: 0x508
[    3.923096] ACPI: Local APIC address 0xfee00000
[    3.923145] ACPI: X2APIC_NMI (uid[0xffffffff] high level lint[0x1])
[    3.923153] ACPI: LAPIC_NMI (acpi_id[0xff] dfl edge lint[0x1])
[    3.923180] IOAPIC[0]: apic_id 8, version 32, address 0xfec00000, GSI 0-23
[    3.923186] IOAPIC[1]: apic_id 9, version 32, address 0xfec01000, GSI 24-31
[    3.923192] IOAPIC[2]: apic_id 10, version 32, address 0xfec08000, GSI 32-39
[    3.923198] IOAPIC[3]: apic_id 11, version 32, address 0xfec10000, GSI 40-47
[    3.923204] IOAPIC[4]: apic_id 12, version 32, address 0xfec18000, GSI 48-55
[    3.923216] ACPI: INT_SRC_OVR (bus 0 bus_irq 0 global_irq 2 dfl dfl)
[    3.923219] ACPI: INT_SRC_OVR (bus 0 bus_irq 9 global_irq 9 high level)
[    3.923226] ACPI: IRQ0 used by override.
[    3.923228] ACPI: IRQ9 used by override.
[    3.923239] Using ACPI (MADT) for SMP configuration information
[    3.923242] ACPI: HPET id: 0x8086a701 base: 0xfed00000
[    3.923250] smpboot: Allowing 20 CPUs, 0 hotplug CPUs
[    3.923319] PM: Registered nosave memory: [mem 0x00000000-0x00000fff]
[    3.923325] PM: Registered nosave memory: [mem 0x000a0000-0x000fffff]
[    3.923331] PM: Registered nosave memory: [mem 0x5eb8d000-0x5efbafff]
[    3.923337] PM: Registered nosave memory: [mem 0x6a0c1000-0x6c1c0fff]
[    3.923342] PM: Registered nosave memory: [mem 0x6c5ee000-0x6d68ffff]
[    3.923344] PM: Registered nosave memory: [mem 0x6d690000-0x6f84ffff]
[    3.923346] PM: Registered nosave memory: [mem 0x6f850000-0x6fad0fff]
[    3.923352] PM: Registered nosave memory: [mem 0x70000000-0x8fffffff]
[    3.923354] PM: Registered nosave memory: [mem 0x90000000-0xfcffffff]
[    3.923356] PM: Registered nosave memory: [mem 0xfd000000-0xfe7fffff]
[    3.923358] PM: Registered nosave memory: [mem 0xfe800000-0xfed1ffff]
[    3.923360] PM: Registered nosave memory: [mem 0xfed20000-0xfed44fff]
[    3.923362] PM: Registered nosave memory: [mem 0xfed45000-0xfeffffff]
[    3.923364] PM: Registered nosave memory: [mem 0xff000000-0xffffffff]
[    3.923369] [mem 0x90000000-0xfcffffff] available for PCI devices
[    3.923373] Booting paravirtualized kernel on bare hardware
[    3.923378] clocksource: refined-jiffies: mask: 0xffffffff max_cycles: 0xffffffff, max_idle_ns: 7645519600211568 ns
[    4.868747] setup_percpu: NR_CPUS:8192 nr_cpumask_bits:20 nr_cpu_ids:20 nr_node_ids:1
[    4.870537] percpu: Embedded 65 pages/cpu s229376 r8192 d28672 u524288
[    4.870568] pcpu-alloc: s229376 r8192 d28672 u524288 alloc=1*2097152
[    4.870570] pcpu-alloc: [0] 00 01 02 03 [0] 04 05 06 07 
[    4.870575] pcpu-alloc: [0] 08 09 10 11 [0] 12 13 14 15 
[    4.870580] pcpu-alloc: [0] 16 17 18 19 
[    4.870696] Built 1 zonelists, mobility grouping on.  Total pages: 24427224
[    4.870699] Policy zone: Normal
[    4.870702] Kernel command line: BOOT_IMAGE=/boot/vmlinuz-9-localyes root=UUID=9f64a331-7904-4db0-b3e9-f53f0d74caae ro pci=realloc=off
[    4.877892] Dentry cache hash table entries: 8388608 (order: 14, 67108864 bytes, linear)
[    4.881477] Inode-cache hash table entries: 4194304 (order: 13, 33554432 bytes, linear)
[    4.881852] mem auto-init: stack:off, heap alloc:off, heap free:off
[    7.034679] Memory: 84643112K/99259960K available (32776K kernel code, 11031K rwdata, 12656K rodata, 3320K init, 15184K bss, 14616848K reserved, 0K cma-reserved)
[    7.035489] SLUB: HWalign=64, Order=0-3, MinObjects=0, CPUs=20, Nodes=1
[    7.035531] ftrace: allocating 65099 entries in 255 pages
[    7.088861] ftrace: allocated 255 pages with 8 groups
[    7.090979] rcu: Hierarchical RCU implementation.
[    7.090982] rcu: 	RCU restricting CPUs from NR_CPUS=8192 to nr_cpu_ids=20.
[    7.090985] rcu: RCU calculated value of scheduler-enlistment delay is 25 jiffies.
[    7.090988] rcu: Adjusting geometry for rcu_fanout_leaf=16, nr_cpu_ids=20
[    7.104886] NR_IRQS: 524544, nr_irqs: 1128, preallocated irqs: 16
[    7.105744] random: get_random_bytes called from start_kernel+0x3d4/0x66a with crng_init=0
[    7.105962] Console: colour dummy device 80x25
[    7.106779] printk: console [tty0] enabled
[    7.106870] ACPI: Core revision 20191018
[    7.121915] clocksource: hpet: mask: 0xffffffff max_cycles: 0xffffffff, max_idle_ns: 79635855245 ns
[    7.121973] APIC: Switch to symmetric I/O mode setup
[    7.121980] DMAR: Host address width 46
[    7.121985] DMAR: DRHD base: 0x000000c5ffc000 flags: 0x0
[    7.122059] DMAR: dmar0: reg_base_addr c5ffc000 ver 1:0 cap 8d2078c106f0466 ecap f020df
[    7.122067] DMAR: DRHD base: 0x000000e0ffc000 flags: 0x0
[    7.122137] DMAR: dmar1: reg_base_addr e0ffc000 ver 1:0 cap 8d2078c106f0466 ecap f020df
[    7.122144] DMAR: DRHD base: 0x000000fbffc000 flags: 0x0
[    7.122222] DMAR: dmar2: reg_base_addr fbffc000 ver 1:0 cap 8d2078c106f0466 ecap f020df
[    7.122229] DMAR: DRHD base: 0x000000aaffc000 flags: 0x1
[    7.122296] DMAR: dmar3: reg_base_addr aaffc000 ver 1:0 cap 8d2078c106f0466 ecap f020df
[    7.122303] DMAR: RMRR base: 0x0000006f3c8000 end: 0x0000006f3d8fff
[    7.122330] DMAR: ATSR flags: 0x0
[    7.122355] DMAR: RHSA base: 0x000000aaffc000 proximity domain: 0x0
[    7.122361] DMAR: RHSA base: 0x000000c5ffc000 proximity domain: 0x0
[    7.122366] DMAR: RHSA base: 0x000000e0ffc000 proximity domain: 0x0
[    7.122372] DMAR: RHSA base: 0x000000fbffc000 proximity domain: 0x0
[    7.122379] DMAR-IR: IOAPIC id 12 under DRHD base  0xfbffc000 IOMMU 2
[    7.122385] DMAR-IR: IOAPIC id 11 under DRHD base  0xe0ffc000 IOMMU 1
[    7.122392] DMAR-IR: IOAPIC id 10 under DRHD base  0xc5ffc000 IOMMU 0
[    7.122398] DMAR-IR: IOAPIC id 8 under DRHD base  0xaaffc000 IOMMU 3
[    7.122404] DMAR-IR: IOAPIC id 9 under DRHD base  0xaaffc000 IOMMU 3
[    7.122410] DMAR-IR: HPET id 0 under DRHD base 0xaaffc000
[    7.122416] DMAR-IR: Queued invalidation will be enabled to support x2apic and Intr-remapping.
[    7.123863] DMAR-IR: Enabled IRQ remapping in x2apic mode
[    7.123871] x2apic enabled
[    7.123905] Switched APIC routing to cluster x2apic.
[    7.125986] ..TIMER: vector=0x30 apic1=0 pin1=2 apic2=-1 pin2=-1
[    7.145953] clocksource: tsc-early: mask: 0xffffffffffffffff max_cycles: 0x1fb633008a4, max_idle_ns: 440795292230 ns
[    7.145967] Calibrating delay loop (skipped), value calculated using timer frequency.. 4400.00 BogoMIPS (lpj=8800000)
[    7.145977] pid_max: default: 32768 minimum: 301
[    7.159602] LSM: Security Framework initializing
[    7.159684] Yama: becoming mindful.
[    7.159757] SELinux:  Initializing.
[    7.160002] TOMOYO Linux initialized
[    7.160530] Mount-cache hash table entries: 131072 (order: 8, 1048576 bytes, linear)
[    7.160660] Mountpoint-cache hash table entries: 131072 (order: 8, 1048576 bytes, linear)
[    7.162574] mce: CPU0: Thermal monitoring enabled (TM1)
[    7.162821] process: using mwait in idle threads
[    7.162829] Last level iTLB entries: 4KB 64, 2MB 8, 4MB 8
[    7.162834] Last level dTLB entries: 4KB 64, 2MB 0, 4MB 0, 1GB 4
[    7.162845] Spectre V1 : Mitigation: usercopy/swapgs barriers and __user pointer sanitization
[    7.162852] Spectre V2 : Mitigation: Enhanced IBRS
[    7.162856] Spectre V2 : Spectre v2 / SpectreRSB mitigation: Filling RSB on context switch
[    7.162864] Spectre V2 : mitigation: Enabling conditional Indirect Branch Prediction Barrier
[    7.162871] Speculative Store Bypass: Mitigation: Speculative Store Bypass disabled via prctl and seccomp
[    7.162878] TAA: Mitigation: TSX disabled
[    7.163378] Freeing SMP alternatives memory: 60K
[    7.174517] TSC deadline timer enabled
[    7.174523] smpboot: CPU0: Intel(R) Xeon(R) Silver 4210 CPU @ 2.20GHz (family: 0x6, model: 0x55, stepping: 0x7)
[    7.175030] Performance Events: PEBS fmt3+, Skylake events, 32-deep LBR, full-width counters, Intel PMU driver.
[    7.175047] ... version:                4
[    7.175051] ... bit width:              48
[    7.175055] ... generic registers:      4
[    7.175059] ... value mask:             0000ffffffffffff
[    7.175063] ... max period:             00007fffffffffff
[    7.175067] ... fixed-purpose events:   3
[    7.175071] ... event mask:             000000070000000f
[    7.175219] rcu: Hierarchical SRCU implementation.
[    7.178975] NMI watchdog: Enabled. Permanently consumes one hw-PMU counter.
[    7.180122] smp: Bringing up secondary CPUs ...
[    7.180672] x86: Booting SMP configuration:
[    7.180677] .... node  #0, CPUs:        #1  #2  #3  #4  #5  #6  #7  #8  #9 #10 #11 #12 #13 #14 #15 #16 #17 #18 #19
[    7.266114] smp: Brought up 1 node, 20 CPUs
[    7.266114] smpboot: Max logical packages: 1
[    7.266114] smpboot: Total of 20 processors activated (88000.00 BogoMIPS)
[    7.281409] devtmpfs: initialized
[    7.282280] x86/mm: Memory block size: 1024MB
[    7.303634] PM: Registering ACPI NVS region [mem 0x5eb8d000-0x5efbafff] (4382720 bytes)
[    7.309456] PM: Registering ACPI NVS region [mem 0x6c5ee000-0x6d68ffff] (17440768 bytes)
[    7.332354] clocksource: jiffies: mask: 0xffffffff max_cycles: 0xffffffff, max_idle_ns: 7645041785100000 ns
[    7.332374] futex hash table entries: 8192 (order: 7, 524288 bytes, linear)
[    7.332947] xor: automatically using best checksumming function   avx       
[    7.332978] pinctrl core: initialized pinctrl subsystem
[    7.334254] PM: RTC time: 01:16:40, date: 2020-01-31
[    7.334261] thermal_sys: Registered thermal governor 'fair_share'
[    7.334262] thermal_sys: Registered thermal governor 'bang_bang'
[    7.334267] thermal_sys: Registered thermal governor 'step_wise'
[    7.334272] thermal_sys: Registered thermal governor 'user_space'
[    7.335045] NET: Registered protocol family 16
[    7.336375] audit: initializing netlink subsys (disabled)
[    7.336441] audit: type=2000 audit(1580433400.212:1): state=initialized audit_enabled=0 res=1
[    7.338020] cpuidle: using governor ladder
[    7.338026] cpuidle: using governor menu
[    7.338026] Detected 1 PCC Subspaces
[    7.338232] Registering PCC driver as Mailbox controller
[    7.338409] ACPI FADT declares the system doesn't support PCIe ASPM, so disable it
[    7.338409] ACPI: bus type PCI registered
[    7.338409] acpiphp: ACPI Hot Plug PCI Controller Driver version: 0.5
[    7.338691] dca service started, version 1.12.1
[    7.338769] PCI: MMCONFIG for domain 0000 [bus 00-ff] at [mem 0x80000000-0x8fffffff] (base 0x80000000)
[    7.338779] PCI: MMCONFIG at [mem 0x80000000-0x8fffffff] reserved in E820
[    7.338852] PCI: Using configuration type 1 for base access
[    7.347014] ENERGY_PERF_BIAS: Set to 'normal', was 'performance'
[    7.393177] HugeTLB registered 1.00 GiB page size, pre-allocated 0 pages
[    7.393177] HugeTLB registered 2.00 MiB page size, pre-allocated 0 pages
[    7.398164] cryptd: max_cpu_qlen set to 1000
[    7.473968] raid6: avx512x4 gen() 27749 MB/s
[    7.541968] raid6: avx512x4 xor() 16036 MB/s
[    7.609966] raid6: avx512x2 gen() 26384 MB/s
[    7.677968] raid6: avx512x2 xor() 14725 MB/s
[    7.745968] raid6: avx512x1 gen() 16339 MB/s
[    7.813967] raid6: avx512x1 xor() 10342 MB/s
[    7.881967] raid6: avx2x4   gen() 17776 MB/s
[    7.949967] raid6: avx2x4   xor() 11365 MB/s
[    8.017969] raid6: avx2x2   gen() 12019 MB/s
[    8.085969] raid6: avx2x2   xor()  8472 MB/s
[    8.153970] raid6: avx2x1   gen()  8972 MB/s
[    8.221969] raid6: avx2x1   xor()  5011 MB/s
[    8.289973] raid6: sse2x4   gen()  7642 MB/s
[    8.357967] raid6: sse2x4   xor()  4920 MB/s
[    8.425967] raid6: sse2x2   gen()  6326 MB/s
[    8.493972] raid6: sse2x2   xor()  3873 MB/s
[    8.561966] raid6: sse2x1   gen()  3706 MB/s
[    8.629971] raid6: sse2x1   xor()  2985 MB/s
[    8.629976] raid6: using algorithm avx512x4 gen() 27749 MB/s
[    8.629981] raid6: .... xor() 16036 MB/s, rmw enabled
[    8.629985] raid6: using avx512x2 recovery algorithm
[    8.631246] ACPI: Added _OSI(Module Device)
[    8.631254] ACPI: Added _OSI(Processor Device)
[    8.631258] ACPI: Added _OSI(3.0 _SCP Extensions)
[    8.631263] ACPI: Added _OSI(Processor Aggregator Device)
[    8.631283] ACPI: Added _OSI(Linux-Dell-Video)
[    8.631302] ACPI: Added _OSI(Linux-Lenovo-NV-HDMI-Audio)
[    8.631320] ACPI: Added _OSI(Linux-HPI-Hybrid-Graphics)
[   12.554784] ACPI: 5 ACPI AML tables successfully acquired and loaded
[   12.693747] ACPI: [Firmware Bug]: BIOS _OSI(Linux) query ignored
[   12.864397] ACPI: Dynamic OEM Table Load:
[   14.761086] ACPI: Dynamic OEM Table Load:
[   17.531284] ACPI: Dynamic OEM Table Load:
[   26.825403] ACPI: Interpreter enabled
[   26.825597] ACPI: (supports S0 S4 S5)
[   26.825603] ACPI: Using IOAPIC for interrupt routing
[   26.826745] HEST: Table parsing has been initialized.
[   26.826754] PCI: Using host bridge windows from ACPI; if necessary, use "pci=nocrs" and report a bug
[   27.429579] ACPI: Enabled 6 GPEs in block 00 to 7F
[   29.712805] ACPI: PCI Root Bridge [PC00] (domain 0000 [bus 00-15])
[   29.712856] acpi PNP0A08:00: _OSC: OS supports [ExtendedConfig ASPM ClockPM Segments MSI HPX-Type3]
[   29.719845] acpi PNP0A08:00: _OSC: platform does not support [AER LTR]
[   29.726680] acpi PNP0A08:00: _OSC: OS now controls [PCIeHotplug PME PCIeCapability]
[   29.726688] acpi PNP0A08:00: FADT indicates ASPM is unsupported, using BIOS configuration
[   29.754317] PCI host bridge to bus 0000:00
[   29.754337] pci_bus 0000:00: root bus resource [io  0x0000-0x03af window]
[   29.754355] pci_bus 0000:00: root bus resource [io  0x03e0-0x0cf7 window]
[   29.754371] pci_bus 0000:00: root bus resource [io  0x03b0-0x03bb window]
[   29.754388] pci_bus 0000:00: root bus resource [io  0x03c0-0x03df window]
[   29.754405] pci_bus 0000:00: root bus resource [io  0x1000-0x3fff window]
[   29.754421] pci_bus 0000:00: root bus resource [mem 0x000a0000-0x000bffff window]
[   29.754439] pci_bus 0000:00: root bus resource [mem 0x000c4000-0x000c7fff window]
[   29.754456] pci_bus 0000:00: root bus resource [mem 0xfe010000-0xfe010fff window]
[   29.754473] pci_bus 0000:00: root bus resource [mem 0x90000000-0xaaffffff window]
[   29.754490] pci_bus 0000:00: root bus resource [mem 0x380000000000-0x383fffffffff window]
[   29.754509] pci_bus 0000:00: root bus resource [bus 00-15]
[   29.754674] pci 0000:00:00.0: [8086:2020] type 00 class 0x060000
[   29.760164] pci 0000:00:04.0: [8086:2021] type 00 class 0x088000
[   29.760185] pci 0000:00:04.0: reg 0x10: [mem 0x383ffff1c000-0x383ffff1ffff 64bit]
[   29.765593] pci 0000:00:04.1: [8086:2021] type 00 class 0x088000
[   29.765613] pci 0000:00:04.1: reg 0x10: [mem 0x383ffff18000-0x383ffff1bfff 64bit]
[   29.771060] pci 0000:00:04.2: [8086:2021] type 00 class 0x088000
[   29.771080] pci 0000:00:04.2: reg 0x10: [mem 0x383ffff14000-0x383ffff17fff 64bit]
[   29.776514] pci 0000:00:04.3: [8086:2021] type 00 class 0x088000
[   29.776534] pci 0000:00:04.3: reg 0x10: [mem 0x383ffff10000-0x383ffff13fff 64bit]
[   29.781949] pci 0000:00:04.4: [8086:2021] type 00 class 0x088000
[   29.781970] pci 0000:00:04.4: reg 0x10: [mem 0x383ffff0c000-0x383ffff0ffff 64bit]
[   29.787405] pci 0000:00:04.5: [8086:2021] type 00 class 0x088000
[   29.787425] pci 0000:00:04.5: reg 0x10: [mem 0x383ffff08000-0x383ffff0bfff 64bit]
[   29.792839] pci 0000:00:04.6: [8086:2021] type 00 class 0x088000
[   29.792859] pci 0000:00:04.6: reg 0x10: [mem 0x383ffff04000-0x383ffff07fff 64bit]
[   29.798281] pci 0000:00:04.7: [8086:2021] type 00 class 0x088000
[   29.798301] pci 0000:00:04.7: reg 0x10: [mem 0x383ffff00000-0x383ffff03fff 64bit]
[   29.803712] pci 0000:00:05.0: [8086:2024] type 00 class 0x088000
[   29.808583] pci 0000:00:05.2: [8086:2025] type 00 class 0x088000
[   29.813489] pci 0000:00:05.4: [8086:2026] type 00 class 0x080020
[   29.813507] pci 0000:00:05.4: reg 0x10: [mem 0xaa21a000-0xaa21afff]
[   29.818423] pci 0000:00:08.0: [8086:2014] type 00 class 0x088000
[   29.823803] pci 0000:00:08.1: [8086:2015] type 00 class 0x110100
[   29.828632] pci 0000:00:08.2: [8086:2016] type 00 class 0x088000
[   29.833535] pci 0000:00:11.0: [8086:a1ec] type 00 class 0xff0000
[   29.838952] pci 0000:00:11.1: [8086:a1ed] type 00 class 0xff0000
[   29.844385] pci 0000:00:11.5: [8086:a1d2] type 00 class 0x010601
[   29.844412] pci 0000:00:11.5: reg 0x10: [mem 0xaa216000-0xaa217fff]
[   29.844426] pci 0000:00:11.5: reg 0x14: [mem 0xaa219000-0xaa2190ff]
[   29.844438] pci 0000:00:11.5: reg 0x18: [io  0x0800-0x0807]
[   29.844451] pci 0000:00:11.5: reg 0x1c: [io  0x0810-0x0813]
[   29.844463] pci 0000:00:11.5: reg 0x20: [io  0x0820-0x083f]
[   29.844476] pci 0000:00:11.5: reg 0x24: [mem 0xaa180000-0xaa1fffff]
[   29.844605] pci 0000:00:11.5: PME# supported from D3hot
[   29.851276] pci 0000:00:14.0: [8086:a1af] type 00 class 0x0c0330
[   29.851308] pci 0000:00:14.0: reg 0x10: [mem 0xaa200000-0xaa20ffff 64bit]
[   29.851462] pci 0000:00:14.0: PME# supported from D3hot D3cold
[   29.858207] pci 0000:00:14.2: [8086:a1b1] type 00 class 0x118000
[   29.858238] pci 0000:00:14.2: reg 0x10: [mem 0x383ffff23000-0x383ffff23fff 64bit]
[   29.863651] pci 0000:00:16.0: [8086:a1ba] type 00 class 0x078000
[   29.863689] pci 0000:00:16.0: reg 0x10: [mem 0x383ffff22000-0x383ffff22fff 64bit]
[   29.863862] pci 0000:00:16.0: PME# supported from D3hot
[   29.869195] pci 0000:00:16.1: [8086:a1bb] type 00 class 0x078000
[   29.869232] pci 0000:00:16.1: reg 0x10: [mem 0x383ffff21000-0x383ffff21fff 64bit]
[   29.869406] pci 0000:00:16.1: PME# supported from D3hot
[   29.874756] pci 0000:00:16.4: [8086:a1be] type 00 class 0x078000
[   29.874793] pci 0000:00:16.4: reg 0x10: [mem 0x383ffff20000-0x383ffff20fff 64bit]
[   29.874967] pci 0000:00:16.4: PME# supported from D3hot
[   29.880330] pci 0000:00:17.0: [8086:a182] type 00 class 0x010601
[   29.880357] pci 0000:00:17.0: reg 0x10: [mem 0xaa214000-0xaa215fff]
[   29.880370] pci 0000:00:17.0: reg 0x14: [mem 0xaa218000-0xaa2180ff]
[   29.880383] pci 0000:00:17.0: reg 0x18: [io  0x0840-0x0847]
[   29.880395] pci 0000:00:17.0: reg 0x1c: [io  0x0850-0x0853]
[   29.880408] pci 0000:00:17.0: reg 0x20: [io  0x0860-0x087f]
[   29.880420] pci 0000:00:17.0: reg 0x24: [mem 0xaa100000-0xaa17ffff]
[   29.880550] pci 0000:00:17.0: PME# supported from D3hot
[   29.887145] pci 0000:00:1c.0: [8086:a190] type 01 class 0x060400
[   29.887330] pci 0000:00:1c.0: PME# supported from D0 D3hot D3cold
[   29.896315] pci 0000:00:1c.5: [8086:a195] type 01 class 0x060400
[   29.896494] pci 0000:00:1c.5: PME# supported from D0 D3hot D3cold
[   29.905515] pci 0000:00:1f.0: [8086:a1c1] type 00 class 0x060100
[   29.911993] pci 0000:00:1f.2: [8086:a1a1] type 00 class 0x058000
[   29.912017] pci 0000:00:1f.2: reg 0x10: [mem 0xaa210000-0xaa213fff]
[   29.918472] pci 0000:00:1f.4: [8086:a1a3] type 00 class 0x0c0500
[   29.918503] pci 0000:00:1f.4: reg 0x10: [mem 0x00000000-0x000000ff 64bit]
[   29.918532] pci 0000:00:1f.4: reg 0x20: [io  0x0780-0x079f]
[   29.923980] pci 0000:00:1f.5: [8086:a1a4] type 00 class 0x0c8000
[   29.924006] pci 0000:00:1f.5: reg 0x10: [mem 0xfe010000-0xfe010fff]
[   29.930307] pci 0000:00:1c.0: PCI bridge to [bus 01]
[   29.931242] pci 0000:02:00.0: [1a03:1150] type 01 class 0x060400
[   29.931311] pci 0000:02:00.0: enabling Extended Tags
[   29.931569] pci 0000:02:00.0: supports D1 D2
[   29.931575] pci 0000:02:00.0: PME# supported from D0 D1 D2 D3hot D3cold
[   29.933024] pci 0000:00:1c.5: PCI bridge to [bus 02-03]
[   29.933033] pci 0000:00:1c.5:   bridge window [io  0x3000-0x3fff]
[   29.933042] pci 0000:00:1c.5:   bridge window [mem 0xa9000000-0xaa0fffff]
[   29.933106] pci_bus 0000:03: extended config space not accessible
[   29.933790] pci 0000:03:00.0: [1a03:2000] type 00 class 0x030000
[   29.933820] pci 0000:03:00.0: reg 0x10: [mem 0xa9000000-0xa9ffffff]
[   29.933837] pci 0000:03:00.0: reg 0x14: [mem 0xaa000000-0xaa01ffff]
[   29.933855] pci 0000:03:00.0: reg 0x18: [io  0x3000-0x307f]
[   29.934173] pci 0000:03:00.0: BAR 0: assigned to efifb
[   29.934220] pci 0000:03:00.0: supports D1 D2
[   29.934226] pci 0000:03:00.0: PME# supported from D0 D1 D2 D3hot D3cold
[   29.935452] pci 0000:02:00.0: PCI bridge to [bus 03]
[   29.935464] pci 0000:02:00.0:   bridge window [io  0x3000-0x3fff]
[   29.935473] pci 0000:02:00.0:   bridge window [mem 0xa9000000-0xaa0fffff]
[   29.935503] pci_bus 0000:00: on NUMA node 0
[   29.961196] ACPI: PCI Root Bridge [PC01] (domain 0000 [bus 16-63])
[   29.961242] acpi PNP0A08:01: _OSC: OS supports [ExtendedConfig ASPM ClockPM Segments MSI HPX-Type3]
[   29.977593] acpi PNP0A08:01: _OSC: platform does not support [AER LTR]
[   29.990542] acpi PNP0A08:01: _OSC: OS now controls [PCIeHotplug PME PCIeCapability]
[   29.990550] acpi PNP0A08:01: FADT indicates ASPM is unsupported, using BIOS configuration
[   30.001543] PCI host bridge to bus 0000:16
[   30.001563] pci_bus 0000:16: root bus resource [io  0x4000-0x7fff window]
[   30.001580] pci_bus 0000:16: root bus resource [mem 0xab000000-0xc5ffffff window]
[   30.001598] pci_bus 0000:16: root bus resource [mem 0x384000000000-0x387fffffffff window]
[   30.001606] pci_bus 0000:16: root bus resource [bus 16-63]
[   30.001766] pci 0000:16:05.0: [8086:2034] type 00 class 0x088000
[   30.003604] pci 0000:16:05.2: [8086:2035] type 00 class 0x088000
[   30.005425] pci 0000:16:05.4: [8086:2036] type 00 class 0x080020
[   30.005443] pci 0000:16:05.4: reg 0x10: [mem 0xc5f00000-0xc5f00fff]
[   30.007270] pci 0000:16:08.0: [8086:208d] type 00 class 0x088000
[   30.009546] pci 0000:16:08.1: [8086:208d] type 00 class 0x088000
[   30.011305] pci 0000:16:08.2: [8086:208d] type 00 class 0x088000
[   30.013051] pci 0000:16:08.3: [8086:208d] type 00 class 0x088000
[   30.014812] pci 0000:16:08.4: [8086:208d] type 00 class 0x088000
[   30.016558] pci 0000:16:08.5: [8086:208d] type 00 class 0x088000
[   30.018326] pci 0000:16:08.6: [8086:208d] type 00 class 0x088000
[   30.020070] pci 0000:16:08.7: [8086:208d] type 00 class 0x088000
[   30.021820] pci 0000:16:09.0: [8086:208d] type 00 class 0x088000
[   30.024091] pci 0000:16:09.1: [8086:208d] type 00 class 0x088000
[   30.025841] pci 0000:16:0e.0: [8086:208e] type 00 class 0x088000
[   30.028112] pci 0000:16:0e.1: [8086:208e] type 00 class 0x088000
[   30.029869] pci 0000:16:0e.2: [8086:208e] type 00 class 0x088000
[   30.031623] pci 0000:16:0e.3: [8086:208e] type 00 class 0x088000
[   30.033376] pci 0000:16:0e.4: [8086:208e] type 00 class 0x088000
[   30.035135] pci 0000:16:0e.5: [8086:208e] type 00 class 0x088000
[   30.036878] pci 0000:16:0e.6: [8086:208e] type 00 class 0x088000
[   30.038640] pci 0000:16:0e.7: [8086:208e] type 00 class 0x088000
[   30.040385] pci 0000:16:0f.0: [8086:208e] type 00 class 0x088000
[   30.042654] pci 0000:16:0f.1: [8086:208e] type 00 class 0x088000
[   30.044424] pci 0000:16:1d.0: [8086:2054] type 00 class 0x088000
[   30.046693] pci 0000:16:1d.1: [8086:2055] type 00 class 0x088000
[   30.048437] pci 0000:16:1d.2: [8086:2056] type 00 class 0x088000
[   30.050193] pci 0000:16:1d.3: [8086:2057] type 00 class 0x088000
[   30.051940] pci 0000:16:1e.0: [8086:2080] type 00 class 0x088000
[   30.054219] pci 0000:16:1e.1: [8086:2081] type 00 class 0x088000
[   30.055973] pci 0000:16:1e.2: [8086:2082] type 00 class 0x088000
[   30.057716] pci 0000:16:1e.3: [8086:2083] type 00 class 0x088000
[   30.059484] pci 0000:16:1e.4: [8086:2084] type 00 class 0x088000
[   30.061236] pci 0000:16:1e.5: [8086:2085] type 00 class 0x088000
[   30.062988] pci 0000:16:1e.6: [8086:2086] type 00 class 0x088000
[   30.064721] pci_bus 0000:16: on NUMA node 0
[   30.067894] ACPI: PCI Root Bridge [PC02] (domain 0000 [bus 64-b1])
[   30.067937] acpi PNP0A08:02: _OSC: OS supports [ExtendedConfig ASPM ClockPM Segments MSI HPX-Type3]
[   30.084009] acpi PNP0A08:02: _OSC: platform does not support [AER LTR]
[   30.096478] acpi PNP0A08:02: _OSC: OS now controls [PCIeHotplug PME PCIeCapability]
[   30.096487] acpi PNP0A08:02: FADT indicates ASPM is unsupported, using BIOS configuration
[   30.105049] PCI host bridge to bus 0000:64
[   30.105069] pci_bus 0000:64: root bus resource [io  0x8000-0xbfff window]
[   30.105086] pci_bus 0000:64: root bus resource [mem 0xc6000000-0xe0ffffff window]
[   30.105104] pci_bus 0000:64: root bus resource [mem 0x388000000000-0x38bfffffffff window]
[   30.105112] pci_bus 0000:64: root bus resource [bus 64-b1]
[   30.105273] pci 0000:64:05.0: [8086:2034] type 00 class 0x088000
[   30.106636] pci 0000:64:05.2: [8086:2035] type 00 class 0x088000
[   30.107997] pci 0000:64:05.4: [8086:2036] type 00 class 0x080020
[   30.108015] pci 0000:64:05.4: reg 0x10: [mem 0xe0f00000-0xe0f00fff]
[   30.109376] pci 0000:64:08.0: [8086:2066] type 00 class 0x088000
[   30.111251] pci 0000:64:09.0: [8086:2066] type 00 class 0x088000
[   30.113107] pci 0000:64:0a.0: [8086:2040] type 00 class 0x088000
[   30.114981] pci 0000:64:0a.1: [8086:2041] type 00 class 0x088000
[   30.116338] pci 0000:64:0a.2: [8086:2042] type 00 class 0x088000
[   30.117690] pci 0000:64:0a.3: [8086:2043] type 00 class 0x088000
[   30.119041] pci 0000:64:0a.4: [8086:2044] type 00 class 0x088000
[   30.120395] pci 0000:64:0a.5: [8086:2045] type 00 class 0x088000
[   30.121745] pci 0000:64:0a.6: [8086:2046] type 00 class 0x088000
[   30.123094] pci 0000:64:0a.7: [8086:2047] type 00 class 0x088000
[   30.124440] pci 0000:64:0b.0: [8086:2048] type 00 class 0x088000
[   30.126301] pci 0000:64:0b.1: [8086:2049] type 00 class 0x088000
[   30.127644] pci 0000:64:0b.2: [8086:204a] type 00 class 0x088000
[   30.128995] pci 0000:64:0b.3: [8086:204b] type 00 class 0x088000
[   30.130357] pci 0000:64:0c.0: [8086:2040] type 00 class 0x088000
[   30.132215] pci 0000:64:0c.1: [8086:2041] type 00 class 0x088000
[   30.133561] pci 0000:64:0c.2: [8086:2042] type 00 class 0x088000
[   30.134915] pci 0000:64:0c.3: [8086:2043] type 00 class 0x088000
[   30.136269] pci 0000:64:0c.4: [8086:2044] type 00 class 0x088000
[   30.137611] pci 0000:64:0c.5: [8086:2045] type 00 class 0x088000
[   30.138966] pci 0000:64:0c.6: [8086:2046] type 00 class 0x088000
[   30.140316] pci 0000:64:0c.7: [8086:2047] type 00 class 0x088000
[   30.141657] pci 0000:64:0d.0: [8086:2048] type 00 class 0x088000
[   30.143525] pci 0000:64:0d.1: [8086:2049] type 00 class 0x088000
[   30.144877] pci 0000:64:0d.2: [8086:204a] type 00 class 0x088000
[   30.146225] pci 0000:64:0d.3: [8086:204b] type 00 class 0x088000
[   30.147573] pci_bus 0000:64: on NUMA node 0
[   30.150315] ACPI: PCI Root Bridge [PC03] (domain 0000 [bus b2-ff])
[   30.150359] acpi PNP0A08:03: _OSC: OS supports [ExtendedConfig ASPM ClockPM Segments MSI HPX-Type3]
[   30.166478] acpi PNP0A08:03: _OSC: platform does not support [AER LTR]
[   30.178940] acpi PNP0A08:03: _OSC: OS now controls [PCIeHotplug PME PCIeCapability]
[   30.178949] acpi PNP0A08:03: FADT indicates ASPM is unsupported, using BIOS configuration
[   30.187950] PCI host bridge to bus 0000:b2
[   30.187969] pci_bus 0000:b2: root bus resource [io  0xc000-0xffff window]
[   30.187986] pci_bus 0000:b2: root bus resource [mem 0xe1000000-0xfbffffff window]
[   30.188004] pci_bus 0000:b2: root bus resource [mem 0x38c000000000-0x38ffffffffff window]
[   30.188012] pci_bus 0000:b2: root bus resource [bus b2-ff]
[   30.188170] pci 0000:b2:00.0: [8086:2030] type 01 class 0x060400
[   30.188209] pci 0000:b2:00.0: enabling Extended Tags
[   30.188344] pci 0000:b2:00.0: PME# supported from D0 D3hot D3cold
[   30.190518] pci 0000:b2:02.0: [8086:2032] type 01 class 0x060400
[   30.190557] pci 0000:b2:02.0: enabling Extended Tags
[   30.190690] pci 0000:b2:02.0: PME# supported from D0 D3hot D3cold
[   30.194530] pci 0000:b2:05.0: [8086:2034] type 00 class 0x088000
[   30.195829] pci 0000:b2:05.2: [8086:2035] type 00 class 0x088000
[   30.197121] pci 0000:b2:05.4: [8086:2036] type 00 class 0x080020
[   30.197139] pci 0000:b2:05.4: reg 0x10: [mem 0xfbf00000-0xfbf00fff]
[   30.198449] pci 0000:b2:0e.0: [8086:2058] type 00 class 0x110100
[   30.200251] pci 0000:b2:0e.1: [8086:2059] type 00 class 0x088000
[   30.201527] pci 0000:b2:0f.0: [8086:2058] type 00 class 0x110100
[   30.203337] pci 0000:b2:0f.1: [8086:2059] type 00 class 0x088000
[   30.204626] pci 0000:b2:12.0: [8086:204c] type 00 class 0x110100
[   30.206421] pci 0000:b2:12.1: [8086:204d] type 00 class 0x110100
[   30.207643] pci 0000:b2:12.2: [8086:204e] type 00 class 0x088000
[   30.208872] pci 0000:b2:15.0: [8086:2018] type 00 class 0x088000
[   30.210610] pci 0000:b2:15.1: [8086:2088] type 00 class 0x110100
[   30.211834] pci 0000:b2:16.0: [8086:2018] type 00 class 0x088000
[   30.213576] pci 0000:b2:16.1: [8086:2088] type 00 class 0x110100
[   30.214818] pci 0000:b2:16.4: [8086:2018] type 00 class 0x088000
[   30.216040] pci 0000:b2:16.5: [8086:2088] type 00 class 0x110100
[   30.217917] pci 0000:b3:00.0: [8086:37c0] type 01 class 0x060400
[   30.217944] pci 0000:b3:00.0: reg 0x10: [mem 0xfbb00000-0xfbb1ffff 64bit]
[   30.217957] pci 0000:b3:00.0: reg 0x38: [mem 0xfb800000-0xfb8fffff pref]
[   30.218194] pci 0000:b3:00.0: PME# supported from D0 D3hot D3cold
[   30.219783] pci 0000:b2:00.0: PCI bridge to [bus b3-b5]
[   30.219793] pci 0000:b2:00.0:   bridge window [mem 0xfb800000-0xfbbfffff]
[   30.219802] pci 0000:b2:00.0:   bridge window [mem 0xf8000000-0xfb0fffff 64bit pref]
[   30.221640] pci 0000:b4:03.0: [8086:37c5] type 01 class 0x060400
[   30.222003] pci 0000:b4:03.0: PME# supported from D0 D3hot D3cold
[   30.223861] pci 0000:b3:00.0: PCI bridge to [bus b4-b5]
[   30.223871] pci 0000:b3:00.0:   bridge window [mem 0xfb900000-0xfbafffff]
[   30.223882] pci 0000:b3:00.0:   bridge window [mem 0xf8000000-0xfb0fffff 64bit pref]
[   30.225484] pci 0000:b5:00.0: [8086:37cc] type 00 class 0x020000
[   30.225519] pci 0000:b5:00.0: reg 0x10: [mem 0xfa000000-0xfaffffff 64bit pref]
[   30.225545] pci 0000:b5:00.0: reg 0x1c: [mem 0xfb010000-0xfb017fff 64bit pref]
[   30.225567] pci 0000:b5:00.0: reg 0x30: [mem 0xfba00000-0xfba7ffff pref]
[   30.225579] pci 0000:b5:00.0: enabling Extended Tags
[   30.226023] pci 0000:b5:00.0: PME# supported from D0 D3hot D3cold
[   30.227662] pci 0000:b5:00.2: [8086:37d1] type 00 class 0x020000
[   30.227697] pci 0000:b5:00.2: reg 0x10: [mem 0xf9000000-0xf9ffffff 64bit pref]
[   30.227723] pci 0000:b5:00.2: reg 0x1c: [mem 0xfb008000-0xfb00ffff 64bit pref]
[   30.227744] pci 0000:b5:00.2: reg 0x30: [mem 0xfb980000-0xfb9fffff pref]
[   30.227757] pci 0000:b5:00.2: enabling Extended Tags
[   30.228200] pci 0000:b5:00.2: PME# supported from D0 D3hot D3cold
[   30.229813] pci 0000:b5:00.3: [8086:37d1] type 00 class 0x020000
[   30.229848] pci 0000:b5:00.3: reg 0x10: [mem 0xf8000000-0xf8ffffff 64bit pref]
[   30.229874] pci 0000:b5:00.3: reg 0x1c: [mem 0xfb000000-0xfb007fff 64bit pref]
[   30.229895] pci 0000:b5:00.3: reg 0x30: [mem 0xfb900000-0xfb97ffff pref]
[   30.229907] pci 0000:b5:00.3: enabling Extended Tags
[   30.230352] pci 0000:b5:00.3: PME# supported from D0 D3hot D3cold
[   30.231971] pci 0000:b4:03.0: PCI bridge to [bus b5]
[   30.231982] pci 0000:b4:03.0:   bridge window [mem 0xfb900000-0xfbafffff]
[   30.231993] pci 0000:b4:03.0:   bridge window [mem 0xf8000000-0xfb0fffff 64bit pref]
[   30.232670] pci 0000:b6:00.0: [10b5:8718] type 01 class 0x060400
[   30.232696] pci 0000:b6:00.0: reg 0x10: [mem 0xfbe00000-0xfbe3ffff]
[   30.232974] pci 0000:b6:00.0: PME# supported from D0 D3hot D3cold
[   30.246009] pci 0000:b2:02.0: PCI bridge to [bus b6-b9]
[   30.246030] pci 0000:b2:02.0:   bridge window [mem 0xfbc00000-0xfbefffff]
[   30.246050] pci 0000:b2:02.0:   bridge window [mem 0x38ffe0000000-0x38ffffffffff 64bit pref]
[   30.246472] pci 0000:b7:01.0: [10b5:8718] type 01 class 0x060400
[   30.246769] pci 0000:b7:01.0: PME# supported from D0 D3hot D3cold
[   30.247435] pci 0000:b7:02.0: [10b5:8718] type 01 class 0x060400
[   30.247729] pci 0000:b7:02.0: PME# supported from D0 D3hot D3cold
[   30.248384] pci 0000:b6:00.0: PCI bridge to [bus b7-b9]
[   30.248395] pci 0000:b6:00.0:   bridge window [mem 0xfbc00000-0xfbdfffff]
[   30.248406] pci 0000:b6:00.0:   bridge window [mem 0x38ffe0000000-0x38ffffffffff 64bit pref]
[   30.248736] pci 0000:b8:00.0: [1de5:2000] type 00 class 0x010802
[   30.248775] pci 0000:b8:00.0: reg 0x10: [mem 0xfbd10000-0xfbd1ffff 64bit]
[   30.248795] pci 0000:b8:00.0: reg 0x18: [mem 0xfbd00000-0xfbd0ffff 64bit]
[   30.248815] pci 0000:b8:00.0: reg 0x20: [mem 0x38ffe0000000-0x38ffffffffff 64bit pref]
[   30.248837] pci 0000:b8:00.0: enabling Extended Tags
[   30.249164] pci 0000:b8:00.0: 31.504 Gb/s available PCIe bandwidth, limited by 8 GT/s x4 link at 0000:b7:01.0 (capable of 63.012 Gb/s with 16 GT/s x4 link)
[   30.249699] pci 0000:b7:01.0: PCI bridge to [bus b8]
[   30.249710] pci 0000:b7:01.0:   bridge window [mem 0xfbd00000-0xfbdfffff]
[   30.249720] pci 0000:b7:01.0:   bridge window [mem 0x38ffe0000000-0x38ffffffffff 64bit pref]
[   30.250108] pci 0000:b9:00.0: [1c58:0023] type 00 class 0x010802
[   30.250287] pci 0000:b9:00.0: reg 0x10: [mem 0xfbc30000-0xfbc33fff 64bit]
[   30.250533] pci 0000:b9:00.0: reg 0x20: [mem 0xfbc20000-0xfbc2ffff 64bit]
[   30.250597] pci 0000:b9:00.0: reg 0x30: [mem 0xfbc00000-0xfbc1ffff pref]
[   30.250633] pci 0000:b9:00.0: enabling Extended Tags
[   30.251603] pci 0000:b9:00.0: 15.752 Gb/s available PCIe bandwidth, limited by 8 GT/s x2 link at 0000:b7:02.0 (capable of 31.504 Gb/s with 8 GT/s x4 link)
[   30.252171] pci 0000:b7:02.0: PCI bridge to [bus b9]
[   30.252182] pci 0000:b7:02.0:   bridge window [mem 0xfbc00000-0xfbcfffff]
[   30.252214] pci_bus 0000:b2: on NUMA node 0
[   30.272994] ACPI: PCI Interrupt Link [LNKA] (IRQs 3 4 5 6 7 10 *11 12 14 15)
[   30.274814] ACPI: PCI Interrupt Link [LNKB] (IRQs 3 4 5 6 7 *10 11 12 14 15)
[   30.276617] ACPI: PCI Interrupt Link [LNKC] (IRQs 3 4 5 6 10 *11 12 14 15)
[   30.278424] ACPI: PCI Interrupt Link [LNKD] (IRQs 3 4 5 6 10 *11 12 14 15)
[   30.280219] ACPI: PCI Interrupt Link [LNKE] (IRQs 3 4 5 6 7 10 *11 12 14 15)
[   30.282020] ACPI: PCI Interrupt Link [LNKF] (IRQs 3 4 5 6 7 10 *11 12 14 15)
[   30.283818] ACPI: PCI Interrupt Link [LNKG] (IRQs 3 4 5 6 7 10 *11 12 14 15)
[   30.285614] ACPI: PCI Interrupt Link [LNKH] (IRQs 3 4 5 6 7 10 *11 12 14 15)
[   30.294038] iommu: Default domain type: Translated 
[   30.294134] pci 0000:03:00.0: vgaarb: setting as boot VGA device
[   30.294134] pci 0000:03:00.0: vgaarb: VGA device added: decodes=io+mem,owns=io+mem,locks=none
[   30.294134] pci 0000:03:00.0: vgaarb: bridge control possible
[   30.294134] vgaarb: loaded
[   30.296794] SCSI subsystem initialized
[   30.298099] libata version 3.00 loaded.
[   30.298376] ACPI: bus type USB registered
[   30.298587] usbcore: registered new interface driver usbfs
[   30.298699] usbcore: registered new interface driver hub
[   30.298844] usbcore: registered new device driver usb
[   30.298844] pps_core: LinuxPPS API ver. 1 registered
[   30.298844] pps_core: Software ver. 5.3.6 - Copyright 2005-2007 Rodolfo Giometti <giometti@linux.it>
[   30.298844] PTP clock support registered
[   30.298844] EDAC MC: Ver: 3.0.0
[   30.298844] Registered efivars operations
[   30.302202] PCI: Using ACPI for IRQ routing
[   30.304296] PCI: pci_cache_line_size set to 64 bytes
[   30.304489] e820: reserve RAM buffer [mem 0x5eb8d000-0x5fffffff]
[   30.304506] e820: reserve RAM buffer [mem 0x6a0c1000-0x6bffffff]
[   30.304518] e820: reserve RAM buffer [mem 0x6c5ee000-0x6fffffff]
[   30.305968] NetLabel: Initializing
[   30.305973] NetLabel:  domain hash size = 128
[   30.305978] NetLabel:  protocols = UNLABELED CIPSOv4 CALIPSO
[   30.306168] NetLabel:  unlabeled traffic allowed by default
[   30.309453] hpet0: at MMIO 0xfed00000, IRQs 2, 8, 0, 0, 0, 0, 0, 0
[   30.309978] hpet0: 8 comparators, 64-bit 24.000000 MHz counter
[   30.313971] clocksource: Switched to clocksource tsc-early
[   31.105857] VFS: Disk quotas dquot_6.6.0
[   31.105929] VFS: Dquot-cache hash table entries: 512 (order 0, 4096 bytes)
[   31.106406] FS-Cache: Loaded
[   31.107075] pnp: PnP ACPI init
[   31.230057] pnp 00:00: Plug and Play ACPI device, IDs PNP0b00 (active)
[   31.231021] system 00:01: [io  0x0500-0x05fe] has been reserved
[   31.231055] system 00:01: [io  0x0400-0x047f] has been reserved
[   31.231087] system 00:01: [io  0x0600-0x061f] has been reserved
[   31.231119] system 00:01: [io  0x0880-0x0883] has been reserved
[   31.231162] system 00:01: [io  0x0800-0x081f] could not be reserved
[   31.231208] system 00:01: [mem 0xfed1c000-0xfed3ffff] could not be reserved
[   31.231240] system 00:01: [mem 0xfed45000-0xfed8bfff] has been reserved
[   31.231272] system 00:01: [mem 0xff000000-0xffffffff] has been reserved
[   31.231303] system 00:01: [mem 0xfee00000-0xfeefffff] has been reserved
[   31.231334] system 00:01: [mem 0xfed12000-0xfed1200f] has been reserved
[   31.231365] system 00:01: [mem 0xfed12010-0xfed1201f] has been reserved
[   31.231397] system 00:01: [mem 0xfed1b000-0xfed1bfff] has been reserved
[   31.231444] system 00:01: Plug and Play ACPI device, IDs PNP0c02 (active)
[   31.238689] system 00:02: [io  0x0a00-0x0a0f] has been reserved
[   31.238722] system 00:02: [io  0x0a10-0x0a1f] has been reserved
[   31.238753] system 00:02: [io  0x0a20-0x0a2f] has been reserved
[   31.238784] system 00:02: [io  0x0a30-0x0a3f] has been reserved
[   31.238815] system 00:02: [io  0x0a40-0x0a4f] has been reserved
[   31.238862] system 00:02: Plug and Play ACPI device, IDs PNP0c02 (active)
[   31.245022] pnp 00:03: [dma 0 disabled]
[   31.245505] pnp 00:03: Plug and Play ACPI device, IDs PNP0501 (active)
[   31.251631] pnp 00:04: [dma 0 disabled]
[   31.252101] pnp 00:04: Plug and Play ACPI device, IDs PNP0501 (active)
[   31.255459] system 00:05: [mem 0xfd000000-0xfdabffff] has been reserved
[   31.255493] system 00:05: [mem 0xfdad0000-0xfdadffff] has been reserved
[   31.255526] system 00:05: [mem 0xfdb00000-0xfdffffff] has been reserved
[   31.255558] system 00:05: [mem 0xfe000000-0xfe00ffff] has been reserved
[   31.255589] system 00:05: [mem 0xfe011000-0xfe01ffff] has been reserved
[   31.255620] system 00:05: [mem 0xfe036000-0xfe03bfff] has been reserved
[   31.255651] system 00:05: [mem 0xfe03d000-0xfe3fffff] has been reserved
[   31.255683] system 00:05: [mem 0xfe410000-0xfe7fffff] has been reserved
[   31.255731] system 00:05: Plug and Play ACPI device, IDs PNP0c02 (active)
[   31.259012] system 00:06: [io  0x0f00-0x0ffe] has been reserved
[   31.259058] system 00:06: Plug and Play ACPI device, IDs PNP0c02 (active)
[   31.283175] pnp: PnP ACPI: found 7 devices
[   31.305431] clocksource: acpi_pm: mask: 0xffffff max_cycles: 0xffffff, max_idle_ns: 2085701024 ns
[   31.305753] pci_bus 0000:00: ENABLE2: 0
[   31.305786] pci 0000:00:1f.4: BAR 0: assigned [mem 0x380000000000-0x3800000000ff 64bit]
[   31.305809] pci 0000:00:1c.0: PCI bridge to [bus 01]
[   31.305824] pci 0000:02:00.0: PCI bridge to [bus 03]
[   31.305832] pci 0000:02:00.0:   bridge window [io  0x3000-0x3fff]
[   31.305842] pci 0000:02:00.0:   bridge window [mem 0xa9000000-0xaa0fffff]
[   31.305856] pci 0000:00:1c.5: PCI bridge to [bus 02-03]
[   31.305863] pci 0000:00:1c.5:   bridge window [io  0x3000-0x3fff]
[   31.305872] pci 0000:00:1c.5:   bridge window [mem 0xa9000000-0xaa0fffff]
[   31.305882] XXXXXXXX A
[   31.305887] pci_bus 0000:00: resource 4 [io  0x0000-0x03af window]
[   31.305894] pci_bus 0000:00: resource 5 [io  0x03e0-0x0cf7 window]
[   31.305901] pci_bus 0000:00: resource 6 [io  0x03b0-0x03bb window]
[   31.305907] pci_bus 0000:00: resource 7 [io  0x03c0-0x03df window]
[   31.305913] pci_bus 0000:00: resource 8 [io  0x1000-0x3fff window]
[   31.305920] pci_bus 0000:00: resource 9 [mem 0x000a0000-0x000bffff window]
[   31.305927] pci_bus 0000:00: resource 10 [mem 0x000c4000-0x000c7fff window]
[   31.305934] pci_bus 0000:00: resource 11 [mem 0xfe010000-0xfe010fff window]
[   31.305941] pci_bus 0000:00: resource 12 [mem 0x90000000-0xaaffffff window]
[   31.305948] pci_bus 0000:00: resource 13 [mem 0x380000000000-0x383fffffffff window]
[   31.305956] pci_bus 0000:02: resource 0 [io  0x3000-0x3fff]
[   31.305962] pci_bus 0000:02: resource 1 [mem 0xa9000000-0xaa0fffff]
[   31.305974] pci_bus 0000:03: resource 0 [io  0x3000-0x3fff]
[   31.305981] pci_bus 0000:03: resource 1 [mem 0xa9000000-0xaa0fffff]
[   31.308407] pci_bus 0000:16: ENABLE2: 0
[   31.308417] XXXXXXXX A
[   31.308422] pci_bus 0000:16: resource 4 [io  0x4000-0x7fff window]
[   31.308429] pci_bus 0000:16: resource 5 [mem 0xab000000-0xc5ffffff window]
[   31.308436] pci_bus 0000:16: resource 6 [mem 0x384000000000-0x387fffffffff window]
[   31.308799] pci_bus 0000:64: ENABLE2: 0
[   31.308808] XXXXXXXX A
[   31.308813] pci_bus 0000:64: resource 4 [io  0x8000-0xbfff window]
[   31.308820] pci_bus 0000:64: resource 5 [mem 0xc6000000-0xe0ffffff window]
[   31.308827] pci_bus 0000:64: resource 6 [mem 0x388000000000-0x38bfffffffff window]
[   31.309052] pci_bus 0000:b2: ENABLE2: 0
[   31.309071] pci 0000:b7:01.0: bridge window [io  0x1000-0x0fff] to [bus b8] add_size 1000
[   31.309088] pci 0000:b7:02.0: bridge window [io  0x1000-0x0fff] to [bus b9] add_size 1000
[   31.309106] pci 0000:b7:02.0: bridge window [mem 0x00100000-0x000fffff 64bit pref] to [bus b9] add_size 200000 add_align 100000
[   31.309125] pci 0000:b6:00.0: bridge window [io  0x1000-0x0fff] to [bus b7-b9] add_size 2000
[   31.309141] pci 0000:b2:02.0: bridge window [io  0x1000-0x0fff] to [bus b6-b9] add_size 2000
[   31.309167] pci 0000:b2:02.0: BAR 7: assigned [io  0xc000-0xdfff]
[   31.309187] pci 0000:b4:03.0: PCI bridge to [bus b5]
[   31.309196] pci 0000:b4:03.0:   bridge window [mem 0xfb900000-0xfbafffff]
[   31.309205] pci 0000:b4:03.0:   bridge window [mem 0xf8000000-0xfb0fffff 64bit pref]
[   31.309216] pci 0000:b3:00.0: PCI bridge to [bus b4-b5]
[   31.309225] pci 0000:b3:00.0:   bridge window [mem 0xfb900000-0xfbafffff]
[   31.309233] pci 0000:b3:00.0:   bridge window [mem 0xf8000000-0xfb0fffff 64bit pref]
[   31.309243] pci 0000:b2:00.0: PCI bridge to [bus b3-b5]
[   31.309251] pci 0000:b2:00.0:   bridge window [mem 0xfb800000-0xfbbfffff]
[   31.309259] pci 0000:b2:00.0:   bridge window [mem 0xf8000000-0xfb0fffff 64bit pref]
[   31.309286] pci 0000:b6:00.0: BAR 7: assigned [io  0xc000-0xdfff]
[   31.309357] pci 0000:b7:02.0: BAR 9: no space for [mem size 0x00200000 64bit pref]
[   31.309365] pci 0000:b7:02.0: BAR 9: failed to assign [mem size 0x00200000 64bit pref]
[   31.309382] pci 0000:b7:01.0: BAR 7: assigned [io  0xc000-0xcfff]
[   31.309389] pci 0000:b7:02.0: BAR 7: assigned [io  0xd000-0xdfff]
[   31.309432] pci 0000:b7:02.0: BAR 9: no space for [mem size 0x00200000 64bit pref]
[   31.309440] pci 0000:b7:02.0: BAR 9: failed to assign [mem size 0x00200000 64bit pref]
[   31.309456] pci 0000:b7:01.0: PCI bridge to [bus b8]
[   31.309463] pci 0000:b7:01.0:   bridge window [io  0xc000-0xcfff]
[   31.309472] pci 0000:b7:01.0:   bridge window [mem 0xfbd00000-0xfbdfffff]
[   31.309480] pci 0000:b7:01.0:   bridge window [mem 0x38ffe0000000-0x38ffffffffff 64bit pref]
[   31.309491] pci 0000:b7:02.0: PCI bridge to [bus b9]
[   31.309498] pci 0000:b7:02.0:   bridge window [io  0xd000-0xdfff]
[   31.309506] pci 0000:b7:02.0:   bridge window [mem 0xfbc00000-0xfbcfffff]
[   31.309517] pci 0000:b6:00.0: PCI bridge to [bus b7-b9]
[   31.309524] pci 0000:b6:00.0:   bridge window [io  0xc000-0xdfff]
[   31.309532] pci 0000:b6:00.0:   bridge window [mem 0xfbc00000-0xfbdfffff]
[   31.309541] pci 0000:b6:00.0:   bridge window [mem 0x38ffe0000000-0x38ffffffffff 64bit pref]
[   31.309551] pci 0000:b2:02.0: PCI bridge to [bus b6-b9]
[   31.309558] pci 0000:b2:02.0:   bridge window [io  0xc000-0xdfff]
[   31.309566] pci 0000:b2:02.0:   bridge window [mem 0xfbc00000-0xfbefffff]
[   31.309574] pci 0000:b2:02.0:   bridge window [mem 0x38ffe0000000-0x38ffffffffff 64bit pref]
[   31.309583] XXXXXXXX A
[   31.309588] pci_bus 0000:b2: resource 4 [io  0xc000-0xffff window]
[   31.309595] pci_bus 0000:b2: resource 5 [mem 0xe1000000-0xfbffffff window]
[   31.309602] pci_bus 0000:b2: resource 6 [mem 0x38c000000000-0x38ffffffffff window]
[   31.309610] pci_bus 0000:b3: resource 1 [mem 0xfb800000-0xfbbfffff]
[   31.309616] pci_bus 0000:b3: resource 2 [mem 0xf8000000-0xfb0fffff 64bit pref]
[   31.309623] pci_bus 0000:b4: resource 1 [mem 0xfb900000-0xfbafffff]
[   31.309630] pci_bus 0000:b4: resource 2 [mem 0xf8000000-0xfb0fffff 64bit pref]
[   31.309637] pci_bus 0000:b5: resource 1 [mem 0xfb900000-0xfbafffff]
[   31.309644] pci_bus 0000:b5: resource 2 [mem 0xf8000000-0xfb0fffff 64bit pref]
[   31.309651] pci_bus 0000:b6: resource 0 [io  0xc000-0xdfff]
[   31.309657] pci_bus 0000:b6: resource 1 [mem 0xfbc00000-0xfbefffff]
[   31.309664] pci_bus 0000:b6: resource 2 [mem 0x38ffe0000000-0x38ffffffffff 64bit pref]
[   31.309672] pci_bus 0000:b7: resource 0 [io  0xc000-0xdfff]
[   31.309678] pci_bus 0000:b7: resource 1 [mem 0xfbc00000-0xfbdfffff]
[   31.309684] pci_bus 0000:b7: resource 2 [mem 0x38ffe0000000-0x38ffffffffff 64bit pref]
[   31.309692] pci_bus 0000:b8: resource 0 [io  0xc000-0xcfff]
[   31.309698] pci_bus 0000:b8: resource 1 [mem 0xfbd00000-0xfbdfffff]
[   31.309705] pci_bus 0000:b8: resource 2 [mem 0x38ffe0000000-0x38ffffffffff 64bit pref]
[   31.309712] pci_bus 0000:b9: resource 0 [io  0xd000-0xdfff]
[   31.309719] pci_bus 0000:b9: resource 1 [mem 0xfbc00000-0xfbcfffff]
[   31.310328] NET: Registered protocol family 2
[   31.311536] tcp_listen_portaddr_hash hash table entries: 65536 (order: 8, 1048576 bytes, linear)
[   31.312594] TCP established hash table entries: 524288 (order: 10, 4194304 bytes, linear)
[   31.315513] TCP bind hash table entries: 65536 (order: 8, 1048576 bytes, linear)
[   31.315999] TCP: Hash tables configured (established 524288 bind 65536)
[   31.316922] UDP hash table entries: 65536 (order: 9, 2097152 bytes, linear)
[   31.318207] UDP-Lite hash table entries: 65536 (order: 9, 2097152 bytes, linear)
[   31.320642] NET: Registered protocol family 1
[   31.321554] RPC: Registered named UNIX socket transport module.
[   31.321560] RPC: Registered udp transport module.
[   31.321564] RPC: Registered tcp transport module.
[   31.321569] RPC: Registered tcp NFSv4.1 backchannel transport module.
[   31.327573] pci 0000:03:00.0: Video device with shadowed ROM at [mem 0x000c0000-0x000dffff]
[   31.328056] pci 0000:b3:00.0: CLS mismatch (64 != 32), using 64 bytes
[   31.328468] Unpacking initramfs...
[   32.843973] Freeing initrd memory: 37232K
[   32.866071] PCI-DMA: Using software bounce buffering for IO (SWIOTLB)
[   32.866081] software IO TLB: mapped [mem 0x5f947000-0x63947000] (64MB)
[   32.866434] RAPL PMU: API unit is 2^-32 Joules, 2 fixed counters, 655360 ms ovfl timer
[   32.866441] RAPL PMU: hw unit of domain package 2^-14 Joules
[   32.866446] RAPL PMU: hw unit of domain dram 2^-16 Joules
[   32.877881] check: Scanning for low memory corruption every 60 seconds
[   32.907057] Initialise system trusted keyrings
[   32.907125] Key type blacklist registered
[   32.907288] workingset: timestamp_bits=36 max_order=25 bucket_order=0
[   32.938183] zbud: loaded
[   32.947069] squashfs: version 4.0 (2009/01/31) Phillip Lougher
[   32.951735] FS-Cache: Netfs 'nfs' registered for caching
[   32.953645] NFS: Registering the id_resolver key type
[   32.953686] Key type id_resolver registered
[   32.953691] Key type id_legacy registered
[   32.953714] nfs4filelayout_init: NFSv4 File Layout Driver Registering...
[   32.953768] ntfs: driver 2.1.32 [Flags: R/O].
[   32.955516] QNX4 filesystem 0.2.3 registered.
[   32.955711] fuse: init (API version 7.31)
[   32.957299] JFS: nTxBlock = 8192, nTxLock = 65536
[   32.960313] SGI XFS with ACLs, security attributes, realtime, quota, no debug enabled
[   32.974595] async_tx: api initialized (async)
[   32.974604] Key type asymmetric registered
[   32.974609] Asymmetric key parser 'x509' registered
[   32.974682] Block layer SCSI generic (bsg) driver version 0.4 loaded (major 245)
[   32.974837] io scheduler mq-deadline registered
[   32.980524] pcieport 0000:00:1c.0: PME: Signaling with IRQ 24
[   32.984393] pcieport 0000:00:1c.5: PME: Signaling with IRQ 25
[   32.988527] pcieport 0000:b2:00.0: PME: Signaling with IRQ 27
[   32.992305] pcieport 0000:b2:02.0: PME: Signaling with IRQ 28
[   32.999944] pcieport 0000:b7:01.0: pciehp: Slot #0 AttnBtn+ PwrCtrl- MRL- AttnInd- PwrInd- HotPlug+ Surprise- Interlock- NoCompl- LLActRep+
[   33.004236] pcieport 0000:b7:02.0: pciehp: Slot #0 AttnBtn+ PwrCtrl- MRL- AttnInd- PwrInd- HotPlug+ Surprise- Interlock- NoCompl- LLActRep+
[   33.006272] switchtec: loaded.
[   33.006564] efifb: probing for efifb
[   33.006645] efifb: framebuffer at 0xa9000000, using 3072k, total 3072k
[   33.006652] efifb: mode is 1024x768x32, linelength=4096, pages=1
[   33.006656] efifb: scrolling: redraw
[   33.006661] efifb: Truecolor: size=8:8:8:8, shift=24:16:8:0
[   33.016394] Console: switching to colour frame buffer device 128x48
[   33.024857] fb0: EFI VGA frame buffer device
[   33.025001] intel_idle: MWAIT substates: 0x2020
[   33.025003] intel_idle: v0.4.1 model 0x55
[   33.033011] intel_idle: lapic_timer_reliable_states 0xffffffff
[   33.033013] IPMI message handler: version 39.2
[   33.033151] ipmi device interface
[   33.033278] ipmi_si: IPMI System Interface driver
[   33.033438] ipmi_si dmi-ipmi-si.0: ipmi_platform: probing via SMBIOS
[   33.033546] ipmi_si dmi-ipmi-si.0: IRQ index 0 not found
[   33.033636] ipmi_platform: ipmi_si: SMBIOS: io 0xca2 regsize 1 spacing 1 irq 0
[   33.033767] ipmi_si: Adding SMBIOS-specified kcs state machine
[   33.034285] ipmi_si IPI0001:00: ipmi_platform: probing via ACPI
[   33.038135] ipmi_si IPI0001:00: IRQ index 0 not found
[   33.038222] ipmi_si IPI0001:00: ipmi_platform: [io  0x0ca2] regsize 1 spacing 1 irq 0
[   33.038364] ipmi_si dmi-ipmi-si.0: Removing SMBIOS-specified kcs state machine in favor of ACPI
[   33.038514] ipmi_si: Adding ACPI-specified kcs state machine
[   33.038838] ipmi_si: Trying ACPI-specified kcs state machine at i/o address 0xca2, slave address 0x20, irq 0
[   33.342080] ipmi_si IPI0001:00: The BMC does not support clearing the recv irq bit, compensating, but the BMC needs to be fixed.
[   33.419498] ipmi_si IPI0001:00: IPMI message handler: Found new BMC (man_id: 0x002a7c, prod_id: 0x095d, dev_id: 0x20)
[   33.471803] ipmi_si IPI0001:00: IPMI kcs interface initialized
[   33.471905] ipmi_ssif: IPMI SSIF Interface driver
[   33.473313] input: Power Button as /devices/LNXSYSTM:00/LNXPWRBN:00/input/input0
[   33.473952] ACPI: Power Button [PWRF]
[   33.902021] tsc: Refined TSC clocksource calibration: 2200.000 MHz
[   33.902142] clocksource: tsc: mask: 0xffffffffffffffff max_cycles: 0x1fb633008a4, max_idle_ns: 440795292230 ns
[   33.906205] clocksource: Switched to clocksource tsc
[   34.834157] ERST: Error Record Serialization Table (ERST) support is initialized.
[   34.838349] pstore: Registered erst as persistent store backend
[   34.845212] GHES: APEI firmware first mode is enabled by APEI bit and WHEA _OSC.
[   34.849432] ioatdma: Intel(R) QuickData Technology Driver 5.00
[   34.854377] ioatdma 0000:00:04.0: enabling device (0004 -> 0006)
[   35.278322] ioatdma 0000:00:04.1: enabling device (0004 -> 0006)
[   35.701931] ioatdma 0000:00:04.2: enabling device (0004 -> 0006)
[   36.125675] ioatdma 0000:00:04.3: enabling device (0004 -> 0006)
[   36.549513] ioatdma 0000:00:04.4: enabling device (0004 -> 0006)
[   36.972754] ioatdma 0000:00:04.5: enabling device (0004 -> 0006)
[   37.396011] ioatdma 0000:00:04.6: enabling device (0004 -> 0006)
[   37.821382] ioatdma 0000:00:04.7: enabling device (0004 -> 0006)
[   38.245940] Serial: 8250/16550 driver, 32 ports, IRQ sharing enabled
[   38.271141] 00:03: ttyS0 at I/O 0x3f8 (irq = 4, base_baud = 115200) is a 16550A
[   38.296814] 00:04: ttyS1 at I/O 0x2f8 (irq = 3, base_baud = 115200) is a 16550A
[   38.315229] lp: driver loaded but no devices found
[   38.323772] ppdev: user-space parallel port driver
[   38.327482] Linux agpgart interface v0.103
[   38.332581] checking generic (a9000000 300000) vs hw (a9000000 1000000)
[   38.332584] fb0: switching to astdrmfb from EFI VGA
[   38.336853] Console: switching to colour dummy device 80x25
[   38.339166] [drm] P2A bridge disabled, using default configuration
[   38.339173] [drm] AST 2500 detected
[   38.339182] [drm] Analog VGA only
[   38.339194] [drm] dram MCLK=800 Mhz type=1 bus_width=16 size=01000000
[   38.339609] [TTM] Zone  kernel: Available graphics memory: 42394686 KiB
[   38.339615] [TTM] Zone   dma32: Available graphics memory: 2097152 KiB
[   38.339620] [TTM] Initializing pool allocator
[   38.339674] [TTM] Initializing DMA pool allocator
[   38.346108] fbcon: astdrmfb (fb0) is primary device
[   38.365808] Console: switching to colour frame buffer device 128x48
[   38.373412] ast 0000:03:00.0: fb0: astdrmfb frame buffer device
[   38.382096] [drm] Initialized ast 0.1.0 20120228 for 0000:03:00.0 on minor 0
[   38.439560] loop: module loaded
[   38.445755] null_blk: module loaded
[   38.449388] lpc_ich 0000:00:1f.0: I/O space for ACPI uninitialized
[   38.449488] lpc_ich 0000:00:1f.0: No MFD cells added
[   38.450357] Loading iSCSI transport class v2.0-870.
[   38.451268] iscsi: registered transport (tcp)
[   38.451882] iscsi: registered transport (qla4xxx)
[   38.452228] QLogic iSCSI HBA Driver
[   38.452286] libcxgbi:libcxgbi_init_module: Chelsio iSCSI driver library libcxgbi v0.9.1-ko (Apr. 2015)
[   38.452422] Chelsio T3 iSCSI Driver cxgb3i v2.0.1-ko (Apr. 2015)
[   38.453215] iscsi: registered transport (cxgb3i)
[   38.453425] Chelsio T4-T6 iSCSI Driver cxgb4i v0.9.5-ko (Apr. 2015)
[   38.453837] iscsi: registered transport (cxgb4i)
[   38.454065] cxgb4i:cxgb4i_init_module: cxgb4i dcb enabled.
[   38.454150] QLogic NetXtreme II iSCSI Driver bnx2i v2.7.10.1 (Jul 16, 2014)
[   38.454692] iscsi: registered transport (bnx2i)
[   38.457133] iscsi: registered transport (qedi)
[   38.459607] iscsi: registered transport (be2iscsi)
[   38.459685] In beiscsi_module_init, tt=000000007689e243
[   38.462591] nvme nvme0: pci function 0000:b8:00.0
[   38.474031] nvme nvme1: pci function 0000:b9:00.0
[   38.482916] memmap_init_zone_device initialised 131072 pages in 12ms
[   38.484973] ahci 0000:00:11.5: version 3.0
[   38.485587] nvme 0000:b8:00.0: added peer-to-peer DMA memory [mem 0x38ffe0000000-0x38ffffffffff 64bit pref]
[   38.488759] ahci 0000:00:11.5: AHCI 0001.0301 32 slots 6 ports 6 Gbps 0x3f impl SATA mode
[   38.491629] ahci 0000:00:11.5: flags: 64bit ncq sntf led clo only pio slum part ems deso sadm sds apst 
[   38.565908] scsi host0: ahci
[   38.578564] scsi host1: ahci
[   38.590891] scsi host2: ahci
[   38.603166] scsi host3: ahci
[   38.615333] scsi host4: ahci
[   38.627486] scsi host5: ahci
[   38.630942] ata1: SATA max UDMA/133 abar m524288@0xaa180000 port 0xaa180100 irq 48
[   38.633781] ata2: SATA max UDMA/133 abar m524288@0xaa180000 port 0xaa180180 irq 48
[   38.636585] ata3: SATA max UDMA/133 abar m524288@0xaa180000 port 0xaa180200 irq 48
[   38.639340] ata4: SATA max UDMA/133 abar m524288@0xaa180000 port 0xaa180280 irq 48
[   38.642044] ata5: SATA max UDMA/133 abar m524288@0xaa180000 port 0xaa180300 irq 48
[   38.644683] ata6: SATA max UDMA/133 abar m524288@0xaa180000 port 0xaa180380 irq 48
[   38.658851] ahci 0000:00:17.0: AHCI 0001.0301 32 slots 8 ports 6 Gbps 0xff impl SATA mode
[   38.661530] ahci 0000:00:17.0: flags: 64bit ncq sntf led clo only pio slum part ems deso sadm sds apst 
[   38.707979] nvme nvme0: 15/0/0 default/read/poll queues
[   38.763102] scsi host6: ahci
[   38.775135] scsi host7: ahci
[   38.787129] scsi host8: ahci
[   38.799112] scsi host9: ahci
[   38.811083] scsi host10: ahci
[   38.822955] scsi host11: ahci
[   38.834809] scsi host12: ahci
[   38.846509] scsi host13: ahci
[   38.849549] ata7: SATA max UDMA/133 abar m524288@0xaa100000 port 0xaa100100 irq 49
[   38.851991] ata8: SATA max UDMA/133 abar m524288@0xaa100000 port 0xaa100180 irq 49
[   38.854370] ata9: SATA max UDMA/133 abar m524288@0xaa100000 port 0xaa100200 irq 49
[   38.856714] ata10: SATA max UDMA/133 abar m524288@0xaa100000 port 0xaa100280 irq 49
[   38.859104] ata11: SATA max UDMA/133 abar m524288@0xaa100000 port 0xaa100300 irq 49
[   38.861431] ata12: SATA max UDMA/133 abar m524288@0xaa100000 port 0xaa100380 irq 49
[   38.863761] ata13: SATA max UDMA/133 abar m524288@0xaa100000 port 0xaa100400 irq 49
[   38.866052] ata14: SATA max UDMA/133 abar m524288@0xaa100000 port 0xaa100480 irq 49
[   38.877085] intel-spi 0000:00:1f.5: mx25l25635e (32768 Kbytes)
[   38.887660] Creating 1 MTD partitions on "0000:00:1f.5":
[   38.889811] 0x000000000000-0x000002000000 : "BIOS"
[   38.904181] libphy: Fixed MDIO Bus: probed
[   38.906339] tun: Universal TUN/TAP device driver, 1.6
[   38.910412] cnic: QLogic cnicDriver v2.5.22 (July 20, 2015)
[   38.913490] i40e: Intel(R) Ethernet Connection XL710 Network Driver - version 2.8.20-k
[   38.915640] i40e: Copyright (c) 2013 - 2019 Intel Corporation.
[   38.932255] i40e 0000:b5:00.2: fw 3.1.55727 api 1.5 nvm 3.31 0x80000d05 1.1719.0 [8086:37d1] [15d9:37d1]
[   38.938012] i40e 0000:b5:00.2: MAC address: ac:1f:6b:b1:2f:7c
[   38.940478] i40e 0000:b5:00.2: FW LLDP is enabled
[   38.958024] mei 0000:00:16.0-55213584-9a29-4916-badf-0fb7ed682aeb: Could not read FW version
[   38.960450] mei 0000:00:16.0-55213584-9a29-4916-badf-0fb7ed682aeb: FW version command failed -5
[   38.960902] ata3: SATA link down (SStatus 0 SControl 300)
[   38.965194] ata2: SATA link down (SStatus 0 SControl 300)
[   38.967455] ata6: SATA link down (SStatus 0 SControl 300)
[   38.969626] ata1: SATA link up 6.0 Gbps (SStatus 133 SControl 300)
[   38.971761] ata5: SATA link down (SStatus 0 SControl 300)
[   38.973922] ata4: SATA link down (SStatus 0 SControl 300)
[   38.976263] ata1.00: supports DRM functions and may not be fully accessible
[   38.979376] ata1.00: ATA-11: Samsung SSD 860 EVO 250GB, RVT01B6Q, max UDMA/133
[   38.981668] ata1.00: 488397168 sectors, multi 1: LBA48 NCQ (depth 32), AA
[   38.986465] ata1.00: supports DRM functions and may not be fully accessible
[   38.991592] ata1.00: configured for UDMA/133
[   39.005723] i40e 0000:b5:00.2: Added LAN device PF2 bus=0xb5 dev=0x00 func=0x02
[   39.008740] i40e 0000:b5:00.2: Features: PF-id[2] VSIs: 34 QP: 20 RSS FD_ATR FD_SB NTUPLE DCB VxLAN Geneve PTP VEPA
[   39.034384] i40e 0000:b5:00.3: fw 3.1.55727 api 1.5 nvm 3.31 0x80000d05 1.1719.0 [8086:37d1] [15d9:37d1]
[   39.040497] i40e 0000:b5:00.3: MAC address: ac:1f:6b:b1:2f:7d
[   39.043388] i40e 0000:b5:00.3: FW LLDP is enabled
[   39.096471] i40e 0000:b5:00.3 eth1: NIC Link is Up, 1000 Mbps Full Duplex, Flow Control: None
[   39.109206] i40e 0000:b5:00.3: Added LAN device PF3 bus=0xb5 dev=0x00 func=0x03
[   39.112402] i40e 0000:b5:00.3: Features: PF-id[3] VSIs: 34 QP: 20 RSS FD_ATR FD_SB NTUPLE DCB VxLAN Geneve PTP VEPA
[   39.115502] QLogic FastLinQ 4xxxx Core Module qed 8.37.0.20
[   39.118307] qede_init: QLogic FastLinQ 4xxxx Ethernet Driver qede 8.37.0.20

[   39.124207] PPP generic driver version 2.4.2
[   39.127611] ehci_hcd: USB 2.0 'Enhanced' Host Controller (EHCI) Driver
[   39.130668] ehci-pci: EHCI PCI platform driver
[   39.133821] ehci-platform: EHCI generic platform driver
[   39.136994] ohci_hcd: USB 1.1 'Open' Host Controller (OHCI) Driver
[   39.140116] ohci-pci: OHCI PCI platform driver
[   39.143347] ohci-platform: OHCI generic platform driver
[   39.146584] uhci_hcd: USB Universal Host Controller Interface driver
[   39.162495] xhci_hcd 0000:00:14.0: xHCI Host Controller
[   39.165775] xhci_hcd 0000:00:14.0: new USB bus registered, assigned bus number 1
[   39.170410] xhci_hcd 0000:00:14.0: hcc params 0x200077c1 hci version 0x100 quirks 0x0000000000009810
[   39.173818] xhci_hcd 0000:00:14.0: cache line size of 64 is not supported
[   39.179642] usb usb1: New USB device found, idVendor=1d6b, idProduct=0002, bcdDevice= 5.05
[   39.179936] ata10: SATA link down (SStatus 0 SControl 300)
[   39.183162] usb usb1: New USB device strings: Mfr=3, Product=2, SerialNumber=1
[   39.183165] usb usb1: Product: xHCI Host Controller
[   39.186652] ata13: SATA link down (SStatus 0 SControl 300)
[   39.190137] usb usb1: Manufacturer: Linux 5.5.0-rc1+odin+localyes-00010-g6f4da20b0cc5-dirty xhci-hcd
[   39.193648] ata8: SATA link down (SStatus 0 SControl 300)
[   39.197139] usb usb1: SerialNumber: 0000:00:14.0
[   39.200768] ata12: SATA link down (SStatus 0 SControl 300)
[   39.211637] ata9: SATA link down (SStatus 0 SControl 300)
[   39.215308] ata7: SATA link down (SStatus 0 SControl 300)
[   39.218936] ata11: SATA link down (SStatus 0 SControl 300)
[   39.222367] hub 1-0:1.0: USB hub found
[   39.222401] ata14: SATA link down (SStatus 0 SControl 300)
[   39.225916] hub 1-0:1.0: 16 ports detected
[   39.326497] xhci_hcd 0000:00:14.0: xHCI Host Controller
[   39.330008] xhci_hcd 0000:00:14.0: new USB bus registered, assigned bus number 2
[   39.333529] xhci_hcd 0000:00:14.0: Host supports USB 3.0 SuperSpeed
[   39.337619] usb usb2: New USB device found, idVendor=1d6b, idProduct=0003, bcdDevice= 5.05
[   39.341232] usb usb2: New USB device strings: Mfr=3, Product=2, SerialNumber=1
[   39.344824] usb usb2: Product: xHCI Host Controller
[   39.348379] usb usb2: Manufacturer: Linux 5.5.0-rc1+odin+localyes-00010-g6f4da20b0cc5-dirty xhci-hcd
[   39.352020] usb usb2: SerialNumber: 0000:00:14.0
[   39.365059] hub 2-0:1.0: USB hub found
[   39.368780] hub 2-0:1.0: 10 ports detected
[   39.411554] usb: port power management may be unreliable
[   39.433407] i8042: PNP: No PS/2 controller found.
[   39.437358] mousedev: PS/2 mouse device common for all mice
[   39.441518] rtc_cmos 00:00: RTC can wake from S4
[   39.446819] rtc_cmos 00:00: registered as rtc0
[   39.450441] rtc_cmos 00:00: alarms up to one month, y3k, 114 bytes nvram, hpet irqs
[   39.453917] i2c /dev entries driver
[   39.658078] usb 1-6: new high-speed USB device number 2 using xhci_hcd
[   39.818966] usb 1-6: New USB device found, idVendor=0557, idProduct=7000, bcdDevice= 0.00
[   39.822322] usb 1-6: New USB device strings: Mfr=0, Product=0, SerialNumber=0
[   39.835883] hub 1-6:1.0: USB hub found
[   39.847660] hub 1-6:1.0: 4 ports detected
[   40.166070] usb 1-6.1: new low-speed USB device number 3 using xhci_hcd
[   40.307373] usb 1-6.1: New USB device found, idVendor=0557, idProduct=2419, bcdDevice= 1.00
[   40.310761] usb 1-6.1: New USB device strings: Mfr=0, Product=0, SerialNumber=0
[   40.550992] power_meter ACPI000D:00: Found ACPI power meter.
[   40.559056] power_meter ACPI000D:00: hwmon_device_register() is deprecated. Please convert the driver to use hwmon_device_register_with_info().
[   40.583125] device-mapper: uevent: version 1.0.3
[   40.591675] device-mapper: ioctl: 4.41.0-ioctl (2019-09-16) initialised: dm-devel@redhat.com
[   40.599616] EDAC MC0: Giving out device to module skx_edac controller Skylake Socket#0 IMC#0: DEV 0000:64:0a.0 (INTERRUPT)
[   40.607888] EDAC MC1: Giving out device to module skx_edac controller Skylake Socket#0 IMC#1: DEV 0000:64:0c.0 (INTERRUPT)
[   40.615329] intel_pstate: Intel P-state driver initializing
[   40.666002] ledtrig-cpu: registered to indicate activity on CPUs
[   40.671111] qedr: discovered and registered 0 RDMA funcs
[   40.673618] bnxt_re: Broadcom NetXtreme-C/E RoCE Driver
[   40.676878] iscsi: registered transport (iser)
[   40.679549] EFI Variables Facility v0.08 2004-May-17
[   40.692873] hid: raw HID events driver (C) Jiri Kosina
[   40.697687] input: HID 0557:2419 as /devices/pci0000:00/0000:00:14.0/usb1/1-6/1-6.1/1-6.1:1.0/0003:0557:2419.0001/input/input1
[   40.764188] hid-generic 0003:0557:2419.0001: input,hidraw0: USB HID v1.00 Keyboard [HID 0557:2419] on usb-0000:00:14.0-6.1/input0
[   40.773772] input: HID 0557:2419 as /devices/pci0000:00/0000:00:14.0/usb1/1-6/1-6.1/1-6.1:1.1/0003:0557:2419.0002/input/input2
[   40.792910] hid-generic 0003:0557:2419.0002: input,hidraw1: USB HID v1.00 Mouse [HID 0557:2419] on usb-0000:00:14.0-6.1/input1
[   40.810167] usbcore: registered new interface driver usbhid
[   40.819315] usbhid: USB HID core driver
[   40.828807] drop_monitor: Initializing network drop monitor service
[   40.839500] IPVS: Registered protocols ()
[   40.848478] IPVS: Connection hash table configured (size=4096, memory=64Kbytes)
[   40.857529] IPVS: ipvs loaded.
[   40.867736] Initializing XFRM netlink socket
[   40.879607] NET: Registered protocol family 10
[   40.906540] Segment Routing with IPv6
[   40.911494] NET: Registered protocol family 17
[   40.914932] Bridge firewalling registered
[   40.918162] RPC: Registered rdma transport module.
[   40.925137] RPC: Registered rdma backchannel transport module.
[   40.929683] Key type dns_resolver registered
[   40.946332] RAS: Correctable Errors collector initialized.
[   40.950241] microcode: sig=0x50657, pf=0x1, revision=0x500002c
[   40.954002] microcode: Microcode Update Driver: v2.2.
[   40.954006] IPI shorthand broadcast: enabled
[   40.959853] AVX2 version of gcm_enc/dec engaged.
[   40.962706] AES CTR mode by8 optimization enabled
[   40.993429] sched_clock: Marking stable (40977052122, 16339615)->(41047129098, -53737361)
[   40.996926] registered taskstats version 1
[   40.999087] nvme nvme1: 20/0/0 default/read/poll queues
[   41.000135] Loading compiled-in X.509 certificates
[   41.009911]  nvme1n1: p1 p9
[   41.010846] Loaded X.509 cert 'Build time autogenerated kernel key: 4b8a59106625751608cfa4fb6dfba5abea4057c6'
[   41.016456] zswap: loaded using pool lzo/zbud
[   41.020214] Key type ._fscrypt registered
[   41.021954] scsi 0:0:0:0: Direct-Access     ATA      Samsung SSD 860  1B6Q PQ: 0 ANSI: 5
[   41.023530] Key type .fscrypt registered
[   41.027504] sd 0:0:0:0: Attached scsi generic sg0 type 0
[   41.027552] ata1.00: Enabling discard_zeroes_data
[   41.027784] sd 0:0:0:0: [sda] 488397168 512-byte logical blocks: (250 GB/233 GiB)
[   41.027826] sd 0:0:0:0: [sda] Write Protect is off
[   41.027839] sd 0:0:0:0: [sda] Mode Sense: 00 3a 00 00
[   41.027903] sd 0:0:0:0: [sda] Write cache: enabled, read cache: enabled, doesn't support DPO or FUA
[   41.033533] Btrfs loaded, crc32c=crc32c-intel
[   41.036295] ata1.00: Enabling discard_zeroes_data
[   41.038612] pstore: Using crash dump compression: deflate
[   41.046729]  sda: sda1 sda2
[   41.060207] Key type big_key registered
[   41.061086] ata1.00: Enabling discard_zeroes_data
[   41.067458] sd 0:0:0:0: [sda] supports TCG Opal
[   41.069428] Key type encrypted registered
[   41.070207] sd 0:0:0:0: [sda] Attached SCSI disk
[   41.072816] ima: No TPM chip found, activating TPM-bypass!
[   41.077744] ima: Allocated hash algorithm: sha1
[   41.080144] ima: No architecture policies found
[   41.082504] evm: Initialising EVM extended attributes:
[   41.084744] evm: security.selinux
[   41.086963] evm: security.SMACK64
[   41.089122] evm: security.SMACK64EXEC
[   41.091293] evm: security.SMACK64TRANSMUTE
[   41.093385] evm: security.SMACK64MMAP
[   41.095470] evm: security.apparmor
[   41.097503] evm: security.ima
[   41.099547] evm: security.capability
[   41.101533] evm: HMAC attrs: 0x1
[   41.120523] PM:   Magic number: 4:122:257
[   41.130607] acpi device:96: hash matches
[   41.134323] rtc_cmos 00:00: setting system clock to 2020-01-31T01:17:14 UTC (1580433434)
[   41.159251] Freeing unused decrypted memory: 2040K
[   41.163505] Freeing unused kernel image (initmem) memory: 3320K
[   41.190249] Write protecting the kernel read-only data: 49152k
[   41.195229] Freeing unused kernel image (text/rodata gap) memory: 2036K
[   41.198146] Freeing unused kernel image (rodata/data gap) memory: 1680K
[   41.279565] x86/mm: Checked W+X mappings: passed, no W+X pages found.
[   41.282113] Run /init as init process
[   41.408861] power_meter ACPI000D:00: Found ACPI power meter.
[   41.412441] power_meter ACPI000D:00: Ignoring unsafe software power cap!
[   42.143382] i40e 0000:b5:00.2 eno1: renamed from eth0
[   42.232145] i40e 0000:b5:00.3 eno2: renamed from eth1
[   42.421403] random: fast init done
[   42.472872] EXT4-fs (sda2): mounted filesystem with ordered data mode. Opts: (null)
[   42.585636] Not activating Mandatory Access Control as /sbin/tomoyo-init does not exist.
[   42.724288] systemd[1]: systemd 237 running in system mode. (+PAM +AUDIT +SELINUX +IMA +APPARMOR +SMACK +SYSVINIT +UTMP +LIBCRYPTSETUP +GCRYPT +GNUTLS +ACL +XZ +LZ4 +SECCOMP +BLKID +ELFUTILS +KMOD -IDN2 +IDN -PCRE2 default-hierarchy=hybrid)
[   42.752080] systemd[1]: Detected architecture x86-64.
[   42.791350] systemd[1]: Set hostname to <odin>.
[   42.808433] systemd[1]: Couldn't move remaining userspace processes, ignoring: Input/output error
[   42.968787] systemd[1]: /etc/systemd/system/eideticom-node-exporter.service:1: Assignment outside of section. Ignoring.
[   42.974075] systemd[1]: /etc/systemd/system/eideticom-node-exporter.service:2: Assignment outside of section. Ignoring.
[   42.976412] systemd[1]: /etc/systemd/system/eideticom-node-exporter.service:3: Assignment outside of section. Ignoring.
[   42.999976] random: systemd: uninitialized urandom read (16 bytes read)
[   43.016155] systemd[1]: Created slice User and Session Slice.
[   43.021192] random: systemd: uninitialized urandom read (16 bytes read)
[   43.029258] systemd[1]: Created slice System Slice.
[   43.042175] random: systemd: uninitialized urandom read (16 bytes read)
[   43.050293] systemd[1]: Listening on Journal Socket (/dev/log).
[   43.307603] EXT4-fs (sda2): re-mounted. Opts: errors=remount-ro
[   43.643054] Adding 2097148k swap on /swapfile.  Priority:-2 extents:6 across:2260988k SSFS
[   43.736060] systemd-journald[671]: Received request to flush runtime journal from PID 1
[   46.221802] IPv6: ADDRCONF(NETDEV_CHANGE): eno2: link becomes ready
[   47.018007] random: crng init done
[   47.018008] random: 7 urandom warning(s) missed due to ratelimiting
