[    0.000000] microcode: microcode updated early to revision 0x500002c, date = 2019-09-05
[    0.000000] Linux version 5.0.0-37-generic (buildd@lcy01-amd64-023) (gcc version 7.4.0 (Ubuntu 7.4.0-1ubuntu1~18.04.1)) #40~18.04.1-Ubuntu SMP Thu Nov 14 12:06:39 UTC 2019 (Ubuntu 5.0.0-37.40~18.04.1-generic 5.0.21)
[    0.000000] Command line: BOOT_IMAGE=/boot/vmlinuz-5.0.0-37-generic root=UUID=b3bf41cc-95ba-42a5-90b1-ec8b0f684026 ro quiet splash vt.handoff=1
[    0.000000] KERNEL supported cpus:
[    0.000000]   Intel GenuineIntel
[    0.000000]   AMD AuthenticAMD
[    0.000000]   Hygon HygonGenuine
[    0.000000]   Centaur CentaurHauls
[    0.000000] x86/fpu: Supporting XSAVE feature 0x001: 'x87 floating point registers'
[    0.000000] x86/fpu: Supporting XSAVE feature 0x002: 'SSE registers'
[    0.000000] x86/fpu: Supporting XSAVE feature 0x004: 'AVX registers'
[    0.000000] x86/fpu: Supporting XSAVE feature 0x008: 'MPX bounds registers'
[    0.000000] x86/fpu: Supporting XSAVE feature 0x010: 'MPX CSR'
[    0.000000] x86/fpu: Supporting XSAVE feature 0x020: 'AVX-512 opmask'
[    0.000000] x86/fpu: Supporting XSAVE feature 0x040: 'AVX-512 Hi256'
[    0.000000] x86/fpu: Supporting XSAVE feature 0x080: 'AVX-512 ZMM_Hi256'
[    0.000000] x86/fpu: Supporting XSAVE feature 0x200: 'Protection Keys User registers'
[    0.000000] x86/fpu: xstate_offset[2]:  576, xstate_sizes[2]:  256
[    0.000000] x86/fpu: xstate_offset[3]:  832, xstate_sizes[3]:   64
[    0.000000] x86/fpu: xstate_offset[4]:  896, xstate_sizes[4]:   64
[    0.000000] x86/fpu: xstate_offset[5]:  960, xstate_sizes[5]:   64
[    0.000000] x86/fpu: xstate_offset[6]: 1024, xstate_sizes[6]:  512
[    0.000000] x86/fpu: xstate_offset[7]: 1536, xstate_sizes[7]: 1024
[    0.000000] x86/fpu: xstate_offset[9]: 2560, xstate_sizes[9]:    8
[    0.000000] x86/fpu: Enabled xstate features 0x2ff, context size is 2568 bytes, using 'compacted' format.
[    0.000000] BIOS-provided physical RAM map:
[    0.000000] BIOS-e820: [mem 0x0000000000000000-0x000000000009a7ff] usable
[    0.000000] BIOS-e820: [mem 0x000000000009a800-0x000000000009ffff] reserved
[    0.000000] BIOS-e820: [mem 0x00000000000e0000-0x00000000000fffff] reserved
[    0.000000] BIOS-e820: [mem 0x0000000000100000-0x000000005dc01fff] usable
[    0.000000] BIOS-e820: [mem 0x000000005dc02000-0x000000005e024fff] ACPI NVS
[    0.000000] BIOS-e820: [mem 0x000000005e025000-0x00000000698cdfff] usable
[    0.000000] BIOS-e820: [mem 0x00000000698ce000-0x000000006b9cdfff] reserved
[    0.000000] BIOS-e820: [mem 0x000000006b9ce000-0x000000006bdf6fff] usable
[    0.000000] BIOS-e820: [mem 0x000000006bdf7000-0x000000006ce82fff] ACPI NVS
[    0.000000] BIOS-e820: [mem 0x000000006ce83000-0x000000006f2d2fff] reserved
[    0.000000] BIOS-e820: [mem 0x000000006f2d3000-0x000000006f7fffff] usable
[    0.000000] BIOS-e820: [mem 0x000000006f800000-0x000000008fffffff] reserved
[    0.000000] BIOS-e820: [mem 0x00000000fd000000-0x00000000fe7fffff] reserved
[    0.000000] BIOS-e820: [mem 0x00000000fed20000-0x00000000fed44fff] reserved
[    0.000000] BIOS-e820: [mem 0x00000000ff000000-0x00000000ffffffff] reserved
[    0.000000] BIOS-e820: [mem 0x0000000100000000-0x000000107fffffff] usable
[    0.000000] NX (Execute Disable) protection: active
[    0.000000] SMBIOS 3.2.1 present.
[    0.000000] DMI: Supermicro Super Server/X11SPH-nCTF, BIOS T20190613223410 06/13/2019
[    0.000000] tsc: Detected 2200.000 MHz processor
[    0.005767] e820: update [mem 0x00000000-0x00000fff] usable ==> reserved
[    0.005769] e820: remove [mem 0x000a0000-0x000fffff] usable
[    0.005776] last_pfn = 0x1080000 max_arch_pfn = 0x400000000
[    0.005779] MTRR default type: uncachable
[    0.005780] MTRR fixed ranges enabled:
[    0.005782]   00000-9FFFF write-back
[    0.005783]   A0000-FFFFF uncachable
[    0.005783] MTRR variable ranges enabled:
[    0.005785]   0 base 000000000000 mask 3FF000000000 write-back
[    0.005786]   1 base 001000000000 mask 3FFF80000000 write-back
[    0.005787]   2 base 000080000000 mask 3FFF80000000 uncachable
[    0.005788]   3 base 00007F000000 mask 3FFFFF000000 uncachable
[    0.005789]   4 disabled
[    0.005789]   5 disabled
[    0.005790]   6 disabled
[    0.005790]   7 disabled
[    0.005791]   8 disabled
[    0.005791]   9 disabled
[    0.008645] x86/PAT: Configuration [0-7]: WB  WC  UC- UC  WB  WP  UC- WT  
[    0.008904] total RAM covered: 65520M
[    0.009508] Found optimal setting for mtrr clean up
[    0.009509]  gran_size: 64K 	chunk_size: 32M 	num_reg: 7  	lose cover RAM: 0G
[    0.012280] e820: update [mem 0x7f000000-0xffffffff] usable ==> reserved
[    0.012285] last_pfn = 0x6f800 max_arch_pfn = 0x400000000
[    0.026045] check: Scanning 1 areas for low memory corruption
[    0.026049] Using GB pages for direct mapping
[    0.026051] BRK [0xcd3601000, 0xcd3601fff] PGTABLE
[    0.026053] BRK [0xcd3602000, 0xcd3602fff] PGTABLE
[    0.026054] BRK [0xcd3603000, 0xcd3603fff] PGTABLE
[    0.026090] BRK [0xcd3604000, 0xcd3604fff] PGTABLE
[    0.026153] BRK [0xcd3605000, 0xcd3605fff] PGTABLE
[    0.026187] BRK [0xcd3606000, 0xcd3606fff] PGTABLE
[    0.026252] BRK [0xcd3607000, 0xcd3607fff] PGTABLE
[    0.026310] BRK [0xcd3608000, 0xcd3608fff] PGTABLE
[    0.026362] BRK [0xcd3609000, 0xcd3609fff] PGTABLE
[    0.026409] BRK [0xcd360a000, 0xcd360afff] PGTABLE
[    0.026443] BRK [0xcd360b000, 0xcd360bfff] PGTABLE
[    0.026509] RAMDISK: [mem 0x33211000-0x358fffff]
[    0.026519] ACPI: Early table checksum verification disabled
[    0.027052] ACPI: RSDP 0x00000000000F05B0 000024 (v02 SUPERM)
[    0.027055] ACPI: XSDT 0x000000005DC020C8 000114 (v01 SUPERM SUPERM   01072009 AMI  00010013)
[    0.027062] ACPI: FACP 0x000000005DEF50F8 000114 (v06 SUPERM SMCI--MB 01072009 INTL 20091013)
[    0.027067] ACPI: DSDT 0x000000005DC02278 2F2E7E (v02 SUPERM SMCI--MB 01072009 INTL 20091013)
[    0.027071] ACPI: FACS 0x000000006CE3F080 000040
[    0.027073] ACPI: FPDT 0x000000005DEF5210 000044 (v01                 01072009 AMI  00010013)
[    0.027076] ACPI: FIDT 0x000000005DEF5258 00009C (v01 SUPERM SMCI--MB 01072009 AMI  00010013)
[    0.027079] ACPI: SPMI 0x000000005DEF52F8 000041 (v05 SUPERM SMCI--MB 00000000 AMI. 00000000)
[    0.027082] ACPI: SSDT 0x000000005DEF5340 00046C (v02 INTEL  ADDRXLAT 00000001 INTL 20140828)
[    0.027085] ACPI: MCFG 0x000000005DEF57B0 00003C (v01 SUPERM SMCI--MB 01072009 MSFT 00000097)
[    0.027087] ACPI: HPET 0x000000005DEF57F0 000038 (v01 SUPERM SMCI--MB 00000001 INTL 20091013)
[    0.027090] ACPI: APIC 0x000000005DEF5828 0016DE (v03 SUPERM SMCI--MB 00000000 INTL 20091013)
[    0.027093] ACPI: MIGT 0x000000005DEF6F08 000040 (v01 SUPERM SMCI--MB 00000000 INTL 20091013)
[    0.027096] ACPI: MSCT 0x000000005DEF6F48 000090 (v01 SUPERM SMCI--MB 00000001 INTL 20091013)
[    0.027098] ACPI: PCAT 0x000000005DEF6FD8 000068 (v02 SUPERM SMCI--MB 00000002 INTL 20091013)
[    0.027101] ACPI: PCCT 0x000000005DEF7040 00006E (v01 SUPERM SMCI--MB 00000002 INTL 20091013)
[    0.027104] ACPI: RASF 0x000000005DEF70B0 000030 (v01 SUPERM SMCI--MB 00000001 INTL 20091013)
[    0.027107] ACPI: SLIT 0x000000005DEF70E0 00042C (v01 SUPERM SMCI--MB 00000001 INTL 20091013)
[    0.027109] ACPI: SRAT 0x000000005DEF7510 002D30 (v03 SUPERM SMCI--MB 00000002 INTL 20091013)
[    0.027112] ACPI: SVOS 0x000000005DEFA240 000032 (v01 SUPERM SMCI--MB 00000000 INTL 20091013)
[    0.027115] ACPI: WDDT 0x000000005DEFA278 000040 (v01 SUPERM SMCI--MB 00000000 INTL 20091013)
[    0.027117] ACPI: OEM4 0x000000005DEFA2B8 0A27C4 (v02 INTEL  CPU  CST 00003000 INTL 20140828)
[    0.027120] ACPI: OEM1 0x000000005DF9CA80 02A2C4 (v02 INTEL  CPU EIST 00003000 INTL 20140828)
[    0.027123] ACPI: SSDT 0x000000005DFC6D48 033990 (v02 INTEL  SSDT  PM 00004000 INTL 20140828)
[    0.027126] ACPI: OEM3 0x000000005DFFA6D8 026664 (v02 INTEL  CPU  TST 00003000 INTL 20140828)
[    0.027129] ACPI: SSDT 0x000000005E020D40 00065B (v02 SUPERM SMCI--MB 00000000 INTL 20091013)
[    0.027132] ACPI: UEFI 0x000000005E0213A0 00005C (v01 INTEL  RstUefiV 00000000      00000000)
[    0.027135] ACPI: SSDT 0x000000005E021400 002B10 (v02 INTEL  SpsNm    00000002 INTL 20140828)
[    0.027137] ACPI: DMAR 0x000000005E023F10 000150 (v01 SUPERM SMCI--MB 00000001 INTL 20091013)
[    0.027140] ACPI: HEST 0x000000005E024060 0000A8 (v01 SUPERM SMCI--MB 00000001 INTL 00000001)
[    0.027143] ACPI: BERT 0x000000005E024108 000030 (v01 SUPERM SMCI--MB 00000001 INTL 00000001)
[    0.027146] ACPI: ERST 0x000000005E024138 000230 (v01 SUPERM SMCI--MB 00000001 INTL 00000001)
[    0.027148] ACPI: EINJ 0x000000005E024368 000150 (v01 SUPERM SMCI--MB 00000001 INTL 00000001)
[    0.027151] ACPI: WSMT 0x000000005E0244B8 000028 (v01 Fo              01072009 AMI  00010013)
[    0.027160] ACPI: Local APIC address 0xfee00000
[    0.027251] SRAT: PXM 0 -> APIC 0x00 -> Node 0
[    0.027252] SRAT: PXM 0 -> APIC 0x02 -> Node 0
[    0.027252] SRAT: PXM 0 -> APIC 0x04 -> Node 0
[    0.027253] SRAT: PXM 0 -> APIC 0x06 -> Node 0
[    0.027253] SRAT: PXM 0 -> APIC 0x08 -> Node 0
[    0.027254] SRAT: PXM 0 -> APIC 0x10 -> Node 0
[    0.027255] SRAT: PXM 0 -> APIC 0x12 -> Node 0
[    0.027255] SRAT: PXM 0 -> APIC 0x14 -> Node 0
[    0.027256] SRAT: PXM 0 -> APIC 0x16 -> Node 0
[    0.027256] SRAT: PXM 0 -> APIC 0x18 -> Node 0
[    0.027257] SRAT: PXM 0 -> APIC 0x01 -> Node 0
[    0.027258] SRAT: PXM 0 -> APIC 0x03 -> Node 0
[    0.027258] SRAT: PXM 0 -> APIC 0x05 -> Node 0
[    0.027259] SRAT: PXM 0 -> APIC 0x07 -> Node 0
[    0.027259] SRAT: PXM 0 -> APIC 0x09 -> Node 0
[    0.027260] SRAT: PXM 0 -> APIC 0x11 -> Node 0
[    0.027260] SRAT: PXM 0 -> APIC 0x13 -> Node 0
[    0.027261] SRAT: PXM 0 -> APIC 0x15 -> Node 0
[    0.027262] SRAT: PXM 0 -> APIC 0x17 -> Node 0
[    0.027262] SRAT: PXM 0 -> APIC 0x19 -> Node 0
[    0.027278] ACPI: SRAT: Node 0 PXM 0 [mem 0x00000000-0x7fffffff]
[    0.027279] ACPI: SRAT: Node 0 PXM 0 [mem 0x100000000-0x107fffffff]
[    0.027287] NUMA: Initialized distance table, cnt=1
[    0.027289] NUMA: Node 0 [mem 0x00000000-0x7fffffff] + [mem 0x100000000-0x107fffffff] -> [mem 0x00000000-0x107fffffff]
[    0.027300] NODE_DATA(0) allocated [mem 0x107ffd4000-0x107fffefff]
[    0.027613] Zone ranges:
[    0.027614]   DMA      [mem 0x0000000000001000-0x0000000000ffffff]
[    0.027615]   DMA32    [mem 0x0000000001000000-0x00000000ffffffff]
[    0.027616]   Normal   [mem 0x0000000100000000-0x000000107fffffff]
[    0.027617]   Device   empty
[    0.027618] Movable zone start for each node
[    0.027622] Early memory node ranges
[    0.027623]   node   0: [mem 0x0000000000001000-0x0000000000099fff]
[    0.027623]   node   0: [mem 0x0000000000100000-0x000000005dc01fff]
[    0.027624]   node   0: [mem 0x000000005e025000-0x00000000698cdfff]
[    0.027625]   node   0: [mem 0x000000006b9ce000-0x000000006bdf6fff]
[    0.027625]   node   0: [mem 0x000000006f2d3000-0x000000006f7fffff]
[    0.027626]   node   0: [mem 0x0000000100000000-0x000000107fffffff]
[    0.028092] Zeroed struct page in unavailable ranges: 25190 pages
[    0.028093] Initmem setup node 0 [mem 0x0000000000001000-0x000000107fffffff]
[    0.028095] On node 0 totalpages: 16686490
[    0.028096]   DMA zone: 64 pages used for memmap
[    0.028097]   DMA zone: 21 pages reserved
[    0.028098]   DMA zone: 3993 pages, LIFO batch:0
[    0.028212]   DMA32 zone: 6713 pages used for memmap
[    0.028213]   DMA32 zone: 429569 pages, LIFO batch:63
[    0.043480]   Normal zone: 253952 pages used for memmap
[    0.043481]   Normal zone: 16252928 pages, LIFO batch:63
[    0.484245] ACPI: PM-Timer IO Port: 0x508
[    0.484247] ACPI: Local APIC address 0xfee00000
[    0.484267] ACPI: X2APIC_NMI (uid[0xffffffff] high level lint[0x1])
[    0.484270] ACPI: LAPIC_NMI (acpi_id[0xff] dfl edge lint[0x1])
[    0.484289] IOAPIC[0]: apic_id 8, version 32, address 0xfec00000, GSI 0-23
[    0.484293] IOAPIC[1]: apic_id 9, version 32, address 0xfec01000, GSI 24-31
[    0.484297] IOAPIC[2]: apic_id 10, version 32, address 0xfec08000, GSI 32-39
[    0.484301] IOAPIC[3]: apic_id 11, version 32, address 0xfec10000, GSI 40-47
[    0.484305] IOAPIC[4]: apic_id 12, version 32, address 0xfec18000, GSI 48-55
[    0.484309] ACPI: INT_SRC_OVR (bus 0 bus_irq 0 global_irq 2 dfl dfl)
[    0.484310] ACPI: INT_SRC_OVR (bus 0 bus_irq 9 global_irq 9 high level)
[    0.484313] ACPI: IRQ0 used by override.
[    0.484314] ACPI: IRQ9 used by override.
[    0.484318] Using ACPI (MADT) for SMP configuration information
[    0.484319] ACPI: HPET id: 0x8086a701 base: 0xfed00000
[    0.484323] smpboot: Allowing 20 CPUs, 0 hotplug CPUs
[    0.484341] PM: Registered nosave memory: [mem 0x00000000-0x00000fff]
[    0.484342] PM: Registered nosave memory: [mem 0x0009a000-0x0009afff]
[    0.484343] PM: Registered nosave memory: [mem 0x0009b000-0x0009ffff]
[    0.484344] PM: Registered nosave memory: [mem 0x000a0000-0x000dffff]
[    0.484344] PM: Registered nosave memory: [mem 0x000e0000-0x000fffff]
[    0.484346] PM: Registered nosave memory: [mem 0x5dc02000-0x5e024fff]
[    0.484347] PM: Registered nosave memory: [mem 0x698ce000-0x6b9cdfff]
[    0.484348] PM: Registered nosave memory: [mem 0x6bdf7000-0x6ce82fff]
[    0.484349] PM: Registered nosave memory: [mem 0x6ce83000-0x6f2d2fff]
[    0.484350] PM: Registered nosave memory: [mem 0x6f800000-0x8fffffff]
[    0.484351] PM: Registered nosave memory: [mem 0x90000000-0xfcffffff]
[    0.484352] PM: Registered nosave memory: [mem 0xfd000000-0xfe7fffff]
[    0.484352] PM: Registered nosave memory: [mem 0xfe800000-0xfed1ffff]
[    0.484353] PM: Registered nosave memory: [mem 0xfed20000-0xfed44fff]
[    0.484353] PM: Registered nosave memory: [mem 0xfed45000-0xfeffffff]
[    0.484354] PM: Registered nosave memory: [mem 0xff000000-0xffffffff]
[    0.484356] [mem 0x90000000-0xfcffffff] available for PCI devices
[    0.484357] Booting paravirtualized kernel on bare hardware
[    0.484360] clocksource: refined-jiffies: mask: 0xffffffff max_cycles: 0xffffffff, max_idle_ns: 7645519600211568 ns
[    0.484372] random: get_random_bytes called from start_kernel+0x97/0x516 with crng_init=0
[    0.484378] setup_percpu: NR_CPUS:8192 nr_cpumask_bits:20 nr_cpu_ids:20 nr_node_ids:1
[    0.484932] percpu: Embedded 46 pages/cpu s151552 r8192 d28672 u262144
[    0.484939] pcpu-alloc: s151552 r8192 d28672 u262144 alloc=1*2097152
[    0.484940] pcpu-alloc: [0] 00 01 02 03 04 05 06 07 [0] 08 09 10 11 12 13 14 15 
[    0.484945] pcpu-alloc: [0] 16 17 18 19 -- -- -- -- 
[    0.484975] Built 1 zonelists, mobility grouping on.  Total pages: 16425740
[    0.484976] Policy zone: Normal
[    0.484977] Kernel command line: BOOT_IMAGE=/boot/vmlinuz-5.0.0-37-generic root=UUID=b3bf41cc-95ba-42a5-90b1-ec8b0f684026 ro quiet splash vt.handoff=1
[    0.489036] Calgary: detecting Calgary via BIOS EBDA area
[    0.489037] Calgary: Unable to locate Rio Grande table in EBDA - bailing!
[    0.663205] Memory: 65558632K/66745960K available (14339K kernel code, 2336K rwdata, 4416K rodata, 2588K init, 5192K bss, 1187328K reserved, 0K cma-reserved)
[    0.663385] SLUB: HWalign=64, Order=0-3, MinObjects=0, CPUs=20, Nodes=1
[    0.663391] ftrace: allocating 41688 entries in 163 pages
[    0.684322] rcu: Hierarchical RCU implementation.
[    0.684323] rcu: 	RCU restricting CPUs from NR_CPUS=8192 to nr_cpu_ids=20.
[    0.684324] 	Tasks RCU enabled.
[    0.684325] rcu: RCU calculated value of scheduler-enlistment delay is 25 jiffies.
[    0.684326] rcu: Adjusting geometry for rcu_fanout_leaf=16, nr_cpu_ids=20
[    0.687565] NR_IRQS: 524544, nr_irqs: 1128, preallocated irqs: 16
[    0.687838] vt handoff: transparent VT on vt#1
[    0.687846] Console: colour dummy device 80x25
[    0.687852] printk: console [tty0] enabled
[    0.687872] ACPI: Core revision 20181213
[    0.692141] clocksource: hpet: mask: 0xffffffff max_cycles: 0xffffffff, max_idle_ns: 79635855245 ns
[    0.692159] hpet clockevent registered
[    0.692184] APIC: Switch to symmetric I/O mode setup
[    0.692187] DMAR: Host address width 46
[    0.692188] DMAR: DRHD base: 0x000000c5ffc000 flags: 0x0
[    0.692193] DMAR: dmar0: reg_base_addr c5ffc000 ver 1:0 cap 8d2078c106f0466 ecap f020df
[    0.692194] DMAR: DRHD base: 0x000000e0ffc000 flags: 0x0
[    0.692198] DMAR: dmar1: reg_base_addr e0ffc000 ver 1:0 cap 8d2078c106f0466 ecap f020df
[    0.692199] DMAR: DRHD base: 0x000000fbffc000 flags: 0x0
[    0.692202] DMAR: dmar2: reg_base_addr fbffc000 ver 1:0 cap 8d2078c106f0466 ecap f020df
[    0.692203] DMAR: DRHD base: 0x000000aaffc000 flags: 0x1
[    0.692206] DMAR: dmar3: reg_base_addr aaffc000 ver 1:0 cap 8d2078c106f0466 ecap f020df
[    0.692208] DMAR: RMRR base: 0x0000006ebd0000 end: 0x0000006ebe0fff
[    0.692209] DMAR: ATSR flags: 0x0
[    0.692210] DMAR: RHSA base: 0x000000aaffc000 proximity domain: 0x0
[    0.692211] DMAR: RHSA base: 0x000000c5ffc000 proximity domain: 0x0
[    0.692211] DMAR: RHSA base: 0x000000e0ffc000 proximity domain: 0x0
[    0.692212] DMAR: RHSA base: 0x000000fbffc000 proximity domain: 0x0
[    0.692214] DMAR-IR: IOAPIC id 12 under DRHD base  0xfbffc000 IOMMU 2
[    0.692215] DMAR-IR: IOAPIC id 11 under DRHD base  0xe0ffc000 IOMMU 1
[    0.692215] DMAR-IR: IOAPIC id 10 under DRHD base  0xc5ffc000 IOMMU 0
[    0.692216] DMAR-IR: IOAPIC id 8 under DRHD base  0xaaffc000 IOMMU 3
[    0.692217] DMAR-IR: IOAPIC id 9 under DRHD base  0xaaffc000 IOMMU 3
[    0.692218] DMAR-IR: HPET id 0 under DRHD base 0xaaffc000
[    0.692219] DMAR-IR: Queued invalidation will be enabled to support x2apic and Intr-remapping.
[    0.693097] DMAR-IR: Enabled IRQ remapping in x2apic mode
[    0.693098] x2apic enabled
[    0.693106] Switched APIC routing to cluster x2apic.
[    0.693946] ..TIMER: vector=0x30 apic1=0 pin1=2 apic2=-1 pin2=-1
[    0.712165] clocksource: tsc-early: mask: 0xffffffffffffffff max_cycles: 0x1fb633008a4, max_idle_ns: 440795292230 ns
[    0.712179] Calibrating delay loop (skipped), value calculated using timer frequency.. 4400.00 BogoMIPS (lpj=8800000)
[    0.712181] pid_max: default: 32768 minimum: 301
[    0.712231] LSM: Security Framework initializing
[    0.712242] Yama: becoming mindful.
[    0.712270] AppArmor: AppArmor initialized
[    0.720817] Dentry cache hash table entries: 8388608 (order: 14, 67108864 bytes)
[    0.725082] Inode-cache hash table entries: 4194304 (order: 13, 33554432 bytes)
[    0.725245] Mount-cache hash table entries: 131072 (order: 8, 1048576 bytes)
[    0.725390] Mountpoint-cache hash table entries: 131072 (order: 8, 1048576 bytes)
[    0.725646] ENERGY_PERF_BIAS: Set to 'normal', was 'performance'
[    0.725646] ENERGY_PERF_BIAS: View and update with x86_energy_perf_policy(8)
[    0.725739] mce: CPU0: Thermal monitoring enabled (TM1)
[    0.725912] process: using mwait in idle threads
[    0.725914] Last level iTLB entries: 4KB 64, 2MB 8, 4MB 8
[    0.725915] Last level dTLB entries: 4KB 64, 2MB 0, 4MB 0, 1GB 4
[    0.725918] Spectre V1 : Mitigation: usercopy/swapgs barriers and __user pointer sanitization
[    0.725919] Spectre V2 : Mitigation: Enhanced IBRS
[    0.725920] Spectre V2 : Spectre v2 / SpectreRSB mitigation: Filling RSB on context switch
[    0.725926] Spectre V2 : mitigation: Enabling conditional Indirect Branch Prediction Barrier
[    0.725927] Speculative Store Bypass: Mitigation: Speculative Store Bypass disabled via prctl and seccomp
[    0.725928] TAA: Mitigation: TSX disabled
[    0.726212] Freeing SMP alternatives memory: 36K
[    0.732239] TSC deadline timer enabled
[    0.732244] smpboot: CPU0: Intel(R) Xeon(R) Silver 4210 CPU @ 2.20GHz (family: 0x6, model: 0x55, stepping: 0x7)
[    0.732335] Performance Events: PEBS fmt3+, Skylake events, 32-deep LBR, full-width counters, Intel PMU driver.
[    0.732343] ... version:                4
[    0.732343] ... bit width:              48
[    0.732344] ... generic registers:      4
[    0.732345] ... value mask:             0000ffffffffffff
[    0.732345] ... max period:             00007fffffffffff
[    0.732346] ... fixed-purpose events:   3
[    0.732346] ... event mask:             000000070000000f
[    0.732390] rcu: Hierarchical SRCU implementation.
[    0.733496] random: crng done (trusting CPU's manufacturer)
[    0.734448] NMI watchdog: Enabled. Permanently consumes one hw-PMU counter.
[    0.734589] smp: Bringing up secondary CPUs ...
[    0.734664] x86: Booting SMP configuration:
[    0.734665] .... node  #0, CPUs:        #1  #2  #3  #4  #5  #6  #7  #8  #9 #10 #11 #12 #13 #14 #15 #16 #17 #18 #19
[    0.809694] smp: Brought up 1 node, 20 CPUs
[    0.809694] smpboot: Max logical packages: 1
[    0.809694] smpboot: Total of 20 processors activated (88000.00 BogoMIPS)
[    0.814048] devtmpfs: initialized
[    0.814048] x86/mm: Memory block size: 2048MB
[    0.814048] PM: Registering ACPI NVS region [mem 0x5dc02000-0x5e024fff] (4337664 bytes)
[    0.814048] PM: Registering ACPI NVS region [mem 0x6bdf7000-0x6ce82fff] (17350656 bytes)
[    0.814048] clocksource: jiffies: mask: 0xffffffff max_cycles: 0xffffffff, max_idle_ns: 7645041785100000 ns
[    0.814048] futex hash table entries: 8192 (order: 7, 524288 bytes)
[    0.814048] pinctrl core: initialized pinctrl subsystem
[    0.814048] RTC time: 18:55:29, date: 2020-01-08
[    0.814048] NET: Registered protocol family 16
[    0.814048] audit: initializing netlink subsys (disabled)
[    0.814048] audit: type=2000 audit(1578509729.124:1): state=initialized audit_enabled=0 res=1
[    0.814048] EISA bus registered
[    0.814048] cpuidle: using governor ladder
[    0.814048] cpuidle: using governor menu
[    0.814048] Detected 1 PCC Subspaces
[    0.814048] Registering PCC driver as Mailbox controller
[    0.814048] ACPI FADT declares the system doesn't support PCIe ASPM, so disable it
[    0.814048] ACPI: bus type PCI registered
[    0.814048] acpiphp: ACPI Hot Plug PCI Controller Driver version: 0.5
[    0.814048] PCI: MMCONFIG for domain 0000 [bus 00-ff] at [mem 0x80000000-0x8fffffff] (base 0x80000000)
[    0.814048] PCI: MMCONFIG at [mem 0x80000000-0x8fffffff] reserved in E820
[    0.814048] PCI: Using configuration type 1 for base access
[    0.816229] HugeTLB registered 1.00 GiB page size, pre-allocated 0 pages
[    0.816229] HugeTLB registered 2.00 MiB page size, pre-allocated 0 pages
[    0.816345] ACPI: Added _OSI(Module Device)
[    0.816346] ACPI: Added _OSI(Processor Device)
[    0.816346] ACPI: Added _OSI(3.0 _SCP Extensions)
[    0.816347] ACPI: Added _OSI(Processor Aggregator Device)
[    0.816348] ACPI: Added _OSI(Linux-Dell-Video)
[    0.816349] ACPI: Added _OSI(Linux-Lenovo-NV-HDMI-Audio)
[    0.816350] ACPI: Added _OSI(Linux-HPI-Hybrid-Graphics)
[    0.955130] ACPI: 5 ACPI AML tables successfully acquired and loaded
[    0.967483] ACPI: [Firmware Bug]: BIOS _OSI(Linux) query ignored
[    0.978175] ACPI: Dynamic OEM Table Load:
[    1.020004] ACPI: Dynamic OEM Table Load:
[    1.080966] ACPI: Dynamic OEM Table Load:
[    1.303241] ACPI: Interpreter enabled
[    1.303268] ACPI: (supports S0 S4 S5)
[    1.303269] ACPI: Using IOAPIC for interrupt routing
[    1.303365] HEST: Table parsing has been initialized.
[    1.303367] PCI: Using host bridge windows from ACPI; if necessary, use "pci=nocrs" and report a bug
[    1.305144] ACPI: Enabled 6 GPEs in block 00 to 7F
[    1.371463] ACPI: PCI Root Bridge [PC00] (domain 0000 [bus 00-15])
[    1.371468] acpi PNP0A08:00: _OSC: OS supports [ExtendedConfig ASPM ClockPM Segments MSI]
[    1.371670] acpi PNP0A08:00: _OSC: platform does not support [SHPCHotplug AER LTR]
[    1.371858] acpi PNP0A08:00: _OSC: OS now controls [PCIeHotplug PME PCIeCapability]
[    1.371859] acpi PNP0A08:00: FADT indicates ASPM is unsupported, using BIOS configuration
[    1.372594] PCI host bridge to bus 0000:00
[    1.372596] pci_bus 0000:00: root bus resource [io  0x0000-0x03af window]
[    1.372597] pci_bus 0000:00: root bus resource [io  0x03e0-0x0cf7 window]
[    1.372598] pci_bus 0000:00: root bus resource [io  0x03b0-0x03bb window]
[    1.372599] pci_bus 0000:00: root bus resource [io  0x03c0-0x03df window]
[    1.372600] pci_bus 0000:00: root bus resource [io  0x1000-0x3fff window]
[    1.372601] pci_bus 0000:00: root bus resource [mem 0x000a0000-0x000bffff window]
[    1.372602] pci_bus 0000:00: root bus resource [mem 0x000c4000-0x000c7fff window]
[    1.372603] pci_bus 0000:00: root bus resource [mem 0xfe010000-0xfe010fff window]
[    1.372604] pci_bus 0000:00: root bus resource [mem 0x90000000-0xaaffffff window]
[    1.372606] pci_bus 0000:00: root bus resource [mem 0x380000000000-0x383fffffffff window]
[    1.372607] pci_bus 0000:00: root bus resource [bus 00-15]
[    1.372615] pci 0000:00:00.0: [8086:2020] type 00 class 0x060000
[    1.372818] pci 0000:00:04.0: [8086:2021] type 00 class 0x088000
[    1.372831] pci 0000:00:04.0: reg 0x10: [mem 0x383ffff1c000-0x383ffff1ffff 64bit]
[    1.373006] pci 0000:00:04.1: [8086:2021] type 00 class 0x088000
[    1.373017] pci 0000:00:04.1: reg 0x10: [mem 0x383ffff18000-0x383ffff1bfff 64bit]
[    1.373189] pci 0000:00:04.2: [8086:2021] type 00 class 0x088000
[    1.373200] pci 0000:00:04.2: reg 0x10: [mem 0x383ffff14000-0x383ffff17fff 64bit]
[    1.373372] pci 0000:00:04.3: [8086:2021] type 00 class 0x088000
[    1.373383] pci 0000:00:04.3: reg 0x10: [mem 0x383ffff10000-0x383ffff13fff 64bit]
[    1.373554] pci 0000:00:04.4: [8086:2021] type 00 class 0x088000
[    1.373565] pci 0000:00:04.4: reg 0x10: [mem 0x383ffff0c000-0x383ffff0ffff 64bit]
[    1.373735] pci 0000:00:04.5: [8086:2021] type 00 class 0x088000
[    1.373746] pci 0000:00:04.5: reg 0x10: [mem 0x383ffff08000-0x383ffff0bfff 64bit]
[    1.373920] pci 0000:00:04.6: [8086:2021] type 00 class 0x088000
[    1.373931] pci 0000:00:04.6: reg 0x10: [mem 0x383ffff04000-0x383ffff07fff 64bit]
[    1.374100] pci 0000:00:04.7: [8086:2021] type 00 class 0x088000
[    1.374111] pci 0000:00:04.7: reg 0x10: [mem 0x383ffff00000-0x383ffff03fff 64bit]
[    1.374280] pci 0000:00:05.0: [8086:2024] type 00 class 0x088000
[    1.374446] pci 0000:00:05.2: [8086:2025] type 00 class 0x088000
[    1.374609] pci 0000:00:05.4: [8086:2026] type 00 class 0x080020
[    1.374618] pci 0000:00:05.4: reg 0x10: [mem 0xaa21a000-0xaa21afff]
[    1.374784] pci 0000:00:08.0: [8086:2014] type 00 class 0x088000
[    1.374937] pci 0000:00:08.1: [8086:2015] type 00 class 0x110100
[    1.375079] pci 0000:00:08.2: [8086:2016] type 00 class 0x088000
[    1.375242] pci 0000:00:11.0: [8086:a1ec] type 00 class 0xff0000
[    1.375467] pci 0000:00:11.1: [8086:a1ed] type 00 class 0xff0000
[    1.375696] pci 0000:00:11.5: [8086:a1d2] type 00 class 0x010601
[    1.375713] pci 0000:00:11.5: reg 0x10: [mem 0xaa216000-0xaa217fff]
[    1.375720] pci 0000:00:11.5: reg 0x14: [mem 0xaa219000-0xaa2190ff]
[    1.375727] pci 0000:00:11.5: reg 0x18: [io  0x0800-0x0807]
[    1.375734] pci 0000:00:11.5: reg 0x1c: [io  0x0810-0x0813]
[    1.375741] pci 0000:00:11.5: reg 0x20: [io  0x0820-0x083f]
[    1.375748] pci 0000:00:11.5: reg 0x24: [mem 0xaa180000-0xaa1fffff]
[    1.375789] pci 0000:00:11.5: PME# supported from D3hot
[    1.375992] pci 0000:00:14.0: [8086:a1af] type 00 class 0x0c0330
[    1.376013] pci 0000:00:14.0: reg 0x10: [mem 0xaa200000-0xaa20ffff 64bit]
[    1.376076] pci 0000:00:14.0: PME# supported from D3hot D3cold
[    1.376267] pci 0000:00:14.2: [8086:a1b1] type 00 class 0x118000
[    1.376287] pci 0000:00:14.2: reg 0x10: [mem 0x383ffff23000-0x383ffff23fff 64bit]
[    1.376495] pci 0000:00:16.0: [8086:a1ba] type 00 class 0x078000
[    1.376523] pci 0000:00:16.0: reg 0x10: [mem 0x383ffff22000-0x383ffff22fff 64bit]
[    1.376605] pci 0000:00:16.0: PME# supported from D3hot
[    1.376752] pci 0000:00:16.1: [8086:a1bb] type 00 class 0x078000
[    1.376780] pci 0000:00:16.1: reg 0x10: [mem 0x383ffff21000-0x383ffff21fff 64bit]
[    1.376863] pci 0000:00:16.1: PME# supported from D3hot
[    1.377013] pci 0000:00:16.4: [8086:a1be] type 00 class 0x078000
[    1.377041] pci 0000:00:16.4: reg 0x10: [mem 0x383ffff20000-0x383ffff20fff 64bit]
[    1.377123] pci 0000:00:16.4: PME# supported from D3hot
[    1.377274] pci 0000:00:17.0: [8086:a182] type 00 class 0x010601
[    1.377292] pci 0000:00:17.0: reg 0x10: [mem 0xaa214000-0xaa215fff]
[    1.377299] pci 0000:00:17.0: reg 0x14: [mem 0xaa218000-0xaa2180ff]
[    1.377305] pci 0000:00:17.0: reg 0x18: [io  0x0840-0x0847]
[    1.377312] pci 0000:00:17.0: reg 0x1c: [io  0x0850-0x0853]
[    1.377319] pci 0000:00:17.0: reg 0x20: [io  0x0860-0x087f]
[    1.377326] pci 0000:00:17.0: reg 0x24: [mem 0xaa100000-0xaa17ffff]
[    1.377367] pci 0000:00:17.0: PME# supported from D3hot
[    1.377564] pci 0000:00:1c.0: [8086:a190] type 01 class 0x060400
[    1.377636] pci 0000:00:1c.0: PME# supported from D0 D3hot D3cold
[    1.377877] pci 0000:00:1c.5: [8086:a195] type 01 class 0x060400
[    1.377944] pci 0000:00:1c.5: PME# supported from D0 D3hot D3cold
[    1.378178] pci 0000:00:1f.0: [8086:a1c2] type 00 class 0x060100
[    1.378421] pci 0000:00:1f.2: [8086:a1a1] type 00 class 0x058000
[    1.378437] pci 0000:00:1f.2: reg 0x10: [mem 0xaa210000-0xaa213fff]
[    1.378658] pci 0000:00:1f.4: [8086:a1a3] type 00 class 0x0c0500
[    1.378678] pci 0000:00:1f.4: reg 0x10: [mem 0x00000000-0x000000ff 64bit]
[    1.378700] pci 0000:00:1f.4: reg 0x20: [io  0x0780-0x079f]
[    1.378854] pci 0000:00:1f.5: [8086:a1a4] type 00 class 0x0c8000
[    1.378870] pci 0000:00:1f.5: reg 0x10: [mem 0xfe010000-0xfe010fff]
[    1.379105] pci 0000:00:1c.0: PCI bridge to [bus 01]
[    1.379170] pci 0000:02:00.0: [1a03:1150] type 01 class 0x060400
[    1.379221] pci 0000:02:00.0: enabling Extended Tags
[    1.379281] pci 0000:02:00.0: supports D1 D2
[    1.379282] pci 0000:02:00.0: PME# supported from D0 D1 D2 D3hot D3cold
[    1.379376] pci 0000:00:1c.5: PCI bridge to [bus 02-03]
[    1.379379] pci 0000:00:1c.5:   bridge window [io  0x3000-0x3fff]
[    1.379381] pci 0000:00:1c.5:   bridge window [mem 0xa9000000-0xaa0fffff]
[    1.379420] pci_bus 0000:03: extended config space not accessible
[    1.379450] pci 0000:03:00.0: [1a03:2000] type 00 class 0x030000
[    1.379471] pci 0000:03:00.0: reg 0x10: [mem 0xa9000000-0xa9ffffff]
[    1.379482] pci 0000:03:00.0: reg 0x14: [mem 0xaa000000-0xaa01ffff]
[    1.379494] pci 0000:03:00.0: reg 0x18: [io  0x3000-0x307f]
[    1.379582] pci 0000:03:00.0: supports D1 D2
[    1.379584] pci 0000:03:00.0: PME# supported from D0 D1 D2 D3hot D3cold
[    1.379675] pci 0000:02:00.0: PCI bridge to [bus 03]
[    1.379681] pci 0000:02:00.0:   bridge window [io  0x3000-0x3fff]
[    1.379684] pci 0000:02:00.0:   bridge window [mem 0xa9000000-0xaa0fffff]
[    1.379705] pci_bus 0000:00: on NUMA node 0
[    1.380779] ACPI: PCI Root Bridge [PC01] (domain 0000 [bus 16-63])
[    1.380783] acpi PNP0A08:01: _OSC: OS supports [ExtendedConfig ASPM ClockPM Segments MSI]
[    1.381401] acpi PNP0A08:01: _OSC: platform does not support [SHPCHotplug AER LTR]
[    1.381800] acpi PNP0A08:01: _OSC: OS now controls [PCIeHotplug PME PCIeCapability]
[    1.381801] acpi PNP0A08:01: FADT indicates ASPM is unsupported, using BIOS configuration
[    1.382067] PCI host bridge to bus 0000:16
[    1.382069] pci_bus 0000:16: root bus resource [io  0x4000-0x7fff window]
[    1.382070] pci_bus 0000:16: root bus resource [mem 0xab000000-0xc5ffffff window]
[    1.382072] pci_bus 0000:16: root bus resource [mem 0x384000000000-0x387fffffffff window]
[    1.382073] pci_bus 0000:16: root bus resource [bus 16-63]
[    1.382082] pci 0000:16:02.0: [8086:2032] type 01 class 0x060400
[    1.382140] pci 0000:16:02.0: PME# supported from D0 D3hot D3cold
[    1.382228] pci 0000:16:05.0: [8086:2034] type 00 class 0x088000
[    1.382324] pci 0000:16:05.2: [8086:2035] type 00 class 0x088000
[    1.382418] pci 0000:16:05.4: [8086:2036] type 00 class 0x080020
[    1.382427] pci 0000:16:05.4: reg 0x10: [mem 0xc4200000-0xc4200fff]
[    1.382524] pci 0000:16:05.5: [8086:201d] type 00 class 0x010400
[    1.382535] pci 0000:16:05.5: reg 0x10: [mem 0x387ffc000000-0x387ffdffffff 64bit pref]
[    1.382540] pci 0000:16:05.5: reg 0x18: [mem 0xc2000000-0xc3ffffff]
[    1.382550] pci 0000:16:05.5: reg 0x20: [mem 0x387ffff00000-0x387fffffffff 64bit]
[    1.382625] pci 0000:16:08.0: [8086:208d] type 00 class 0x088000
[    1.382698] pci 0000:16:08.1: [8086:208d] type 00 class 0x088000
[    1.382768] pci 0000:16:08.2: [8086:208d] type 00 class 0x088000
[    1.382836] pci 0000:16:08.3: [8086:208d] type 00 class 0x088000
[    1.382904] pci 0000:16:08.4: [8086:208d] type 00 class 0x088000
[    1.382972] pci 0000:16:08.5: [8086:208d] type 00 class 0x088000
[    1.383040] pci 0000:16:08.6: [8086:208d] type 00 class 0x088000
[    1.383108] pci 0000:16:08.7: [8086:208d] type 00 class 0x088000
[    1.383176] pci 0000:16:09.0: [8086:208d] type 00 class 0x088000
[    1.383250] pci 0000:16:09.1: [8086:208d] type 00 class 0x088000
[    1.383324] pci 0000:16:0e.0: [8086:208e] type 00 class 0x088000
[    1.383396] pci 0000:16:0e.1: [8086:208e] type 00 class 0x088000
[    1.383464] pci 0000:16:0e.2: [8086:208e] type 00 class 0x088000
[    1.383533] pci 0000:16:0e.3: [8086:208e] type 00 class 0x088000
[    1.383600] pci 0000:16:0e.4: [8086:208e] type 00 class 0x088000
[    1.383669] pci 0000:16:0e.5: [8086:208e] type 00 class 0x088000
[    1.383737] pci 0000:16:0e.6: [8086:208e] type 00 class 0x088000
[    1.383806] pci 0000:16:0e.7: [8086:208e] type 00 class 0x088000
[    1.383875] pci 0000:16:0f.0: [8086:208e] type 00 class 0x088000
[    1.383949] pci 0000:16:0f.1: [8086:208e] type 00 class 0x088000
[    1.384029] pci 0000:16:1d.0: [8086:2054] type 00 class 0x088000
[    1.384102] pci 0000:16:1d.1: [8086:2055] type 00 class 0x088000
[    1.384172] pci 0000:16:1d.2: [8086:2056] type 00 class 0x088000
[    1.384244] pci 0000:16:1d.3: [8086:2057] type 00 class 0x088000
[    1.384316] pci 0000:16:1e.0: [8086:2080] type 00 class 0x088000
[    1.384391] pci 0000:16:1e.1: [8086:2081] type 00 class 0x088000
[    1.384461] pci 0000:16:1e.2: [8086:2082] type 00 class 0x088000
[    1.384530] pci 0000:16:1e.3: [8086:2083] type 00 class 0x088000
[    1.384603] pci 0000:16:1e.4: [8086:2084] type 00 class 0x088000
[    1.384673] pci 0000:16:1e.5: [8086:2085] type 00 class 0x088000
[    1.384741] pci 0000:16:1e.6: [8086:2086] type 00 class 0x088000
[    1.384852] pci 0000:17:00.0: [1000:0097] type 00 class 0x010700
[    1.384864] pci 0000:17:00.0: reg 0x10: [io  0x7000-0x70ff]
[    1.384872] pci 0000:17:00.0: reg 0x14: [mem 0xc4140000-0xc414ffff 64bit]
[    1.384879] pci 0000:17:00.0: reg 0x1c: [mem 0xc4100000-0xc413ffff 64bit]
[    1.384888] pci 0000:17:00.0: reg 0x30: [mem 0xc4000000-0xc40fffff pref]
[    1.384892] pci 0000:17:00.0: enabling Extended Tags
[    1.384975] pci 0000:17:00.0: supports D1 D2
[    1.385029] pci 0000:16:02.0: PCI bridge to [bus 17]
[    1.385031] pci 0000:16:02.0:   bridge window [io  0x7000-0x7fff]
[    1.385033] pci 0000:16:02.0:   bridge window [mem 0xc4000000-0xc41fffff]
[    1.385041] pci_bus 0000:16: on NUMA node 0
[    1.385179] ACPI: PCI Root Bridge [PC02] (domain 0000 [bus 64-b1])
[    1.385183] acpi PNP0A08:02: _OSC: OS supports [ExtendedConfig ASPM ClockPM Segments MSI]
[    1.385794] acpi PNP0A08:02: _OSC: platform does not support [SHPCHotplug AER LTR]
[    1.386156] acpi PNP0A08:02: _OSC: OS now controls [PCIeHotplug PME PCIeCapability]
[    1.386157] acpi PNP0A08:02: FADT indicates ASPM is unsupported, using BIOS configuration
[    1.386372] PCI host bridge to bus 0000:64
[    1.386374] pci_bus 0000:64: root bus resource [io  0x8000-0xbfff window]
[    1.386375] pci_bus 0000:64: root bus resource [mem 0xc6000000-0xe0ffffff window]
[    1.386377] pci_bus 0000:64: root bus resource [mem 0x388000000000-0x38bfffffffff window]
[    1.386378] pci_bus 0000:64: root bus resource [bus 64-b1]
[    1.386385] pci 0000:64:00.0: [8086:2030] type 01 class 0x060400
[    1.386409] pci 0000:64:00.0: enabling Extended Tags
[    1.386440] pci 0000:64:00.0: PME# supported from D0 D3hot D3cold
[    1.386515] pci 0000:64:05.0: [8086:2034] type 00 class 0x088000
[    1.386600] pci 0000:64:05.2: [8086:2035] type 00 class 0x088000
[    1.386682] pci 0000:64:05.4: [8086:2036] type 00 class 0x080020
[    1.386690] pci 0000:64:05.4: reg 0x10: [mem 0xe0300000-0xe0300fff]
[    1.386773] pci 0000:64:05.5: [8086:201d] type 00 class 0x010400
[    1.386784] pci 0000:64:05.5: reg 0x10: [mem 0x38bffc000000-0x38bffdffffff 64bit pref]
[    1.386788] pci 0000:64:05.5: reg 0x18: [mem 0xde000000-0xdfffffff]
[    1.386798] pci 0000:64:05.5: reg 0x20: [mem 0x38bffff00000-0x38bfffffffff 64bit]
[    1.386863] pci 0000:64:08.0: [8086:2066] type 00 class 0x088000
[    1.386942] pci 0000:64:09.0: [8086:2066] type 00 class 0x088000
[    1.387019] pci 0000:64:0a.0: [8086:2040] type 00 class 0x088000
[    1.387095] pci 0000:64:0a.1: [8086:2041] type 00 class 0x088000
[    1.387167] pci 0000:64:0a.2: [8086:2042] type 00 class 0x088000
[    1.387240] pci 0000:64:0a.3: [8086:2043] type 00 class 0x088000
[    1.387311] pci 0000:64:0a.4: [8086:2044] type 00 class 0x088000
[    1.387384] pci 0000:64:0a.5: [8086:2045] type 00 class 0x088000
[    1.387455] pci 0000:64:0a.6: [8086:2046] type 00 class 0x088000
[    1.387526] pci 0000:64:0a.7: [8086:2047] type 00 class 0x088000
[    1.387598] pci 0000:64:0b.0: [8086:2048] type 00 class 0x088000
[    1.387673] pci 0000:64:0b.1: [8086:2049] type 00 class 0x088000
[    1.387744] pci 0000:64:0b.2: [8086:204a] type 00 class 0x088000
[    1.387818] pci 0000:64:0b.3: [8086:204b] type 00 class 0x088000
[    1.387891] pci 0000:64:0c.0: [8086:2040] type 00 class 0x088000
[    1.387968] pci 0000:64:0c.1: [8086:2041] type 00 class 0x088000
[    1.388040] pci 0000:64:0c.2: [8086:2042] type 00 class 0x088000
[    1.388112] pci 0000:64:0c.3: [8086:2043] type 00 class 0x088000
[    1.388185] pci 0000:64:0c.4: [8086:2044] type 00 class 0x088000
[    1.388260] pci 0000:64:0c.5: [8086:2045] type 00 class 0x088000
[    1.388332] pci 0000:64:0c.6: [8086:2046] type 00 class 0x088000
[    1.388405] pci 0000:64:0c.7: [8086:2047] type 00 class 0x088000
[    1.388477] pci 0000:64:0d.0: [8086:2048] type 00 class 0x088000
[    1.388554] pci 0000:64:0d.1: [8086:2049] type 00 class 0x088000
[    1.388627] pci 0000:64:0d.2: [8086:204a] type 00 class 0x088000
[    1.388699] pci 0000:64:0d.3: [8086:204b] type 00 class 0x088000
[    1.388824] pci 0000:65:00.0: [8086:37c0] type 01 class 0x060400
[    1.388840] pci 0000:65:00.0: reg 0x10: [mem 0xe0200000-0xe021ffff 64bit]
[    1.388846] pci 0000:65:00.0: reg 0x38: [mem 0xe0000000-0xe00fffff pref]
[    1.388891] pci 0000:65:00.0: PME# supported from D0 D3hot D3cold
[    1.388956] pci 0000:64:00.0: PCI bridge to [bus 65-67]
[    1.388959] pci 0000:64:00.0:   bridge window [mem 0xe0000000-0xe02fffff]
[    1.388962] pci 0000:64:00.0:   bridge window [mem 0xdb000000-0xdd0fffff 64bit pref]
[    1.389031] pci 0000:66:03.0: [8086:37c5] type 01 class 0x060400
[    1.389109] pci 0000:66:03.0: PME# supported from D0 D3hot D3cold
[    1.389187] pci 0000:65:00.0: PCI bridge to [bus 66-67]
[    1.389191] pci 0000:65:00.0:   bridge window [mem 0xe0100000-0xe01fffff]
[    1.389195] pci 0000:65:00.0:   bridge window [mem 0xdb000000-0xdd0fffff 64bit pref]
[    1.389263] pci 0000:67:00.0: [8086:37d2] type 00 class 0x020000
[    1.389287] pci 0000:67:00.0: reg 0x10: [mem 0xdc000000-0xdcffffff 64bit pref]
[    1.389304] pci 0000:67:00.0: reg 0x1c: [mem 0xdd008000-0xdd00ffff 64bit pref]
[    1.389318] pci 0000:67:00.0: reg 0x30: [mem 0xe0180000-0xe01fffff pref]
[    1.389324] pci 0000:67:00.0: enabling Extended Tags
[    1.389392] pci 0000:67:00.0: PME# supported from D0 D3hot D3cold
[    1.389421] pci 0000:67:00.0: reg 0x184: [mem 0x00000000-0x0001ffff 64bit pref]
[    1.389423] pci 0000:67:00.0: VF(n) BAR0 space: [mem 0x00000000-0x003fffff 64bit pref] (contains BAR0 for 32 VFs)
[    1.389438] pci 0000:67:00.0: reg 0x190: [mem 0x00000000-0x00003fff 64bit pref]
[    1.389439] pci 0000:67:00.0: VF(n) BAR3 space: [mem 0x00000000-0x0007ffff 64bit pref] (contains BAR3 for 32 VFs)
[    1.389585] pci 0000:67:00.1: [8086:37d2] type 00 class 0x020000
[    1.389609] pci 0000:67:00.1: reg 0x10: [mem 0xdb000000-0xdbffffff 64bit pref]
[    1.389626] pci 0000:67:00.1: reg 0x1c: [mem 0xdd000000-0xdd007fff 64bit pref]
[    1.389640] pci 0000:67:00.1: reg 0x30: [mem 0xe0100000-0xe017ffff pref]
[    1.389646] pci 0000:67:00.1: enabling Extended Tags
[    1.389713] pci 0000:67:00.1: PME# supported from D0 D3hot D3cold
[    1.389738] pci 0000:67:00.1: reg 0x184: [mem 0x00000000-0x0001ffff 64bit pref]
[    1.389739] pci 0000:67:00.1: VF(n) BAR0 space: [mem 0x00000000-0x003fffff 64bit pref] (contains BAR0 for 32 VFs)
[    1.389753] pci 0000:67:00.1: reg 0x190: [mem 0x00000000-0x00003fff 64bit pref]
[    1.389755] pci 0000:67:00.1: VF(n) BAR3 space: [mem 0x00000000-0x0007ffff 64bit pref] (contains BAR3 for 32 VFs)
[    1.389908] pci 0000:66:03.0: PCI bridge to [bus 67]
[    1.389912] pci 0000:66:03.0:   bridge window [mem 0xe0100000-0xe01fffff]
[    1.389916] pci 0000:66:03.0:   bridge window [mem 0xdb000000-0xdd0fffff 64bit pref]
[    1.389931] pci_bus 0000:64: on NUMA node 0
[    1.390073] ACPI: PCI Root Bridge [PC03] (domain 0000 [bus b2-ff])
[    1.390076] acpi PNP0A08:03: _OSC: OS supports [ExtendedConfig ASPM ClockPM Segments MSI]
[    1.390665] acpi PNP0A08:03: _OSC: platform does not support [SHPCHotplug AER LTR]
[    1.391025] acpi PNP0A08:03: _OSC: OS now controls [PCIeHotplug PME PCIeCapability]
[    1.391026] acpi PNP0A08:03: FADT indicates ASPM is unsupported, using BIOS configuration
[    1.391271] PCI host bridge to bus 0000:b2
[    1.391272] pci_bus 0000:b2: root bus resource [io  0xc000-0xffff window]
[    1.391274] pci_bus 0000:b2: root bus resource [mem 0xe1000000-0xfbffffff window]
[    1.391275] pci_bus 0000:b2: root bus resource [mem 0x38c000000000-0x38ffffffffff window]
[    1.391276] pci_bus 0000:b2: root bus resource [bus b2-ff]
[    1.391285] pci 0000:b2:05.0: [8086:2034] type 00 class 0x088000
[    1.391373] pci 0000:b2:05.2: [8086:2035] type 00 class 0x088000
[    1.391457] pci 0000:b2:05.4: [8086:2036] type 00 class 0x080020
[    1.391466] pci 0000:b2:05.4: reg 0x10: [mem 0xfa000000-0xfa000fff]
[    1.391551] pci 0000:b2:05.5: [8086:201d] type 00 class 0x010400
[    1.391563] pci 0000:b2:05.5: reg 0x10: [mem 0x38fffc000000-0x38fffdffffff 64bit pref]
[    1.391568] pci 0000:b2:05.5: reg 0x18: [mem 0xf8000000-0xf9ffffff]
[    1.391578] pci 0000:b2:05.5: reg 0x20: [mem 0x38fffff00000-0x38ffffffffff 64bit]
[    1.391645] pci 0000:b2:0e.0: [8086:2058] type 00 class 0x110100
[    1.391720] pci 0000:b2:0e.1: [8086:2059] type 00 class 0x088000
[    1.391792] pci 0000:b2:0f.0: [8086:2058] type 00 class 0x110100
[    1.391867] pci 0000:b2:0f.1: [8086:2059] type 00 class 0x088000
[    1.391941] pci 0000:b2:12.0: [8086:204c] type 00 class 0x110100
[    1.392014] pci 0000:b2:12.1: [8086:204d] type 00 class 0x110100
[    1.392071] pci 0000:b2:12.2: [8086:204e] type 00 class 0x088000
[    1.392131] pci 0000:b2:15.0: [8086:2018] type 00 class 0x088000
[    1.392193] pci 0000:b2:15.1: [8086:2088] type 00 class 0x110100
[    1.392256] pci 0000:b2:16.0: [8086:2018] type 00 class 0x088000
[    1.392318] pci 0000:b2:16.1: [8086:2088] type 00 class 0x110100
[    1.392376] pci 0000:b2:16.4: [8086:2018] type 00 class 0x088000
[    1.392433] pci 0000:b2:16.5: [8086:2088] type 00 class 0x110100
[    1.392495] pci_bus 0000:b2: on NUMA node 0
[    1.393209] ACPI: PCI Interrupt Link [LNKA] (IRQs 3 4 5 6 7 10 *11 12 14 15)
[    1.393278] ACPI: PCI Interrupt Link [LNKB] (IRQs 3 4 5 6 7 *10 11 12 14 15)
[    1.393346] ACPI: PCI Interrupt Link [LNKC] (IRQs 3 4 5 6 10 *11 12 14 15)
[    1.393413] ACPI: PCI Interrupt Link [LNKD] (IRQs 3 4 5 6 10 *11 12 14 15)
[    1.393481] ACPI: PCI Interrupt Link [LNKE] (IRQs 3 4 5 6 7 10 *11 12 14 15)
[    1.393550] ACPI: PCI Interrupt Link [LNKF] (IRQs 3 4 5 6 7 10 *11 12 14 15)
[    1.393617] ACPI: PCI Interrupt Link [LNKG] (IRQs 3 4 5 6 7 10 *11 12 14 15)
[    1.393684] ACPI: PCI Interrupt Link [LNKH] (IRQs 3 4 5 6 7 10 *11 12 14 15)
[    1.396346] SCSI subsystem initialized
[    1.396375] libata version 3.00 loaded.
[    1.396375] pci 0000:03:00.0: vgaarb: setting as boot VGA device
[    1.396375] pci 0000:03:00.0: vgaarb: VGA device added: decodes=io+mem,owns=io+mem,locks=none
[    1.396375] pci 0000:03:00.0: vgaarb: bridge control possible
[    1.396375] vgaarb: loaded
[    1.396375] ACPI: bus type USB registered
[    1.396375] usbcore: registered new interface driver usbfs
[    1.396375] usbcore: registered new interface driver hub
[    1.396375] usbcore: registered new device driver usb
[    1.396375] pps_core: LinuxPPS API ver. 1 registered
[    1.396375] pps_core: Software ver. 5.3.6 - Copyright 2005-2007 Rodolfo Giometti <giometti@linux.it>
[    1.396375] PTP clock support registered
[    1.396375] EDAC MC: Ver: 3.0.0
[    1.396375] PCI: Using ACPI for IRQ routing
[    1.398426] PCI: pci_cache_line_size set to 64 bytes
[    1.398577] e820: reserve RAM buffer [mem 0x0009a800-0x0009ffff]
[    1.398579] e820: reserve RAM buffer [mem 0x5dc02000-0x5fffffff]
[    1.398579] e820: reserve RAM buffer [mem 0x698ce000-0x6bffffff]
[    1.398580] e820: reserve RAM buffer [mem 0x6bdf7000-0x6bffffff]
[    1.398581] e820: reserve RAM buffer [mem 0x6f800000-0x6fffffff]
[    1.398670] NetLabel: Initializing
[    1.398671] NetLabel:  domain hash size = 128
[    1.398671] NetLabel:  protocols = UNLABELED CIPSOv4 CALIPSO
[    1.398684] NetLabel:  unlabeled traffic allowed by default
[    1.400849] hpet0: at MMIO 0xfed00000, IRQs 2, 8, 0, 0, 0, 0, 0, 0
[    1.400853] hpet0: 8 comparators, 64-bit 24.000000 MHz counter
[    1.405242] clocksource: Switched to clocksource tsc-early
[    1.416905] VFS: Disk quotas dquot_6.6.0
[    1.416923] VFS: Dquot-cache hash table entries: 512 (order 0, 4096 bytes)
[    1.417038] AppArmor: AppArmor Filesystem Enabled
[    1.417059] pnp: PnP ACPI init
[    1.417748] pnp 00:00: Plug and Play ACPI device, IDs PNP0b00 (active)
[    1.417869] system 00:01: [io  0x0500-0x05fe] has been reserved
[    1.417871] system 00:01: [io  0x0400-0x047f] has been reserved
[    1.417872] system 00:01: [io  0x0600-0x061f] has been reserved
[    1.417873] system 00:01: [io  0x0880-0x0883] has been reserved
[    1.417875] system 00:01: [io  0x0800-0x081f] could not be reserved
[    1.417877] system 00:01: [mem 0xfed1c000-0xfed3ffff] could not be reserved
[    1.417878] system 00:01: [mem 0xfed45000-0xfed8bfff] has been reserved
[    1.417880] system 00:01: [mem 0xff000000-0xffffffff] has been reserved
[    1.417881] system 00:01: [mem 0xfee00000-0xfeefffff] has been reserved
[    1.417882] system 00:01: [mem 0xfed12000-0xfed1200f] has been reserved
[    1.417883] system 00:01: [mem 0xfed12010-0xfed1201f] has been reserved
[    1.417885] system 00:01: [mem 0xfed1b000-0xfed1bfff] has been reserved
[    1.417888] system 00:01: Plug and Play ACPI device, IDs PNP0c02 (active)
[    1.418315] system 00:02: [io  0x0a00-0x0a0f] has been reserved
[    1.418316] system 00:02: [io  0x0a10-0x0a1f] has been reserved
[    1.418317] system 00:02: [io  0x0a20-0x0a2f] has been reserved
[    1.418319] system 00:02: [io  0x0a30-0x0a3f] has been reserved
[    1.418320] system 00:02: [io  0x0a40-0x0a4f] has been reserved
[    1.418323] system 00:02: Plug and Play ACPI device, IDs PNP0c02 (active)
[    1.418670] pnp 00:03: [dma 0 disabled]
[    1.418707] pnp 00:03: Plug and Play ACPI device, IDs PNP0501 (active)
[    1.419042] pnp 00:04: [dma 0 disabled]
[    1.419077] pnp 00:04: Plug and Play ACPI device, IDs PNP0501 (active)
[    1.419270] system 00:05: [mem 0xfd000000-0xfdabffff] has been reserved
[    1.419271] system 00:05: [mem 0xfdad0000-0xfdadffff] has been reserved
[    1.419273] system 00:05: [mem 0xfdb00000-0xfdffffff] has been reserved
[    1.419274] system 00:05: [mem 0xfe000000-0xfe00ffff] has been reserved
[    1.419275] system 00:05: [mem 0xfe011000-0xfe01ffff] has been reserved
[    1.419277] system 00:05: [mem 0xfe036000-0xfe03bfff] has been reserved
[    1.419278] system 00:05: [mem 0xfe03d000-0xfe3fffff] has been reserved
[    1.419279] system 00:05: [mem 0xfe410000-0xfe7fffff] has been reserved
[    1.419282] system 00:05: Plug and Play ACPI device, IDs PNP0c02 (active)
[    1.419579] system 00:06: [io  0x0f00-0x0ffe] has been reserved
[    1.419582] system 00:06: Plug and Play ACPI device, IDs PNP0c02 (active)
[    1.420576] pnp: PnP ACPI: found 7 devices
[    1.426279] clocksource: acpi_pm: mask: 0xffffff max_cycles: 0xffffff, max_idle_ns: 2085701024 ns
[    1.426314] pci 0000:00:1f.4: BAR 0: assigned [mem 0x380000000000-0x3800000000ff 64bit]
[    1.426324] pci 0000:00:1c.0: PCI bridge to [bus 01]
[    1.426333] pci 0000:02:00.0: PCI bridge to [bus 03]
[    1.426336] pci 0000:02:00.0:   bridge window [io  0x3000-0x3fff]
[    1.426340] pci 0000:02:00.0:   bridge window [mem 0xa9000000-0xaa0fffff]
[    1.426349] pci 0000:00:1c.5: PCI bridge to [bus 02-03]
[    1.426350] pci 0000:00:1c.5:   bridge window [io  0x3000-0x3fff]
[    1.426354] pci 0000:00:1c.5:   bridge window [mem 0xa9000000-0xaa0fffff]
[    1.426360] pci_bus 0000:00: resource 4 [io  0x0000-0x03af window]
[    1.426361] pci_bus 0000:00: resource 5 [io  0x03e0-0x0cf7 window]
[    1.426362] pci_bus 0000:00: resource 6 [io  0x03b0-0x03bb window]
[    1.426363] pci_bus 0000:00: resource 7 [io  0x03c0-0x03df window]
[    1.426364] pci_bus 0000:00: resource 8 [io  0x1000-0x3fff window]
[    1.426365] pci_bus 0000:00: resource 9 [mem 0x000a0000-0x000bffff window]
[    1.426366] pci_bus 0000:00: resource 10 [mem 0x000c4000-0x000c7fff window]
[    1.426368] pci_bus 0000:00: resource 11 [mem 0xfe010000-0xfe010fff window]
[    1.426369] pci_bus 0000:00: resource 12 [mem 0x90000000-0xaaffffff window]
[    1.426370] pci_bus 0000:00: resource 13 [mem 0x380000000000-0x383fffffffff window]
[    1.426371] pci_bus 0000:02: resource 0 [io  0x3000-0x3fff]
[    1.426372] pci_bus 0000:02: resource 1 [mem 0xa9000000-0xaa0fffff]
[    1.426373] pci_bus 0000:03: resource 0 [io  0x3000-0x3fff]
[    1.426374] pci_bus 0000:03: resource 1 [mem 0xa9000000-0xaa0fffff]
[    1.426506] pci 0000:16:02.0: PCI bridge to [bus 17]
[    1.426508] pci 0000:16:02.0:   bridge window [io  0x7000-0x7fff]
[    1.426510] pci 0000:16:02.0:   bridge window [mem 0xc4000000-0xc41fffff]
[    1.426516] pci_bus 0000:16: resource 4 [io  0x4000-0x7fff window]
[    1.426517] pci_bus 0000:16: resource 5 [mem 0xab000000-0xc5ffffff window]
[    1.426518] pci_bus 0000:16: resource 6 [mem 0x384000000000-0x387fffffffff window]
[    1.426519] pci_bus 0000:17: resource 0 [io  0x7000-0x7fff]
[    1.426520] pci_bus 0000:17: resource 1 [mem 0xc4000000-0xc41fffff]
[    1.426543] pci_bus 0000:64: max bus depth: 3 pci_try_num: 4
[    1.426564] pci 0000:67:00.0: BAR 7: no space for [mem size 0x00400000 64bit pref]
[    1.426566] pci 0000:67:00.0: BAR 7: failed to assign [mem size 0x00400000 64bit pref]
[    1.426568] pci 0000:67:00.1: BAR 7: no space for [mem size 0x00400000 64bit pref]
[    1.426569] pci 0000:67:00.1: BAR 7: failed to assign [mem size 0x00400000 64bit pref]
[    1.426570] pci 0000:67:00.0: BAR 10: assigned [mem 0xdd010000-0xdd08ffff 64bit pref]
[    1.426575] pci 0000:67:00.1: BAR 10: no space for [mem size 0x00080000 64bit pref]
[    1.426576] pci 0000:67:00.1: BAR 10: failed to assign [mem size 0x00080000 64bit pref]
[    1.426577] pci 0000:66:03.0: PCI bridge to [bus 67]
[    1.426581] pci 0000:66:03.0:   bridge window [mem 0xe0100000-0xe01fffff]
[    1.426584] pci 0000:66:03.0:   bridge window [mem 0xdb000000-0xdd0fffff 64bit pref]
[    1.426588] pci 0000:65:00.0: PCI bridge to [bus 66-67]
[    1.426591] pci 0000:65:00.0:   bridge window [mem 0xe0100000-0xe01fffff]
[    1.426593] pci 0000:65:00.0:   bridge window [mem 0xdb000000-0xdd0fffff 64bit pref]
[    1.426597] pci 0000:64:00.0: PCI bridge to [bus 65-67]
[    1.426600] pci 0000:64:00.0:   bridge window [mem 0xe0000000-0xe02fffff]
[    1.426602] pci 0000:64:00.0:   bridge window [mem 0xdb000000-0xdd0fffff 64bit pref]
[    1.426605] pci_bus 0000:64: No. 2 try to assign unassigned res
[    1.426606] release child resource [mem 0xdb000000-0xdbffffff 64bit pref]
[    1.426607] release child resource [mem 0xdc000000-0xdcffffff 64bit pref]
[    1.426608] release child resource [mem 0xdd000000-0xdd007fff 64bit pref]
[    1.426608] release child resource [mem 0xdd008000-0xdd00ffff 64bit pref]
[    1.426609] release child resource [mem 0xdd010000-0xdd08ffff 64bit pref]
[    1.426610] pci 0000:66:03.0: resource 15 [mem 0xdb000000-0xdd0fffff 64bit pref] released
[    1.426611] pci 0000:66:03.0: PCI bridge to [bus 67]
[    1.426633] pci 0000:66:03.0: BAR 15: no space for [mem size 0x03000000 64bit pref]
[    1.426634] pci 0000:66:03.0: BAR 15: failed to assign [mem size 0x03000000 64bit pref]
[    1.426637] pci 0000:67:00.0: BAR 0: no space for [mem size 0x01000000 64bit pref]
[    1.426638] pci 0000:67:00.0: BAR 0: failed to assign [mem size 0x01000000 64bit pref]
[    1.426641] pci 0000:67:00.1: BAR 0: no space for [mem size 0x01000000 64bit pref]
[    1.426642] pci 0000:67:00.1: BAR 0: failed to assign [mem size 0x01000000 64bit pref]
[    1.426643] pci 0000:67:00.0: BAR 7: no space for [mem size 0x00400000 64bit pref]
[    1.426644] pci 0000:67:00.0: BAR 7: failed to assign [mem size 0x00400000 64bit pref]
[    1.426645] pci 0000:67:00.1: BAR 7: no space for [mem size 0x00400000 64bit pref]
[    1.426646] pci 0000:67:00.1: BAR 7: failed to assign [mem size 0x00400000 64bit pref]
[    1.426648] pci 0000:67:00.0: BAR 3: no space for [mem size 0x00008000 64bit pref]
[    1.426649] pci 0000:67:00.0: BAR 3: failed to assign [mem size 0x00008000 64bit pref]
[    1.426650] pci 0000:67:00.1: BAR 3: no space for [mem size 0x00008000 64bit pref]
[    1.426651] pci 0000:67:00.1: BAR 3: failed to assign [mem size 0x00008000 64bit pref]
[    1.426652] pci 0000:67:00.0: BAR 10: no space for [mem size 0x00080000 64bit pref]
[    1.426654] pci 0000:67:00.0: BAR 10: failed to assign [mem size 0x00080000 64bit pref]
[    1.426655] pci 0000:67:00.1: BAR 10: no space for [mem size 0x00080000 64bit pref]
[    1.426656] pci 0000:67:00.1: BAR 10: failed to assign [mem size 0x00080000 64bit pref]
[    1.426657] pci 0000:66:03.0: PCI bridge to [bus 67]
[    1.426661] pci 0000:66:03.0:   bridge window [mem 0xe0100000-0xe01fffff]
[    1.426667] pci 0000:65:00.0: PCI bridge to [bus 66-67]
[    1.426670] pci 0000:65:00.0:   bridge window [mem 0xe0100000-0xe01fffff]
[    1.426672] pci 0000:65:00.0:   bridge window [mem 0xdb000000-0xdd0fffff 64bit pref]
[    1.426676] pci 0000:64:00.0: PCI bridge to [bus 65-67]
[    1.426678] pci 0000:64:00.0:   bridge window [mem 0xe0000000-0xe02fffff]
[    1.426680] pci 0000:64:00.0:   bridge window [mem 0xdb000000-0xdd0fffff 64bit pref]
[    1.426684] pci_bus 0000:64: No. 3 try to assign unassigned res
[    1.426685] release child resource [mem 0xe0100000-0xe017ffff pref]
[    1.426686] release child resource [mem 0xe0180000-0xe01fffff pref]
[    1.426687] pci 0000:66:03.0: resource 14 [mem 0xe0100000-0xe01fffff] released
[    1.426688] pci 0000:66:03.0: PCI bridge to [bus 67]
[    1.426691] pci 0000:65:00.0: resource 15 [mem 0xdb000000-0xdd0fffff 64bit pref] released
[    1.426692] pci 0000:65:00.0: PCI bridge to [bus 66-67]
[    1.426713] pci 0000:65:00.0: BAR 15: no space for [mem size 0x03000000 64bit pref]
[    1.426714] pci 0000:65:00.0: BAR 15: failed to assign [mem size 0x03000000 64bit pref]
[    1.426716] pci 0000:66:03.0: BAR 15: no space for [mem size 0x03000000 64bit pref]
[    1.426717] pci 0000:66:03.0: BAR 15: failed to assign [mem size 0x03000000 64bit pref]
[    1.426718] pci 0000:66:03.0: BAR 14: assigned [mem 0xe0100000-0xe01fffff]
[    1.426721] pci 0000:67:00.0: BAR 0: no space for [mem size 0x01000000 64bit pref]
[    1.426722] pci 0000:67:00.0: BAR 0: failed to assign [mem size 0x01000000 64bit pref]
[    1.426724] pci 0000:67:00.1: BAR 0: no space for [mem size 0x01000000 64bit pref]
[    1.426725] pci 0000:67:00.1: BAR 0: failed to assign [mem size 0x01000000 64bit pref]
[    1.426726] pci 0000:67:00.0: BAR 6: assigned [mem 0xe0100000-0xe017ffff pref]
[    1.426728] pci 0000:67:00.1: BAR 6: assigned [mem 0xe0180000-0xe01fffff pref]
[    1.426729] pci 0000:67:00.0: BAR 7: no space for [mem size 0x00400000 64bit pref]
[    1.426730] pci 0000:67:00.0: BAR 7: failed to assign [mem size 0x00400000 64bit pref]
[    1.426731] pci 0000:67:00.1: BAR 7: no space for [mem size 0x00400000 64bit pref]
[    1.426732] pci 0000:67:00.1: BAR 7: failed to assign [mem size 0x00400000 64bit pref]
[    1.426734] pci 0000:67:00.0: BAR 3: no space for [mem size 0x00008000 64bit pref]
[    1.426735] pci 0000:67:00.0: BAR 3: failed to assign [mem size 0x00008000 64bit pref]
[    1.426736] pci 0000:67:00.1: BAR 3: no space for [mem size 0x00008000 64bit pref]
[    1.426737] pci 0000:67:00.1: BAR 3: failed to assign [mem size 0x00008000 64bit pref]
[    1.426738] pci 0000:67:00.0: BAR 10: no space for [mem size 0x00080000 64bit pref]
[    1.426739] pci 0000:67:00.0: BAR 10: failed to assign [mem size 0x00080000 64bit pref]
[    1.426741] pci 0000:67:00.1: BAR 10: no space for [mem size 0x00080000 64bit pref]
[    1.426742] pci 0000:67:00.1: BAR 10: failed to assign [mem size 0x00080000 64bit pref]
[    1.426743] pci 0000:66:03.0: PCI bridge to [bus 67]
[    1.426746] pci 0000:66:03.0:   bridge window [mem 0xe0100000-0xe01fffff]
[    1.426752] pci 0000:65:00.0: PCI bridge to [bus 66-67]
[    1.426755] pci 0000:65:00.0:   bridge window [mem 0xe0100000-0xe01fffff]
[    1.426760] pci 0000:64:00.0: PCI bridge to [bus 65-67]
[    1.426763] pci 0000:64:00.0:   bridge window [mem 0xe0000000-0xe02fffff]
[    1.426765] pci 0000:64:00.0:   bridge window [mem 0xdb000000-0xdd0fffff 64bit pref]
[    1.426768] pci_bus 0000:64: No. 4 try to assign unassigned res
[    1.426769] release child resource [mem 0xe0100000-0xe017ffff pref]
[    1.426769] release child resource [mem 0xe0180000-0xe01fffff pref]
[    1.426771] pci 0000:66:03.0: resource 14 [mem 0xe0100000-0xe01fffff] released
[    1.426771] pci 0000:66:03.0: PCI bridge to [bus 67]
[    1.426774] pci 0000:65:00.0: resource 14 [mem 0xe0100000-0xe01fffff] released
[    1.426775] pci 0000:65:00.0: PCI bridge to [bus 66-67]
[    1.426778] pci 0000:64:00.0: resource 15 [mem 0xdb000000-0xdd0fffff 64bit pref] released
[    1.426779] pci 0000:64:00.0: PCI bridge to [bus 65-67]
[    1.426789] pci 0000:66:03.0: bridge window [mem 0x00800000-0x037fffff 64bit pref] to [bus 67] add_size 1000000 add_align 800000
[    1.426796] pci 0000:65:00.0: bridge window [mem 0x00800000-0x037fffff 64bit pref] to [bus 66-67] add_size 1000000 add_align 800000
[    1.426800] pci 0000:64:00.0: bridge window [mem 0x00800000-0x037fffff 64bit pref] to [bus 65-67] add_size 1000000 add_align 800000
[    1.426805] pci 0000:64:00.0: BAR 15: assigned [mem 0x388000000000-0x388003ffffff 64bit pref]
[    1.426807] pci 0000:65:00.0: BAR 15: assigned [mem 0x388000000000-0x388003ffffff 64bit pref]
[    1.426808] pci 0000:65:00.0: BAR 14: assigned [mem 0xe0100000-0xe01fffff]
[    1.426811] pci 0000:66:03.0: BAR 15: assigned [mem 0x388000000000-0x388003ffffff 64bit pref]
[    1.426812] pci 0000:66:03.0: BAR 14: assigned [mem 0xe0100000-0xe01fffff]
[    1.426815] pci 0000:67:00.0: BAR 0: assigned [mem 0x388000000000-0x388000ffffff 64bit pref]
[    1.426823] pci 0000:67:00.1: BAR 0: assigned [mem 0x388001000000-0x388001ffffff 64bit pref]
[    1.426831] pci 0000:67:00.0: BAR 6: assigned [mem 0xe0100000-0xe017ffff pref]
[    1.426832] pci 0000:67:00.1: BAR 6: assigned [mem 0xe0180000-0xe01fffff pref]
[    1.426833] pci 0000:67:00.0: BAR 7: assigned [mem 0x388002000000-0x3880023fffff 64bit pref]
[    1.426837] pci 0000:67:00.1: BAR 7: assigned [mem 0x388002400000-0x3880027fffff 64bit pref]
[    1.426840] pci 0000:67:00.0: BAR 3: assigned [mem 0x388002800000-0x388002807fff 64bit pref]
[    1.426848] pci 0000:67:00.1: BAR 3: assigned [mem 0x388002808000-0x38800280ffff 64bit pref]
[    1.426855] pci 0000:67:00.0: BAR 10: assigned [mem 0x388002810000-0x38800288ffff 64bit pref]
[    1.426859] pci 0000:67:00.1: BAR 10: assigned [mem 0x388002890000-0x38800290ffff 64bit pref]
[    1.426862] pci 0000:66:03.0: PCI bridge to [bus 67]
[    1.426866] pci 0000:66:03.0:   bridge window [mem 0xe0100000-0xe01fffff]
[    1.426868] pci 0000:66:03.0:   bridge window [mem 0x388000000000-0x388003ffffff 64bit pref]
[    1.426872] pci 0000:65:00.0: PCI bridge to [bus 66-67]
[    1.426876] pci 0000:65:00.0:   bridge window [mem 0xe0100000-0xe01fffff]
[    1.426878] pci 0000:65:00.0:   bridge window [mem 0x388000000000-0x388003ffffff 64bit pref]
[    1.426882] pci 0000:64:00.0: PCI bridge to [bus 65-67]
[    1.426884] pci 0000:64:00.0:   bridge window [mem 0xe0000000-0xe02fffff]
[    1.426886] pci 0000:64:00.0:   bridge window [mem 0x388000000000-0x388003ffffff 64bit pref]
[    1.426890] pci_bus 0000:64: resource 4 [io  0x8000-0xbfff window]
[    1.426891] pci_bus 0000:64: resource 5 [mem 0xc6000000-0xe0ffffff window]
[    1.426892] pci_bus 0000:64: resource 6 [mem 0x388000000000-0x38bfffffffff window]
[    1.426893] pci_bus 0000:65: resource 1 [mem 0xe0000000-0xe02fffff]
[    1.426895] pci_bus 0000:65: resource 2 [mem 0x388000000000-0x388003ffffff 64bit pref]
[    1.426896] pci_bus 0000:66: resource 1 [mem 0xe0100000-0xe01fffff]
[    1.426897] pci_bus 0000:66: resource 2 [mem 0x388000000000-0x388003ffffff 64bit pref]
[    1.426898] pci_bus 0000:67: resource 1 [mem 0xe0100000-0xe01fffff]
[    1.426899] pci_bus 0000:67: resource 2 [mem 0x388000000000-0x388003ffffff 64bit pref]
[    1.426926] pci_bus 0000:b2: resource 4 [io  0xc000-0xffff window]
[    1.426927] pci_bus 0000:b2: resource 5 [mem 0xe1000000-0xfbffffff window]
[    1.426928] pci_bus 0000:b2: resource 6 [mem 0x38c000000000-0x38ffffffffff window]
[    1.426980] NET: Registered protocol family 2
[    1.427154] tcp_listen_portaddr_hash hash table entries: 32768 (order: 7, 524288 bytes)
[    1.427348] TCP established hash table entries: 524288 (order: 10, 4194304 bytes)
[    1.427958] TCP bind hash table entries: 65536 (order: 8, 1048576 bytes)
[    1.428058] TCP: Hash tables configured (established 524288 bind 65536)
[    1.428127] UDP hash table entries: 32768 (order: 8, 1048576 bytes)
[    1.428292] UDP-Lite hash table entries: 32768 (order: 8, 1048576 bytes)
[    1.428498] NET: Registered protocol family 1
[    1.428503] NET: Registered protocol family 44
[    1.428828] pci 0000:03:00.0: Video device with shadowed ROM at [mem 0x000c0000-0x000dffff]
[    1.428887] PCI: CLS mismatch (64 != 32), using 64 bytes
[    1.428980] Unpacking initramfs...
[    2.055224] Freeing initrd memory: 39868K
[    2.068195] PCI-DMA: Using software bounce buffering for IO (SWIOTLB)
[    2.068198] software IO TLB: mapped [mem 0x658ce000-0x698ce000] (64MB)
[    2.069374] check: Scanning for low memory corruption every 60 seconds
[    2.071584] Initialise system trusted keyrings
[    2.071590] Key type blacklist registered
[    2.071618] workingset: timestamp_bits=36 max_order=24 bucket_order=0
[    2.072919] zbud: loaded
[    2.073284] squashfs: version 4.0 (2009/01/31) Phillip Lougher
[    2.073464] fuse init (API version 7.28)
[    2.105401] Key type asymmetric registered
[    2.105402] Asymmetric key parser 'x509' registered
[    2.105414] Block layer SCSI generic (bsg) driver version 0.4 loaded (major 243)
[    2.105468] io scheduler mq-deadline registered
[    2.106015] pcieport 0000:00:1c.0: Signaling PME with IRQ 24
[    2.106207] pcieport 0000:00:1c.5: Signaling PME with IRQ 25
[    2.106474] pcieport 0000:16:02.0: Signaling PME with IRQ 27
[    2.106682] pcieport 0000:64:00.0: Signaling PME with IRQ 29
[    2.106924] shpchp: Standard Hot Plug PCI Controller Driver version: 0.4
[    2.107002] vesafb: mode is 640x480x32, linelength=2560, pages=0
[    2.107002] vesafb: scrolling: redraw
[    2.107004] vesafb: Truecolor: size=8:8:8:8, shift=24:16:8:0
[    2.107019] vesafb: framebuffer at 0xa9000000, mapped to 0x0000000019d11378, using 1216k, total 1216k
[    2.107103] Console: switching to colour frame buffer device 80x30
[    2.107114] fb0: VESA VGA frame buffer device
[    2.107126] intel_idle: MWAIT substates: 0x2020
[    2.107127] intel_idle: v0.4.1 model 0x55
[    2.107743] intel_idle: lapic_timer_reliable_states 0xffffffff
[    2.108106] input: Power Button as /devices/LNXSYSTM:00/LNXPWRBN:00/input/input0
[    2.108120] ACPI: Power Button [PWRF]
[    2.146756] ERST: Error Record Serialization Table (ERST) support is initialized.
[    2.146757] pstore: Registered erst as persistent store backend
[    2.147181] GHES: APEI firmware first mode is enabled by APEI bit and WHEA _OSC.
[    2.147299] Serial: 8250/16550 driver, 32 ports, IRQ sharing enabled
[    2.168328] 00:03: ttyS0 at I/O 0x3f8 (irq = 4, base_baud = 115200) is a 16550A
[    2.189426] 00:04: ttyS1 at I/O 0x2f8 (irq = 3, base_baud = 115200) is a 16550A
[    2.190951] Linux agpgart interface v0.103
[    2.195001] loop: module loaded
[    2.195233] libphy: Fixed MDIO Bus: probed
[    2.195234] tun: Universal TUN/TAP device driver, 1.6
[    2.195255] PPP generic driver version 2.4.2
[    2.195285] ehci_hcd: USB 2.0 'Enhanced' Host Controller (EHCI) Driver
[    2.195287] ehci-pci: EHCI PCI platform driver
[    2.195304] ehci-platform: EHCI generic platform driver
[    2.195312] ohci_hcd: USB 1.1 'Open' Host Controller (OHCI) Driver
[    2.195313] ohci-pci: OHCI PCI platform driver
[    2.195328] ohci-platform: OHCI generic platform driver
[    2.195335] uhci_hcd: USB Universal Host Controller Interface driver
[    2.195578] xhci_hcd 0000:00:14.0: xHCI Host Controller
[    2.195585] xhci_hcd 0000:00:14.0: new USB bus registered, assigned bus number 1
[    2.196655] xhci_hcd 0000:00:14.0: hcc params 0x200077c1 hci version 0x100 quirks 0x0000000000009810
[    2.196659] xhci_hcd 0000:00:14.0: cache line size of 64 is not supported
[    2.196856] usb usb1: New USB device found, idVendor=1d6b, idProduct=0002, bcdDevice= 5.00
[    2.196857] usb usb1: New USB device strings: Mfr=3, Product=2, SerialNumber=1
[    2.196858] usb usb1: Product: xHCI Host Controller
[    2.196860] usb usb1: Manufacturer: Linux 5.0.0-37-generic xhci-hcd
[    2.196860] usb usb1: SerialNumber: 0000:00:14.0
[    2.196956] hub 1-0:1.0: USB hub found
[    2.196974] hub 1-0:1.0: 16 ports detected
[    2.198739] xhci_hcd 0000:00:14.0: xHCI Host Controller
[    2.198742] xhci_hcd 0000:00:14.0: new USB bus registered, assigned bus number 2
[    2.198744] xhci_hcd 0000:00:14.0: Host supports USB 3.0 SuperSpeed
[    2.198776] usb usb2: New USB device found, idVendor=1d6b, idProduct=0003, bcdDevice= 5.00
[    2.198778] usb usb2: New USB device strings: Mfr=3, Product=2, SerialNumber=1
[    2.198779] usb usb2: Product: xHCI Host Controller
[    2.198780] usb usb2: Manufacturer: Linux 5.0.0-37-generic xhci-hcd
[    2.198781] usb usb2: SerialNumber: 0000:00:14.0
[    2.198890] hub 2-0:1.0: USB hub found
[    2.198905] hub 2-0:1.0: 10 ports detected
[    2.199596] usb: port power management may be unreliable
[    2.200015] i8042: PNP: No PS/2 controller found.
[    2.200056] mousedev: PS/2 mouse device common for all mice
[    2.200123] rtc_cmos 00:00: RTC can wake from S4
[    2.200387] rtc_cmos 00:00: registered as rtc0
[    2.200400] rtc_cmos 00:00: alarms up to one month, y3k, 114 bytes nvram, hpet irqs
[    2.200405] i2c /dev entries driver
[    2.200479] device-mapper: uevent: version 1.0.3
[    2.200523] device-mapper: ioctl: 4.39.0-ioctl (2018-04-03) initialised: dm-devel@redhat.com
[    2.200539] platform eisa.0: Probing EISA bus 0
[    2.200540] platform eisa.0: EISA: Cannot allocate resource for mainboard
[    2.200542] platform eisa.0: Cannot allocate resource for EISA slot 1
[    2.200543] platform eisa.0: Cannot allocate resource for EISA slot 2
[    2.200543] platform eisa.0: Cannot allocate resource for EISA slot 3
[    2.200544] platform eisa.0: Cannot allocate resource for EISA slot 4
[    2.200545] platform eisa.0: Cannot allocate resource for EISA slot 5
[    2.200546] platform eisa.0: Cannot allocate resource for EISA slot 6
[    2.200547] platform eisa.0: Cannot allocate resource for EISA slot 7
[    2.200548] platform eisa.0: Cannot allocate resource for EISA slot 8
[    2.200549] platform eisa.0: EISA: Detected 0 cards
[    2.200556] intel_pstate: Intel P-state driver initializing
[    2.204270] ledtrig-cpu: registered to indicate activity on CPUs
[    2.204483] NET: Registered protocol family 10
[    2.208181] Segment Routing with IPv6
[    2.208210] NET: Registered protocol family 17
[    2.208243] Key type dns_resolver registered
[    2.211848] mce: Using 20 MCE banks
[    2.211860] RAS: Correctable Errors collector initialized.
[    2.211921] microcode: sig=0x50657, pf=0x1, revision=0x500002c
[    2.212099] microcode: Microcode Update Driver: v2.2.
[    2.212356] resctrl: MB allocation detected
[    2.212356] resctrl: L3 monitoring detected
[    2.212364] sched_clock: Marking stable (2211983329, 364415)->(2279182707, -66834963)
[    2.212542] registered taskstats version 1
[    2.212549] Loading compiled-in X.509 certificates
[    2.213853] Loaded X.509 cert 'Build time autogenerated kernel key: 88fcad88465f792265cf358553c118dce4c5c672'
[    2.213873] zswap: loaded using pool lzo/zbud
[    2.214051] pstore: Using crash dump compression: deflate
[    2.217846] Key type big_key registered
[    2.217848] Key type trusted registered
[    2.219610] Key type encrypted registered
[    2.219611] AppArmor: AppArmor sha1 policy hashing enabled
[    2.219615] ima: No TPM chip found, activating TPM-bypass!
[    2.219617] ima: Allocated hash algorithm: sha1
[    2.219621] No architecture policies found
[    2.219626] evm: Initialising EVM extended attributes:
[    2.219627] evm: security.selinux
[    2.219627] evm: security.SMACK64
[    2.219628] evm: security.SMACK64EXEC
[    2.219628] evm: security.SMACK64TRANSMUTE
[    2.219628] evm: security.SMACK64MMAP
[    2.219628] evm: security.apparmor
[    2.219629] evm: security.ima
[    2.219629] evm: security.capability
[    2.219630] evm: HMAC attrs: 0x1
[    2.220468]   Magic number: 4:370:948
[    2.220506] tty tty5: hash matches
[    2.220607] processor cpu3: hash matches
[    2.220714] rtc_cmos 00:00: setting system clock to 2020-01-08T18:55:30 UTC (1578509730)
[    2.221846] Freeing unused decrypted memory: 2040K
[    2.222213] Freeing unused kernel image memory: 2588K
[    2.260307] Write protecting the kernel read-only data: 22528k
[    2.260782] Freeing unused kernel image memory: 2016K
[    2.261041] Freeing unused kernel image memory: 1728K
[    2.269085] x86/mm: Checked W+X mappings: passed, no W+X pages found.
[    2.269089] Run /init as init process
[    2.371791] vmd 0000:16:05.5: PCI host bridge to bus 10000:00
[    2.371794] pci_bus 10000:00: root bus resource [bus 00-1f]
[    2.371796] pci_bus 10000:00: root bus resource [mem 0xc2000000-0xc3ffffff]
[    2.371797] pci_bus 10000:00: root bus resource [mem 0x387ffff02000-0x387fffffffff 64bit]
[    2.371806] pci 10000:00:00.0: [8086:2030] type 01 class 0x060400
[    2.371831] pci 10000:00:00.0: enabling Extended Tags
[    2.371861] pci 10000:00:00.0: PME# supported from D0 D3hot D3cold
[    2.372018] pci 10000:00:01.0: [8086:2031] type 01 class 0x060400
[    2.372042] pci 10000:00:01.0: enabling Extended Tags
[    2.372072] pci 10000:00:01.0: PME# supported from D0 D3hot D3cold
[    2.372182] pci 10000:00:00.0: PCI bridge to [bus 01]
[    2.372185] pci 10000:00:00.0:   bridge window [io  0x0000-0x0fff]
[    2.372214] pci 10000:00:01.0: PCI bridge to [bus 02]
[    2.372216] pci 10000:00:01.0:   bridge window [io  0x0000-0x1fff]
[    2.372234] pci 10000:00:00.0: bridge window [mem 0x00100000-0x000fffff 64bit pref] to [bus 01] add_size 200000 add_align 100000
[    2.372236] pci 10000:00:00.0: bridge window [mem 0x00100000-0x000fffff] to [bus 01] add_size 200000 add_align 100000
[    2.372241] pci 10000:00:01.0: bridge window [mem 0x00100000-0x000fffff 64bit pref] to [bus 02] add_size 200000 add_align 100000
[    2.372243] pci 10000:00:01.0: bridge window [mem 0x00100000-0x000fffff] to [bus 02] add_size 200000 add_align 100000
[    2.372249] pci 10000:00:00.0: BAR 14: assigned [mem 0xc2000000-0xc21fffff]
[    2.372253] pci 10000:00:00.0: BAR 15: assigned [mem 0xc2200000-0xc23fffff 64bit pref]
[    2.372255] pci 10000:00:01.0: BAR 14: assigned [mem 0xc2400000-0xc25fffff]
[    2.372257] pci 10000:00:01.0: BAR 15: assigned [mem 0xc2600000-0xc27fffff 64bit pref]
[    2.372259] pci 10000:00:00.0: BAR 13: no space for [io  size 0x1000]
[    2.372261] pci 10000:00:00.0: BAR 13: failed to assign [io  size 0x1000]
[    2.372262] pci 10000:00:01.0: BAR 13: no space for [io  size 0x2000]
[    2.372263] pci 10000:00:01.0: BAR 13: failed to assign [io  size 0x2000]
[    2.372266] pci 10000:00:00.0: BAR 13: no space for [io  size 0x1000]
[    2.372267] pci 10000:00:00.0: BAR 13: failed to assign [io  size 0x1000]
[    2.372269] pci 10000:00:01.0: BAR 13: no space for [io  size 0x2000]
[    2.372270] pci 10000:00:01.0: BAR 13: failed to assign [io  size 0x2000]
[    2.372272] pci 10000:00:00.0: PCI bridge to [bus 01]
[    2.372275] pci 10000:00:00.0:   bridge window [mem 0xc2000000-0xc21fffff]
[    2.372278] pci 10000:00:00.0:   bridge window [mem 0xc2200000-0xc23fffff 64bit pref]
[    2.372282] pci 10000:00:01.0: PCI bridge to [bus 02]
[    2.372285] pci 10000:00:01.0:   bridge window [mem 0xc2400000-0xc25fffff]
[    2.372288] pci 10000:00:01.0:   bridge window [mem 0xc2600000-0xc27fffff 64bit pref]
[    2.372314] ahci 0000:00:11.5: version 3.0
[    2.372551] ahci 0000:00:11.5: AHCI 0001.0301 32 slots 3 ports 6 Gbps 0x7 impl SATA mode
[    2.372553] ahci 0000:00:11.5: flags: 64bit ncq sntf led clo only pio slum part ems deso sadm sds apst 
[    2.372604] pcieport 10000:00:00.0: can't derive routing for PCI INT A
[    2.372605] pcieport 10000:00:00.0: PCI INT A: no GSI
[    2.372657] pcieport 10000:00:00.0: Signaling PME with IRQ 70
[    2.372742] aer 10000:00:00.0:pcie002: AER enabled with IRQ 70
[    2.372761] pciehp 10000:00:00.0:pcie004: Slot #1 AttnBtn- PwrCtrl- MRL- AttnInd- PwrInd- HotPlug+ Surprise+ Interlock- NoCompl- LLActRep+ (with Cmd Compl erratum)
[    2.372842] pcieport 10000:00:01.0: can't derive routing for PCI INT A
[    2.372843] pcieport 10000:00:01.0: PCI INT A: no GSI
[    2.372894] pcieport 10000:00:01.0: Signaling PME with IRQ 71
[    2.372943] aer 10000:00:01.0:pcie002: AER enabled with IRQ 71
[    2.372958] pciehp 10000:00:01.0:pcie004: Slot #2 AttnBtn- PwrCtrl- MRL- AttnInd- PwrInd- HotPlug+ Surprise+ Interlock- NoCompl- LLActRep+ (with Cmd Compl erratum)
[    2.373326] vmd 0000:16:05.5: Bound to PCI domain 10000
[    2.374238] vmd 0000:64:05.5: PCI host bridge to bus 10001:00
[    2.374239] pci_bus 10001:00: root bus resource [bus 00-1f]
[    2.374240] pci_bus 10001:00: root bus resource [mem 0xde000000-0xdfffffff]
[    2.374241] pci_bus 10001:00: root bus resource [mem 0x38bffff02000-0x38bfffffffff 64bit]
[    2.374248] pci 10001:00:02.0: [8086:2032] type 01 class 0x060400
[    2.374271] pci 10001:00:02.0: enabling Extended Tags
[    2.374298] pci 10001:00:02.0: PME# supported from D0 D3hot D3cold
[    2.374394] pci 10001:01:00.0: [1de5:2000] type 00 class 0x010802
[    2.374418] pci 10001:01:00.0: reg 0x10: [mem 0xde000000-0xde00ffff 64bit]
[    2.374429] pci 10001:01:00.0: reg 0x18: [mem 0xde010000-0xde01ffff 64bit]
[    2.374441] pci 10001:01:00.0: reg 0x20: [mem 0x00000000-0x1fffffff 64bit pref]
[    2.374507] pci 10001:01:00.0: 31.504 Gb/s available PCIe bandwidth, limited by 8 GT/s x4 link at 10001:00:02.0 (capable of 63.012 Gb/s with 16 GT/s x4 link)
[    2.374583] pci 10001:00:02.0: PCI bridge to [bus 01]
[    2.374585] pci 10001:00:02.0:   bridge window [io  0x0000-0x6fff]
[    2.374586] pci 10001:00:02.0:   bridge window [mem 0xde000000-0xde0fffff]
[    2.374598] pci 10001:00:02.0: BAR 15: no space for [mem size 0x20000000 64bit pref]
[    2.374599] pci 10001:00:02.0: BAR 15: failed to assign [mem size 0x20000000 64bit pref]
[    2.374600] pci 10001:00:02.0: BAR 14: assigned [mem 0xde000000-0xde0fffff]
[    2.374601] pci 10001:00:02.0: BAR 13: no space for [io  size 0x7000]
[    2.374602] pci 10001:00:02.0: BAR 13: failed to assign [io  size 0x7000]
[    2.374604] pci 10001:01:00.0: BAR 4: no space for [mem size 0x20000000 64bit pref]
[    2.374605] pci 10001:01:00.0: BAR 4: failed to assign [mem size 0x20000000 64bit pref]
[    2.374606] pci 10001:01:00.0: BAR 0: assigned [mem 0xde000000-0xde00ffff 64bit]
[    2.374614] pci 10001:01:00.0: BAR 2: assigned [mem 0xde010000-0xde01ffff 64bit]
[    2.374622] pci 10001:00:02.0: PCI bridge to [bus 01]
[    2.374624] pci 10001:00:02.0:   bridge window [mem 0xde000000-0xde0fffff]
[    2.374641] pcieport 10001:00:02.0: can't derive routing for PCI INT A
[    2.374642] pcieport 10001:00:02.0: PCI INT A: no GSI
[    2.374721] pcieport 10001:00:02.0: Signaling PME with IRQ 105
[    2.374830] aer 10001:00:02.0:pcie002: AER enabled with IRQ 105
[    2.374875] vmd 0000:64:05.5: Bound to PCI domain 10001
[    2.375285] mpt3sas version 27.101.00.00 loaded
[    2.375877] vmd 0000:b2:05.5: PCI host bridge to bus 10002:00
[    2.375878] pci_bus 10002:00: root bus resource [bus 00-1f]
[    2.375879] pci_bus 10002:00: root bus resource [mem 0xf8000000-0xf9ffffff]
[    2.375880] pci_bus 10002:00: root bus resource [mem 0x38fffff02000-0x38ffffffffff 64bit]
[    2.375891] vmd 0000:b2:05.5: Bound to PCI domain 10002
[    2.376076] mpt3sas_cm0: 63 BIT PCI BUS DMA ADDRESSING SUPPORTED, total mem (65606908 kB)
[    2.378507] i40e: Intel(R) Ethernet Connection XL710 Network Driver - version 2.7.6-k
[    2.378508] i40e: Copyright (c) 2013 - 2014 Intel Corporation.
[    2.389511] nvme nvme0: pci function 10001:01:00.0
[    2.389521] pcieport 10001:00:02.0: can't derive routing for PCI INT A
[    2.389522] nvme 10001:01:00.0: PCI INT A: not connected
[    2.389574] nvme nvme0: failed to register the CMB
[    2.392076] i40e 0000:67:00.0: fw 3.1.49755 api 1.5 nvm 3.1d 0x8000089d 1.1638.0
[    2.395640] i40e 0000:67:00.0: MAC address: ac:1f:6b:bb:a0:6e
[    2.400479] scsi host1: ahci
[    2.400971] scsi host2: ahci
[    2.401182] scsi host3: ahci
[    2.401227] ata1: SATA max UDMA/133 abar m524288@0xaa180000 port 0xaa180100 irq 69
[    2.401228] ata2: SATA max UDMA/133 abar m524288@0xaa180000 port 0xaa180180 irq 69
[    2.401230] ata3: SATA max UDMA/133 abar m524288@0xaa180000 port 0xaa180200 irq 69
[    2.403260] ahci 0000:00:17.0: AHCI 0001.0301 32 slots 8 ports 6 Gbps 0xff impl SATA mode
[    2.403262] ahci 0000:00:17.0: flags: 64bit ncq sntf led clo only pio slum part ems deso sadm sds apst 
[    2.405038] i40e 0000:67:00.0: Added LAN device PF0 bus=0x67 dev=0x00 func=0x00
[    2.405656] i40e 0000:67:00.0: Features: PF-id[0] VFs: 32 VSIs: 66 QP: 20 RSS FD_ATR FD_SB NTUPLE DCB VxLAN Geneve PTP VEPA
[    2.420476] i40e 0000:67:00.1: fw 3.1.49755 api 1.5 nvm 3.1d 0x8000089d 1.1638.0
[    2.423823] i40e 0000:67:00.1: MAC address: ac:1f:6b:bb:a0:6f
[    2.431040] i40e 0000:67:00.1 eth1: NIC Link is Up, 1000 Mbps Full Duplex, Flow Control: None
[    2.432982] i40e 0000:67:00.1: Added LAN device PF1 bus=0x67 dev=0x00 func=0x01
[    2.433607] i40e 0000:67:00.1: Features: PF-id[1] VFs: 32 VSIs: 66 QP: 20 RSS FD_ATR FD_SB NTUPLE DCB VxLAN Geneve PTP VEPA
[    2.441860] mpt3sas_cm0: CurrentHostPageSize is 0: Setting default host page size to 4k
[    2.441876] mpt3sas_cm0: MSI-X vectors supported: 96, no of cores: 20, max_msix_vectors: -1
[    2.442248] mpt3sas0-msix0: PCI-MSI-X enabled: IRQ 293
[    2.442248] mpt3sas0-msix1: PCI-MSI-X enabled: IRQ 294
[    2.442249] mpt3sas0-msix2: PCI-MSI-X enabled: IRQ 295
[    2.442249] mpt3sas0-msix3: PCI-MSI-X enabled: IRQ 296
[    2.442250] mpt3sas0-msix4: PCI-MSI-X enabled: IRQ 297
[    2.442250] mpt3sas0-msix5: PCI-MSI-X enabled: IRQ 298
[    2.442250] mpt3sas0-msix6: PCI-MSI-X enabled: IRQ 299
[    2.442251] mpt3sas0-msix7: PCI-MSI-X enabled: IRQ 300
[    2.442251] mpt3sas0-msix8: PCI-MSI-X enabled: IRQ 301
[    2.442252] mpt3sas0-msix9: PCI-MSI-X enabled: IRQ 302
[    2.442252] mpt3sas0-msix10: PCI-MSI-X enabled: IRQ 303
[    2.442252] mpt3sas0-msix11: PCI-MSI-X enabled: IRQ 304
[    2.442253] mpt3sas0-msix12: PCI-MSI-X enabled: IRQ 305
[    2.442253] mpt3sas0-msix13: PCI-MSI-X enabled: IRQ 306
[    2.442254] mpt3sas0-msix14: PCI-MSI-X enabled: IRQ 307
[    2.442254] mpt3sas0-msix15: PCI-MSI-X enabled: IRQ 308
[    2.442254] mpt3sas0-msix16: PCI-MSI-X enabled: IRQ 309
[    2.442255] mpt3sas0-msix17: PCI-MSI-X enabled: IRQ 310
[    2.442255] mpt3sas0-msix18: PCI-MSI-X enabled: IRQ 311
[    2.442256] mpt3sas0-msix19: PCI-MSI-X enabled: IRQ 312
[    2.442257] mpt3sas_cm0: iomem(0x00000000c4140000), mapped(0x00000000486df5ba), size(65536)
[    2.442258] mpt3sas_cm0: ioport(0x0000000000007000), size(256)
[    2.453313] i40e 0000:67:00.1 eno2: renamed from eth1
[    2.476378] i40e 0000:67:00.0 eno1: renamed from eth0
[    2.510499] mpt3sas_cm0: CurrentHostPageSize is 0: Setting default host page size to 4k
[    2.510501] mpt3sas_cm0: sending diag reset !!
[    2.510977] scsi host4: ahci
[    2.511738] scsi host5: ahci
[    2.512182] scsi host6: ahci
[    2.512352] scsi host7: ahci
[    2.512439] scsi host8: ahci
[    2.512518] scsi host9: ahci
[    2.512596] scsi host10: ahci
[    2.512677] scsi host11: ahci
[    2.512724] ata4: SATA max UDMA/133 abar m524288@0xaa100000 port 0xaa100100 irq 217
[    2.512726] ata5: SATA max UDMA/133 abar m524288@0xaa100000 port 0xaa100180 irq 217
[    2.512727] ata6: SATA max UDMA/133 abar m524288@0xaa100000 port 0xaa100200 irq 217
[    2.512728] ata7: SATA max UDMA/133 abar m524288@0xaa100000 port 0xaa100280 irq 217
[    2.512730] ata8: SATA max UDMA/133 abar m524288@0xaa100000 port 0xaa100300 irq 217
[    2.512731] ata9: SATA max UDMA/133 abar m524288@0xaa100000 port 0xaa100380 irq 217
[    2.512733] ata10: SATA max UDMA/133 abar m524288@0xaa100000 port 0xaa100400 irq 217
[    2.512734] ata11: SATA max UDMA/133 abar m524288@0xaa100000 port 0xaa100480 irq 217
[    2.532182] usb 1-7: new high-speed USB device number 2 using xhci_hcd
[    2.605052] nvme nvme0: 15/0/0 default/read/poll queues
[    2.684830] usb 1-7: New USB device found, idVendor=0557, idProduct=7000, bcdDevice= 0.00
[    2.684834] usb 1-7: New USB device strings: Mfr=0, Product=0, SerialNumber=0
[    2.685452] hub 1-7:1.0: USB hub found
[    2.685635] hub 1-7:1.0: 4 ports detected
[    2.715234] ata3: SATA link up 6.0 Gbps (SStatus 133 SControl 300)
[    2.715257] ata1: SATA link down (SStatus 0 SControl 300)
[    2.715283] ata2: SATA link up 6.0 Gbps (SStatus 133 SControl 300)
[    2.715551] ata3.00: supports DRM functions and may not be fully accessible
[    2.717127] ata2.00: supports DRM functions and may not be fully accessible
[    2.718064] ata2.00: ATA-11: Samsung SSD 860 EVO 500GB, RVT01B6Q, max UDMA/133
[    2.718067] ata2.00: 976773168 sectors, multi 1: LBA48 NCQ (depth 32), AA
[    2.720443] ata2.00: supports DRM functions and may not be fully accessible
[    2.723208] ata2.00: configured for UDMA/133
[    2.723318] ata3.00: disabling queued TRIM support
[    2.723332] ata3.00: ATA-9: Micron_M550_MTFDDAV256MAY, MU01, max UDMA/133
[    2.723333] ata3.00: 500118192 sectors, multi 16: LBA48 NCQ (depth 32), AA
[    2.723393] scsi 2:0:0:0: Direct-Access     ATA      Samsung SSD 860  1B6Q PQ: 0 ANSI: 5
[    2.723569] ata2.00: Enabling discard_zeroes_data
[    2.723605] sd 2:0:0:0: Attached scsi generic sg0 type 0
[    2.723643] sd 2:0:0:0: [sda] 976773168 512-byte logical blocks: (500 GB/466 GiB)
[    2.723654] sd 2:0:0:0: [sda] Write Protect is off
[    2.723656] sd 2:0:0:0: [sda] Mode Sense: 00 3a 00 00
[    2.723673] sd 2:0:0:0: [sda] Write cache: enabled, read cache: enabled, doesn't support DPO or FUA
[    2.723766] ata2.00: Enabling discard_zeroes_data
[    2.724038]  sda: sda1
[    2.724296] ata2.00: Enabling discard_zeroes_data
[    2.725485] sd 2:0:0:0: [sda] supports TCG Opal
[    2.725486] sd 2:0:0:0: [sda] Attached SCSI disk
[    2.740353] ata3.00: supports DRM functions and may not be fully accessible
[    2.748157] ata3.00: disabling queued TRIM support
[    2.764979] ata3.00: configured for UDMA/133
[    2.765181] scsi 3:0:0:0: Direct-Access     ATA      Micron_M550_MTFD MU01 PQ: 0 ANSI: 5
[    2.765355] ata3.00: Enabling discard_zeroes_data
[    2.765385] sd 3:0:0:0: Attached scsi generic sg1 type 0
[    2.765427] sd 3:0:0:0: [sdb] 500118192 512-byte logical blocks: (256 GB/238 GiB)
[    2.765428] sd 3:0:0:0: [sdb] 4096-byte physical blocks
[    2.765438] sd 3:0:0:0: [sdb] Write Protect is off
[    2.765440] sd 3:0:0:0: [sdb] Mode Sense: 00 3a 00 00
[    2.765456] sd 3:0:0:0: [sdb] Write cache: enabled, read cache: enabled, doesn't support DPO or FUA
[    2.765611] ata3.00: Enabling discard_zeroes_data
[    2.766406] ata3.00: Enabling discard_zeroes_data
[    2.766635] sd 3:0:0:0: [sdb] supports TCG Opal
[    2.766637] sd 3:0:0:0: [sdb] Attached SCSI disk
[    2.826745] ata9: SATA link down (SStatus 0 SControl 300)
[    2.826933] ata11: SATA link down (SStatus 0 SControl 300)
[    2.827261] ata8: SATA link down (SStatus 0 SControl 300)
[    2.827284] ata4: SATA link down (SStatus 0 SControl 300)
[    2.827308] ata7: SATA link down (SStatus 0 SControl 300)
[    2.827333] ata5: SATA link down (SStatus 0 SControl 300)
[    2.827355] ata6: SATA link down (SStatus 0 SControl 300)
[    2.827377] ata10: SATA link down (SStatus 0 SControl 300)
[    2.992237] usb 1-7.1: new low-speed USB device number 3 using xhci_hcd
[    3.088238] tsc: Refined TSC clocksource calibration: 2199.999 MHz
[    3.088246] clocksource: tsc: mask: 0xffffffffffffffff max_cycles: 0x1fb631c647b, max_idle_ns: 440795226700 ns
[    3.088321] clocksource: Switched to clocksource tsc
[    3.121065] usb 1-7.1: New USB device found, idVendor=0557, idProduct=2419, bcdDevice= 1.00
[    3.121068] usb 1-7.1: New USB device strings: Mfr=0, Product=0, SerialNumber=0
[    3.128359] hidraw: raw HID events driver (C) Jiri Kosina
[    3.131172] usbcore: registered new interface driver usbhid
[    3.131173] usbhid: USB HID core driver
[    3.132904] input: HID 0557:2419 as /devices/pci0000:00/0000:00:14.0/usb1/1-7/1-7.1/1-7.1:1.0/0003:0557:2419.0001/input/input1
[    3.192343] hid-generic 0003:0557:2419.0001: input,hidraw0: USB HID v1.00 Keyboard [HID 0557:2419] on usb-0000:00:14.0-7.1/input0
[    3.192438] input: HID 0557:2419 as /devices/pci0000:00/0000:00:14.0/usb1/1-7/1-7.1/1-7.1:1.1/0003:0557:2419.0002/input/input2
[    3.192494] hid-generic 0003:0557:2419.0002: input,hidraw1: USB HID v1.00 Mouse [HID 0557:2419] on usb-0000:00:14.0-7.1/input1
[    3.647329] mpt3sas_cm0: diag reset: SUCCESS
[    3.693630] mpt3sas_cm0: Allocated physical memory: size(2476 kB)
[    3.693631] mpt3sas_cm0: Current Controller Queue Depth(2936),Max Controller Queue Depth(3072)
[    3.693632] mpt3sas_cm0: Scatter Gather Elements per IO(128)
[    3.892579] mpt3sas_cm0: _base_display_fwpkg_version: complete
[    3.892892] mpt3sas_cm0: LSISAS3008: FWVersion(15.00.03.00), ChipRevision(0x02), BiosVersion(08.35.00.00)
[    3.892893] mpt3sas_cm0: Protocol=(Initiator), Capabilities=(Raid,TLR,EEDP,Snapshot Buffer,Diag Trace Buffer,Task Set Full,NCQ)
[    3.892938] scsi host0: Fusion MPT SAS Host
[    3.895515] mpt3sas_cm0: sending port enable !!
[    3.933898] EXT4-fs (sda1): mounted filesystem with ordered data mode. Opts: (null)
[    4.031337] systemd[1]: systemd 237 running in system mode. (+PAM +AUDIT +SELINUX +IMA +APPARMOR +SMACK +SYSVINIT +UTMP +LIBCRYPTSETUP +GCRYPT +GNUTLS +ACL +XZ +LZ4 +SECCOMP +BLKID +ELFUTILS +KMOD -IDN2 +IDN -PCRE2 default-hierarchy=hybrid)
[    4.049436] systemd[1]: Detected architecture x86-64.
[    4.052138] systemd[1]: Set hostname to <ve>.
[    4.119539] systemd[1]: /etc/systemd/system/eideticom-node-exporter.service:1: Assignment outside of section. Ignoring.
[    4.119542] systemd[1]: /etc/systemd/system/eideticom-node-exporter.service:2: Assignment outside of section. Ignoring.
[    4.119544] systemd[1]: /etc/systemd/system/eideticom-node-exporter.service:3: Assignment outside of section. Ignoring.
[    4.131874] systemd[1]: Set up automount Arbitrary Executable File Formats File System Automount Point.
[    4.132773] systemd[1]: Created slice User and Session Slice.
[    4.132789] systemd[1]: Reached target User and Group Name Lookups.
[    4.132821] systemd[1]: Started Forward Password Requests to Wall Directory Watch.
[    4.145540] EXT4-fs (sda1): re-mounted. Opts: errors=remount-ro
[    4.146409] lp: driver loaded but no devices found
[    4.148142] RPC: Registered named UNIX socket transport module.
[    4.148143] RPC: Registered udp transport module.
[    4.148143] RPC: Registered tcp transport module.
[    4.148144] RPC: Registered tcp NFSv4.1 backchannel transport module.
[    4.149380] ppdev: user-space parallel port driver
[    4.220241] Adding 2097148k swap on /swapfile.  Priority:-2 extents:6 across:2260988k SSFS
[    4.224741] systemd-journald[519]: Received request to flush runtime journal from PID 1
[    4.375405] IPMI message handler: version 39.2
[    4.380224] ipmi device interface
[    4.384145] ipmi_si: IPMI System Interface driver
[    4.384232] ipmi_si dmi-ipmi-si.0: ipmi_platform: probing via SMBIOS
[    4.384234] ipmi_platform: ipmi_si: SMBIOS: io 0xca2 regsize 1 spacing 1 irq 0
[    4.384236] ipmi_si: Adding SMBIOS-specified kcs state machine
[    4.384272] ipmi_si IPI0001:00: ipmi_platform: probing via ACPI
[    4.384303] ipmi_si IPI0001:00: ipmi_platform: [io  0x0ca2] regsize 1 spacing 1 irq 0
[    4.384305] ipmi_si dmi-ipmi-si.0: Removing SMBIOS-specified kcs state machine in favor of ACPI
[    4.384306] ipmi_si: Adding ACPI-specified kcs state machine
[    4.384426] ipmi_si: Trying ACPI-specified kcs state machine at i/o address 0xca2, slave address 0x20, irq 0
[    4.420695] power_meter ACPI000D:00: Found ACPI power meter.
[    4.420756] power_meter ACPI000D:00: Ignoring unsafe software power cap!
[    4.420770] power_meter ACPI000D:00: hwmon_device_register() is deprecated. Please convert the driver to use hwmon_device_register_with_info().
[    4.449181] dca service started, version 1.12.1
[    4.475757] lpc_ich 0000:00:1f.0: I/O space for ACPI uninitialized
[    4.475760] lpc_ich 0000:00:1f.0: No MFD cells added
[    4.479982] ioatdma: Intel(R) QuickData Technology Driver 4.00
[    4.529520] RAPL PMU: API unit is 2^-32 Joules, 3 fixed counters, 655360 ms ovfl timer
[    4.529523] RAPL PMU: hw unit of domain pp0-core 2^-14 Joules
[    4.529525] RAPL PMU: hw unit of domain package 2^-14 Joules
[    4.529526] RAPL PMU: hw unit of domain dram 2^-16 Joules
[    4.538910] cryptd: max_cpu_qlen set to 1000
[    4.556661] AVX2 version of gcm_enc/dec engaged.
[    4.556664] AES CTR mode by8 optimization enabled
[    4.596098] checking generic (a9000000 130000) vs hw (a9000000 1000000)
[    4.596101] fb0: switching to astdrmfb from VESA VGA
[    4.596153] Console: switching to colour dummy device 80x25
[    4.596545] [drm] P2A bridge disabled, using default configuration
[    4.596546] [drm] AST 2500 detected
[    4.596553] [drm] Analog VGA only
[    4.596561] [drm] dram MCLK=800 Mhz type=1 bus_width=16 size=00f00000
[    4.597202] [TTM] Zone  kernel: Available graphics memory: 32803454 kiB
[    4.597203] [TTM] Zone   dma32: Available graphics memory: 2097152 kiB
[    4.597205] [TTM] Initializing pool allocator
[    4.597209] [TTM] Initializing DMA pool allocator
[    4.600990] fbcon: astdrmfb (fb0) is primary device
[    4.601061] Console: switching to colour frame buffer device 128x48
[    4.601087] ast 0000:03:00.0: fb0: astdrmfb frame buffer device
[    4.628266] [drm] Initialized ast 0.1.0 20120228 for 0000:03:00.0 on minor 0
[    4.712198] ipmi_si IPI0001:00: The BMC does not support clearing the recv irq bit, compensating, but the BMC needs to be fixed.
[    4.736816] EDAC MC0: Giving out device to module skx_edac controller Skylake Socket#0 IMC#0: DEV 0000:64:0a.0 (INTERRUPT)
[    4.737077] EDAC MC1: Giving out device to module skx_edac controller Skylake Socket#0 IMC#1: DEV 0000:64:0c.0 (INTERRUPT)
[    4.740378] intel_rapl: Found RAPL domain package
[    4.740383] intel_rapl: Found RAPL domain dram
[    4.740385] intel_rapl: DRAM domain energy unit 15300pj
[    4.793186] audit: type=1400 audit(1578509733.067:2): apparmor="STATUS" operation="profile_load" profile="unconfined" name="libreoffice-xpdfimport" pid=937 comm="apparmor_parser"
[    4.793663] audit: type=1400 audit(1578509733.067:3): apparmor="STATUS" operation="profile_load" profile="unconfined" name="/usr/bin/man" pid=933 comm="apparmor_parser"
[    4.793668] audit: type=1400 audit(1578509733.067:4): apparmor="STATUS" operation="profile_load" profile="unconfined" name="man_filter" pid=933 comm="apparmor_parser"
[    4.793670] audit: type=1400 audit(1578509733.067:5): apparmor="STATUS" operation="profile_load" profile="unconfined" name="man_groff" pid=933 comm="apparmor_parser"
[    4.793731] audit: type=1400 audit(1578509733.067:6): apparmor="STATUS" operation="profile_load" profile="unconfined" name="/usr/sbin/ippusbxd" pid=941 comm="apparmor_parser"
[    4.793969] audit: type=1400 audit(1578509733.067:7): apparmor="STATUS" operation="profile_load" profile="unconfined" name="libreoffice-oopslash" pid=934 comm="apparmor_parser"
[    4.794835] audit: type=1400 audit(1578509733.067:8): apparmor="STATUS" operation="profile_load" profile="unconfined" name="/usr/sbin/tcpdump" pid=943 comm="apparmor_parser"
[    4.796062] audit: type=1400 audit(1578509733.067:9): apparmor="STATUS" operation="profile_load" profile="unconfined" name="libreoffice-senddoc" pid=935 comm="apparmor_parser"
[    4.796583] audit: type=1400 audit(1578509733.071:10): apparmor="STATUS" operation="profile_load" profile="unconfined" name="/usr/sbin/cups-browsed" pid=939 comm="apparmor_parser"
[    4.804719] ipmi_si IPI0001:00: IPMI message handler: Found new BMC (man_id: 0x002a7c, prod_id: 0x095e, dev_id: 0x20)
[    4.846773] ipmi_si IPI0001:00: IPMI kcs interface initialized
[    4.849005] ipmi_ssif: IPMI SSIF Interface driver
[    5.008244] mei mei::55213584-9a29-4916-badf-0fb7ed682aeb:01: Could not read FW version
[    5.008247] mei mei::55213584-9a29-4916-badf-0fb7ed682aeb:01: FW version command failed -5
[    6.444547] mpt3sas_cm0: host_add: handle(0x0001), sas_addr(0x500304801cd29f03), phys(8)
[   10.084468] IPv6: ADDRCONF(NETDEV_CHANGE): eno2: link becomes ready
[   11.580260] mpt3sas_cm0: port enable: SUCCESS
[   16.283711] aufs 4.x-rcN-20190204
[   16.339521] kauditd_printk_skb: 28 callbacks suppressed
[   16.339523] audit: type=1400 audit(1578509744.611:39): apparmor="STATUS" operation="profile_load" profile="unconfined" name="docker-default" pid=1437 comm="apparmor_parser"
[   22.190349] bridge: filtering via arp/ip/ip6tables is no longer available by default. Update your scripts to load br_netfilter if you need this.
[   22.191991] Bridge firewalling registered
[   22.218721] bpfilter: Loaded bpfilter_umh pid 2370
[   22.279748] Initializing XFRM netlink socket
[   75.994319] FS-Cache: Loaded
[   76.009474] FS-Cache: Netfs 'nfs' registered for caching
[   76.134948] NFS: Registering the id_resolver key type
[   76.134958] Key type id_resolver registered
[   76.134959] Key type id_legacy registered
[   78.820560] FS-Cache: Duplicate cookie detected
[   78.820569] FS-Cache: O-cookie c=0000000025326f3f [p=000000000ae79d2c fl=222 nc=0 na=1]
[   78.820572] FS-Cache: O-cookie d=00000000fa20e869 n=0000000023065599
[   78.820575] FS-Cache: O-key=[10] '040002000801c0a80b14'
[   78.820583] FS-Cache: N-cookie c=00000000fbfe5379 [p=000000000ae79d2c fl=2 nc=0 na=1]
[   78.820585] FS-Cache: N-cookie d=00000000fa20e869 n=00000000765c921b
[   78.820587] FS-Cache: N-key=[10] '040002000801c0a80b14'
[   83.766124] FS-Cache: Duplicate cookie detected
[   83.766133] FS-Cache: O-cookie c=0000000025326f3f [p=000000000ae79d2c fl=222 nc=0 na=1]
[   83.766136] FS-Cache: O-cookie d=00000000fa20e869 n=0000000023065599
[   83.766139] FS-Cache: O-key=[10] '040002000801c0a80b14'
[   83.766147] FS-Cache: N-cookie c=000000008377daf9 [p=000000000ae79d2c fl=2 nc=0 na=1]
[   83.766149] FS-Cache: N-cookie d=00000000fa20e869 n=00000000b6831785
[   83.766151] FS-Cache: N-key=[10] '040002000801c0a80b14'
[  765.891327] FS-Cache: Duplicate cookie detected
[  765.891336] FS-Cache: O-cookie c=0000000025326f3f [p=000000000ae79d2c fl=222 nc=0 na=1]
[  765.891340] FS-Cache: O-cookie d=00000000fa20e869 n=0000000023065599
[  765.891342] FS-Cache: O-key=[10] '040002000801c0a80b14'
[  765.891350] FS-Cache: N-cookie c=00000000606407c8 [p=000000000ae79d2c fl=2 nc=0 na=1]
[  765.891353] FS-Cache: N-cookie d=00000000fa20e869 n=00000000f8bc4f9f
[  765.891354] FS-Cache: N-key=[10] '040002000801c0a80b14'
[  857.678968] docker0: port 1(vethaf5e6e6) entered blocking state
[  857.678972] docker0: port 1(vethaf5e6e6) entered disabled state
[  857.679026] device vethaf5e6e6 entered promiscuous mode
[  857.866457] eth0: renamed from veth9aea096
[  857.894308] IPv6: ADDRCONF(NETDEV_CHANGE): vethaf5e6e6: link becomes ready
[  857.894393] docker0: port 1(vethaf5e6e6) entered blocking state
[  857.894397] docker0: port 1(vethaf5e6e6) entered forwarding state
[  857.894468] IPv6: ADDRCONF(NETDEV_CHANGE): docker0: link becomes ready
[  858.328231] docker0: port 1(vethaf5e6e6) entered disabled state
[  858.328336] veth9aea096: renamed from eth0
[  858.401979] docker0: port 1(vethaf5e6e6) entered disabled state
[  858.405314] device vethaf5e6e6 left promiscuous mode
[  858.405326] docker0: port 1(vethaf5e6e6) entered disabled state
[  858.549163] docker0: port 1(veth2accb07) entered blocking state
[  858.549169] docker0: port 1(veth2accb07) entered disabled state
[  858.549292] device veth2accb07 entered promiscuous mode
[  858.549487] docker0: port 1(veth2accb07) entered blocking state
[  858.549493] docker0: port 1(veth2accb07) entered forwarding state
[  858.718395] docker0: port 1(veth2accb07) entered disabled state
[  858.718785] eth0: renamed from vetheac7113
[  858.738551] IPv6: ADDRCONF(NETDEV_CHANGE): veth2accb07: link becomes ready
[  858.738626] docker0: port 1(veth2accb07) entered blocking state
[  858.738630] docker0: port 1(veth2accb07) entered forwarding state
[  859.170476] docker0: port 1(veth2accb07) entered disabled state
[  859.170613] vetheac7113: renamed from eth0
[  859.225920] docker0: port 1(veth2accb07) entered disabled state
[  859.227690] device veth2accb07 left promiscuous mode
[  859.227700] docker0: port 1(veth2accb07) entered disabled state
[  901.419116] FS-Cache: Duplicate cookie detected
[  901.419124] FS-Cache: O-cookie c=0000000025326f3f [p=000000000ae79d2c fl=222 nc=0 na=1]
[  901.419126] FS-Cache: O-cookie d=00000000fa20e869 n=0000000023065599
[  901.419128] FS-Cache: O-key=[10] '040002000801c0a80b14'
[  901.419134] FS-Cache: N-cookie c=00000000426263ef [p=000000000ae79d2c fl=2 nc=0 na=1]
[  901.419136] FS-Cache: N-cookie d=00000000fa20e869 n=000000003b05f7f1
[  901.419137] FS-Cache: N-key=[10] '040002000801c0a80b14'
[  901.611780] ata3.00: Enabling discard_zeroes_data
[  901.623589] EXT4-fs (sdb): mounted filesystem with ordered data mode. Opts: (null)
[ 1140.870198] FS-Cache: Duplicate cookie detected
[ 1140.870206] FS-Cache: O-cookie c=0000000025326f3f [p=000000000ae79d2c fl=222 nc=0 na=1]
[ 1140.870209] FS-Cache: O-cookie d=00000000fa20e869 n=0000000023065599
[ 1140.870211] FS-Cache: O-key=[10] '040002000801c0a80b14'
[ 1140.870218] FS-Cache: N-cookie c=00000000d2c59934 [p=000000000ae79d2c fl=2 nc=0 na=1]
[ 1140.870220] FS-Cache: N-cookie d=00000000fa20e869 n=00000000428ec2ed
[ 1140.870221] FS-Cache: N-key=[10] '040002000801c0a80b14'
[ 1515.870878] FS-Cache: Duplicate cookie detected
