[    0.000000] microcode: microcode updated early to revision 0x500002c, date = 2019-09-05
[    0.000000] Linux version 5.3.0+vili+localyes-00015-gade24d77c24c (amaier@vili) (gcc version 7.4.0 (Ubuntu 7.4.0-1ubuntu1~18.04.1)) #2 SMP Wed Jan 8 17:15:32 MST 2020
[    0.000000] Command line: BOOT_IMAGE=/boot/vmlinuz-9-localyes root=UUID=5d1323fe-a480-42bd-9bfa-a3cbdfb95075 ro console=tty0 console=ttyS1,115200n8
[    0.000000] KERNEL supported cpus:
[    0.000000]   Intel GenuineIntel
[    0.000000]   AMD AuthenticAMD
[    0.000000]   Hygon HygonGenuine
[    0.000000]   Centaur CentaurHauls
[    0.000000]   zhaoxin   Shanghai  
[    0.000000] x86/fpu: Supporting XSAVE feature 0x001: 'x87 floating point registers'
[    0.000000] x86/fpu: Supporting XSAVE feature 0x002: 'SSE registers'
[    0.000000] x86/fpu: Supporting XSAVE feature 0x004: 'AVX registers'
[    0.000000] x86/fpu: Supporting XSAVE feature 0x008: 'MPX bounds registers'
[    0.000000] x86/fpu: Supporting XSAVE feature 0x010: 'MPX CSR'
[    0.000000] x86/fpu: Supporting XSAVE feature 0x020: 'AVX-512 opmask'
[    0.000000] x86/fpu: Supporting XSAVE feature 0x040: 'AVX-512 Hi256'
[    0.000000] x86/fpu: Supporting XSAVE feature 0x080: 'AVX-512 ZMM_Hi256'
[    0.000000] x86/fpu: Supporting XSAVE feature 0x200: 'Protection Keys User registers'
[    0.000000] x86/fpu: xstate_offset[2]:  576, xstate_sizes[2]:  256
[    0.000000] x86/fpu: xstate_offset[3]:  832, xstate_sizes[3]:   64
[    0.000000] x86/fpu: xstate_offset[4]:  896, xstate_sizes[4]:   64
[    0.000000] x86/fpu: xstate_offset[5]:  960, xstate_sizes[5]:   64
[    0.000000] x86/fpu: xstate_offset[6]: 1024, xstate_sizes[6]:  512
[    0.000000] x86/fpu: xstate_offset[7]: 1536, xstate_sizes[7]: 1024
[    0.000000] x86/fpu: xstate_offset[9]: 2560, xstate_sizes[9]:    8
[    0.000000] x86/fpu: Enabled xstate features 0x2ff, context size is 2568 bytes, using 'compacted' format.
[    0.000000] BIOS-provided physical RAM map:
[    0.000000] BIOS-e820: [mem 0x0000000000000000-0x000000000009ffff] usable
[    0.000000] BIOS-e820: [mem 0x00000000000a0000-0x00000000000fffff] reserved
[    0.000000] BIOS-e820: [mem 0x0000000000100000-0x000000005d6cdfff] usable
[    0.000000] BIOS-e820: [mem 0x000000005d6ce000-0x000000005daf0fff] ACPI NVS
[    0.000000] BIOS-e820: [mem 0x000000005daf1000-0x0000000069842fff] usable
[    0.000000] BIOS-e820: [mem 0x0000000069843000-0x000000006b942fff] reserved
[    0.000000] BIOS-e820: [mem 0x000000006b943000-0x000000006bd69fff] usable
[    0.000000] BIOS-e820: [mem 0x000000006bd6a000-0x000000006cdf5fff] ACPI NVS
[    0.000000] BIOS-e820: [mem 0x000000006cdf6000-0x000000006f035fff] reserved
[    0.000000] BIOS-e820: [mem 0x000000006f036000-0x000000006f2b0fff] type 20
[    0.000000] BIOS-e820: [mem 0x000000006f2b1000-0x000000006f7fffff] usable
[    0.000000] BIOS-e820: [mem 0x000000006f800000-0x000000008fffffff] reserved
[    0.000000] BIOS-e820: [mem 0x00000000fd000000-0x00000000fe7fffff] reserved
[    0.000000] BIOS-e820: [mem 0x00000000fed20000-0x00000000fed44fff] reserved
[    0.000000] BIOS-e820: [mem 0x00000000ff000000-0x00000000ffffffff] reserved
[    0.000000] BIOS-e820: [mem 0x0000000100000000-0x000000107fffffff] usable
[    0.000000] NX (Execute Disable) protection: active
[    0.000000] efi: EFI v2.70 by American Megatrends
[    0.000000] efi:  ACPI 2.0=0x5d6ce000  ACPI=0x5d6ce000  SMBIOS=0x6eb73000  SMBIOS 3.0=0x6eb72000  MEMATTR=0x6687c018  ESRT=0x66892f98 
[    0.000000] SMBIOS 3.2.1 present.
[    0.000000] DMI: Supermicro Super Server/X11SPi-TF, BIOS 3.1 05/21/2019
[    0.000000] tsc: Detected 2200.000 MHz processor
[    0.000034] e820: update [mem 0x00000000-0x00000fff] usable ==> reserved
[    0.000037] e820: remove [mem 0x000a0000-0x000fffff] usable
[    0.000052] last_pfn = 0x1080000 max_arch_pfn = 0x400000000
[    0.000057] MTRR default type: uncachable
[    0.000059] MTRR fixed ranges enabled:
[    0.000061]   00000-9FFFF write-back
[    0.000063]   A0000-FFFFF uncachable
[    0.000064] MTRR variable ranges enabled:
[    0.000067]   0 base 000000000000 mask 3FF000000000 write-back
[    0.000069]   1 base 001000000000 mask 3FFF80000000 write-back
[    0.000071]   2 base 000080000000 mask 3FFF80000000 uncachable
[    0.000073]   3 base 00007F000000 mask 3FFFFF000000 uncachable
[    0.000074]   4 disabled
[    0.000075]   5 disabled
[    0.000076]   6 disabled
[    0.000077]   7 disabled
[    0.000078]   8 disabled
[    0.000079]   9 disabled
[    0.001375] x86/PAT: Configuration [0-7]: WB  WC  UC- UC  WB  WP  UC- WT  
[    0.002615] total RAM covered: 65520M
[    0.003326] Found optimal setting for mtrr clean up
[    0.003329]  gran_size: 64K 	chunk_size: 32M 	num_reg: 7  	lose cover RAM: 0G
[    0.004169] e820: update [mem 0x7f000000-0xffffffff] usable ==> reserved
[    0.004174] last_pfn = 0x6f800 max_arch_pfn = 0x400000000
[    0.015774] esrt: Reserving ESRT space from 0x0000000066892f98 to 0x0000000066892fd0.
[    0.015822] check: Scanning 1 areas for low memory corruption
[    0.015830] Using GB pages for direct mapping
[    0.015834] BRK [0x223a01000, 0x223a01fff] PGTABLE
[    0.015837] BRK [0x223a02000, 0x223a02fff] PGTABLE
[    0.015839] BRK [0x223a03000, 0x223a03fff] PGTABLE
[    0.016573] BRK [0x223a04000, 0x223a04fff] PGTABLE
[    0.016792] BRK [0x223a05000, 0x223a05fff] PGTABLE
[    0.017097] BRK [0x223a06000, 0x223a06fff] PGTABLE
[    0.017508] BRK [0x223a07000, 0x223a07fff] PGTABLE
[    0.017839] BRK [0x223a08000, 0x223a08fff] PGTABLE
[    0.018225] BRK [0x223a09000, 0x223a09fff] PGTABLE
[    0.018483] BRK [0x223a0a000, 0x223a0afff] PGTABLE
[    0.019025] Secure boot could not be determined
[    0.019028] RAMDISK: [mem 0x3320f000-0x358fefff]
[    0.019041] ACPI: Early table checksum verification disabled
[    0.019046] ACPI: RSDP 0x000000005D6CE000 000024 (v02 SUPERM)
[    0.019051] ACPI: XSDT 0x000000005D6CE0D0 00011C (v01 SUPERM SUPERM   01072009 AMI  00010013)
[    0.019063] ACPI: FACP 0x000000005D9C0EC8 000114 (v06 SUPERM SMCI--MB 01072009 INTL 20091013)
[    0.019075] ACPI: DSDT 0x000000005D6CE280 2F2C41 (v02 SUPERM SMCI--MB 01072009 INTL 20091013)
[    0.019082] ACPI: FACS 0x000000006CDB2080 000040
[    0.019088] ACPI: FPDT 0x000000005D9C0FE0 000044 (v01                 01072009 AMI  00010013)
[    0.019095] ACPI: FIDT 0x000000005D9C1028 00009C (v01 SUPERM SMCI--MB 01072009 AMI  00010013)
[    0.019102] ACPI: SPMI 0x000000005D9C10C8 000041 (v05 SUPERM SMCI--MB 00000000 AMI. 00000000)
[    0.019108] ACPI: SSDT 0x000000005D9C1110 00046C (v02 INTEL  ADDRXLAT 00000001 INTL 20140828)
[    0.019115] ACPI: MCFG 0x000000005D9C1580 00003C (v01 SUPERM SMCI--MB 01072009 MSFT 00000097)
[    0.019122] ACPI: HPET 0x000000005D9C15C0 000038 (v01 SUPERM SMCI--MB 00000001 INTL 20091013)
[    0.019128] ACPI: APIC 0x000000005D9C15F8 0016DE (v03 SUPERM SMCI--MB 00000000 INTL 20091013)
[    0.019135] ACPI: MIGT 0x000000005D9C2CD8 000040 (v01 SUPERM SMCI--MB 00000000 INTL 20091013)
[    0.019141] ACPI: MSCT 0x000000005D9C2D18 000090 (v01 SUPERM SMCI--MB 00000001 INTL 20091013)
[    0.019148] ACPI: PCAT 0x000000005D9C2DA8 000068 (v02 SUPERM SMCI--MB 00000002 INTL 20091013)
[    0.019155] ACPI: PCCT 0x000000005D9C2E10 00006E (v01 SUPERM SMCI--MB 00000002 INTL 20091013)
[    0.019161] ACPI: RASF 0x000000005D9C2E80 000030 (v01 SUPERM SMCI--MB 00000001 INTL 20091013)
[    0.019168] ACPI: SLIT 0x000000005D9C2EB0 00042C (v01 SUPERM SMCI--MB 00000001 INTL 20091013)
[    0.019175] ACPI: SRAT 0x000000005D9C32E0 002D30 (v03 SUPERM SMCI--MB 00000002 INTL 20091013)
[    0.019181] ACPI: SVOS 0x000000005D9C6010 000032 (v01 SUPERM SMCI--MB 00000000 INTL 20091013)
[    0.019188] ACPI: WDDT 0x000000005D9C6048 000040 (v01 SUPERM SMCI--MB 00000000 INTL 20091013)
[    0.019194] ACPI: OEM4 0x000000005D9C6088 0A27C4 (v02 INTEL  CPU  CST 00003000 INTL 20140828)
[    0.019201] ACPI: OEM1 0x000000005DA68850 02A2C4 (v02 INTEL  CPU EIST 00003000 INTL 20140828)
[    0.019208] ACPI: SSDT 0x000000005DA92B18 033990 (v02 INTEL  SSDT  PM 00004000 INTL 20140828)
[    0.019215] ACPI: OEM3 0x000000005DAC64A8 026664 (v02 INTEL  CPU  TST 00003000 INTL 20140828)
[    0.019221] ACPI: SSDT 0x000000005DAECB10 00065B (v02 SUPERM SMCI--MB 00000000 INTL 20091013)
[    0.019228] ACPI: BGRT 0x000000005DAED170 000038 (v01 SUPERM SMCI--MB 01072009 AMI  00010013)
[    0.019234] ACPI: UEFI 0x000000005DAED1A8 00005C (v01 INTEL  RstUefiV 00000000      00000000)
[    0.019241] ACPI: SSDT 0x000000005DAED208 002B10 (v02 INTEL  SpsNm    00000002 INTL 20140828)
[    0.019248] ACPI: DMAR 0x000000005DAEFD18 000160 (v01 SUPERM SMCI--MB 00000001 INTL 20091013)
[    0.019254] ACPI: HEST 0x000000005DAEFE78 0000A8 (v01 SUPERM SMCI--MB 00000001 INTL 00000001)
[    0.019261] ACPI: BERT 0x000000005DAEFF20 000030 (v01 SUPERM SMCI--MB 00000001 INTL 00000001)
[    0.019267] ACPI: ERST 0x000000005DAEFF50 000230 (v01 SUPERM SMCI--MB 00000001 INTL 00000001)
[    0.019274] ACPI: EINJ 0x000000005DAF0180 000150 (v01 SUPERM SMCI--MB 00000001 INTL 00000001)
[    0.019280] ACPI: WSMT 0x000000005DAF02D0 000028 (v01 Do              01072009 AMI  00010013)
[    0.019293] ACPI: Local APIC address 0xfee00000
[    0.019503] SRAT: PXM 0 -> APIC 0x00 -> Node 0
[    0.019505] SRAT: PXM 0 -> APIC 0x02 -> Node 0
[    0.019507] SRAT: PXM 0 -> APIC 0x04 -> Node 0
[    0.019509] SRAT: PXM 0 -> APIC 0x06 -> Node 0
[    0.019511] SRAT: PXM 0 -> APIC 0x08 -> Node 0
[    0.019513] SRAT: PXM 0 -> APIC 0x10 -> Node 0
[    0.019515] SRAT: PXM 0 -> APIC 0x12 -> Node 0
[    0.019517] SRAT: PXM 0 -> APIC 0x14 -> Node 0
[    0.019519] SRAT: PXM 0 -> APIC 0x16 -> Node 0
[    0.019521] SRAT: PXM 0 -> APIC 0x18 -> Node 0
[    0.019523] SRAT: PXM 0 -> APIC 0x01 -> Node 0
[    0.019525] SRAT: PXM 0 -> APIC 0x03 -> Node 0
[    0.019527] SRAT: PXM 0 -> APIC 0x05 -> Node 0
[    0.019529] SRAT: PXM 0 -> APIC 0x07 -> Node 0
[    0.019530] SRAT: PXM 0 -> APIC 0x09 -> Node 0
[    0.019532] SRAT: PXM 0 -> APIC 0x11 -> Node 0
[    0.019534] SRAT: PXM 0 -> APIC 0x13 -> Node 0
[    0.019536] SRAT: PXM 0 -> APIC 0x15 -> Node 0
[    0.019538] SRAT: PXM 0 -> APIC 0x17 -> Node 0
[    0.019540] SRAT: PXM 0 -> APIC 0x19 -> Node 0
[    0.019574] ACPI: SRAT: Node 0 PXM 0 [mem 0x00000000-0x7fffffff]
[    0.019577] ACPI: SRAT: Node 0 PXM 0 [mem 0x100000000-0x107fffffff]
[    0.019606] NUMA: Initialized distance table, cnt=1
[    0.019611] NUMA: Node 0 [mem 0x00000000-0x7fffffff] + [mem 0x100000000-0x107fffffff] -> [mem 0x00000000-0x107fffffff]
[    0.019658] NODE_DATA(0) allocated [mem 0x107ffd4000-0x107fffefff]
[    0.020720] Zone ranges:
[    0.020722]   DMA      [mem 0x0000000000001000-0x0000000000ffffff]
[    0.020725]   DMA32    [mem 0x0000000001000000-0x00000000ffffffff]
[    0.020727]   Normal   [mem 0x0000000100000000-0x000000107fffffff]
[    0.020730]   Device   empty
[    0.020732] Movable zone start for each node
[    0.020739] Early memory node ranges
[    0.020741]   node   0: [mem 0x0000000000001000-0x000000000009ffff]
[    0.020744]   node   0: [mem 0x0000000000100000-0x000000005d6cdfff]
[    0.020746]   node   0: [mem 0x000000005daf1000-0x0000000069842fff]
[    0.020748]   node   0: [mem 0x000000006b943000-0x000000006bd69fff]
[    0.020750]   node   0: [mem 0x000000006f2b1000-0x000000006f7fffff]
[    0.020752]   node   0: [mem 0x0000000100000000-0x000000107fffffff]
[    0.022013] Zeroed struct page in unavailable ranges: 25291 pages
[    0.022016] Initmem setup node 0 [mem 0x0000000000001000-0x000000107fffffff]
[    0.022021] On node 0 totalpages: 16686389
[    0.022023]   DMA zone: 64 pages used for memmap
[    0.022024]   DMA zone: 30 pages reserved
[    0.022026]   DMA zone: 3999 pages, LIFO batch:0
[    0.022487]   DMA32 zone: 6711 pages used for memmap
[    0.022489]   DMA32 zone: 429462 pages, LIFO batch:63
[    0.082340]   Normal zone: 253952 pages used for memmap
[    0.082342]   Normal zone: 16252928 pages, LIFO batch:63
[    2.670999] kasan: KernelAddressSanitizer initialized
[    2.671153] ACPI: PM-Timer IO Port: 0x508
[    2.671157] ACPI: Local APIC address 0xfee00000
[    2.671203] ACPI: X2APIC_NMI (uid[0xffffffff] high level lint[0x1])
[    2.671211] ACPI: LAPIC_NMI (acpi_id[0xff] dfl edge lint[0x1])
[    2.671237] IOAPIC[0]: apic_id 8, version 32, address 0xfec00000, GSI 0-23
[    2.671243] IOAPIC[1]: apic_id 9, version 32, address 0xfec01000, GSI 24-31
[    2.671249] IOAPIC[2]: apic_id 10, version 32, address 0xfec08000, GSI 32-39
[    2.671255] IOAPIC[3]: apic_id 11, version 32, address 0xfec10000, GSI 40-47
[    2.671262] IOAPIC[4]: apic_id 12, version 32, address 0xfec18000, GSI 48-55
[    2.671272] ACPI: INT_SRC_OVR (bus 0 bus_irq 0 global_irq 2 dfl dfl)
[    2.671276] ACPI: INT_SRC_OVR (bus 0 bus_irq 9 global_irq 9 high level)
[    2.671282] ACPI: IRQ0 used by override.
[    2.671284] ACPI: IRQ9 used by override.
[    2.671294] Using ACPI (MADT) for SMP configuration information
[    2.671297] ACPI: HPET id: 0x8086a701 base: 0xfed00000
[    2.671316] smpboot: Allowing 20 CPUs, 0 hotplug CPUs
[    2.671382] PM: Registered nosave memory: [mem 0x00000000-0x00000fff]
[    2.671387] PM: Registered nosave memory: [mem 0x000a0000-0x000fffff]
[    2.671393] PM: Registered nosave memory: [mem 0x5d6ce000-0x5daf0fff]
[    2.671399] PM: Registered nosave memory: [mem 0x69843000-0x6b942fff]
[    2.671405] PM: Registered nosave memory: [mem 0x6bd6a000-0x6cdf5fff]
[    2.671407] PM: Registered nosave memory: [mem 0x6cdf6000-0x6f035fff]
[    2.671409] PM: Registered nosave memory: [mem 0x6f036000-0x6f2b0fff]
[    2.671415] PM: Registered nosave memory: [mem 0x6f800000-0x8fffffff]
[    2.671417] PM: Registered nosave memory: [mem 0x90000000-0xfcffffff]
[    2.671419] PM: Registered nosave memory: [mem 0xfd000000-0xfe7fffff]
[    2.671421] PM: Registered nosave memory: [mem 0xfe800000-0xfed1ffff]
[    2.671423] PM: Registered nosave memory: [mem 0xfed20000-0xfed44fff]
[    2.671425] PM: Registered nosave memory: [mem 0xfed45000-0xfeffffff]
[    2.671427] PM: Registered nosave memory: [mem 0xff000000-0xffffffff]
[    2.671432] [mem 0x90000000-0xfcffffff] available for PCI devices
[    2.671434] Booting paravirtualized kernel on bare hardware
[    2.671440] clocksource: refined-jiffies: mask: 0xffffffff max_cycles: 0xffffffff, max_idle_ns: 7645519600211568 ns
[    3.605713] setup_percpu: NR_CPUS:8192 nr_cpumask_bits:20 nr_cpu_ids:20 nr_node_ids:1
[    3.607069] percpu: Embedded 64 pages/cpu s225280 r8192 d28672 u262144
[    3.607095] pcpu-alloc: s225280 r8192 d28672 u262144 alloc=1*2097152
[    3.607097] pcpu-alloc: [0] 00 01 02 03 04 05 06 07 [0] 08 09 10 11 12 13 14 15 
[    3.607106] pcpu-alloc: [0] 16 17 18 19 -- -- -- -- 
[    3.607204] Built 1 zonelists, mobility grouping on.  Total pages: 16425632
[    3.607206] Policy zone: Normal
[    3.607210] Kernel command line: BOOT_IMAGE=/boot/vmlinuz-9-localyes root=UUID=5d1323fe-a480-42bd-9bfa-a3cbdfb95075 ro console=tty0 console=ttyS1,115200n8
[    3.614474] Dentry cache hash table entries: 8388608 (order: 14, 67108864 bytes, linear)
[    3.618062] Inode-cache hash table entries: 4194304 (order: 13, 33554432 bytes, linear)
[    3.618423] mem auto-init: stack:off, heap alloc:off, heap free:off
[    3.625946] Calgary: detecting Calgary via BIOS EBDA area
[    3.625948] Calgary: Unable to locate Rio Grande table in EBDA - bailing!
[    5.154065] Memory: 56738052K/66745556K available (32784K kernel code, 10898K rwdata, 12012K rodata, 3340K init, 15516K bss, 10007504K reserved, 0K cma-reserved)
[    5.154960] SLUB: HWalign=64, Order=0-3, MinObjects=0, CPUs=20, Nodes=1
[    5.154999] ftrace: allocating 63555 entries in 249 pages
[    5.209069] rcu: Hierarchical RCU implementation.
[    5.209074] rcu: 	RCU restricting CPUs from NR_CPUS=8192 to nr_cpu_ids=20.
[    5.209077] rcu: RCU calculated value of scheduler-enlistment delay is 25 jiffies.
[    5.209079] rcu: Adjusting geometry for rcu_fanout_leaf=16, nr_cpu_ids=20
[    5.223324] NR_IRQS: 524544, nr_irqs: 1128, preallocated irqs: 16
[    5.224184] random: get_random_bytes called from start_kernel+0x3fc/0x693 with crng_init=0
[    5.224391] Console: colour dummy device 80x25
[    5.225279] printk: console [tty0] enabled
[    6.436749] printk: console [ttyS1] enabled
[    6.441013] ACPI: Core revision 20190703
[    6.457938] clocksource: hpet: mask: 0xffffffff max_cycles: 0xffffffff, max_idle_ns: 79635855245 ns
[    6.467032] APIC: Switch to symmetric I/O mode setup
[    6.472015] DMAR: Host address width 46
[    6.475870] DMAR: DRHD base: 0x000000c5ffc000 flags: 0x0
[    6.481279] DMAR: dmar0: reg_base_addr c5ffc000 ver 1:0 cap 8d2078c106f0466 ecap f020df
[    6.489296] DMAR: DRHD base: 0x000000e0ffc000 flags: 0x0
[    6.494697] DMAR: dmar1: reg_base_addr e0ffc000 ver 1:0 cap 8d2078c106f0466 ecap f020df
[    6.502713] DMAR: DRHD base: 0x000000fbffc000 flags: 0x0
[    6.508113] DMAR: dmar2: reg_base_addr fbffc000 ver 1:0 cap 8d2078c106f0466 ecap f020df
[    6.516130] DMAR: DRHD base: 0x000000aaffc000 flags: 0x1
[    6.521519] DMAR: dmar3: reg_base_addr aaffc000 ver 1:0 cap 8d2078c106f0466 ecap f020df
[    6.529536] DMAR: RMRR base: 0x0000006ebaf000 end: 0x0000006ebbffff
[    6.535839] DMAR: ATSR flags: 0x0
[    6.539191] DMAR: RHSA base: 0x000000aaffc000 proximity domain: 0x0
[    6.545473] DMAR: RHSA base: 0x000000c5ffc000 proximity domain: 0x0
[    6.551755] DMAR: RHSA base: 0x000000e0ffc000 proximity domain: 0x0
[    6.558041] DMAR: RHSA base: 0x000000fbffc000 proximity domain: 0x0
[    6.564324] DMAR-IR: IOAPIC id 12 under DRHD base  0xfbffc000 IOMMU 2
[    6.570782] DMAR-IR: IOAPIC id 11 under DRHD base  0xe0ffc000 IOMMU 1
[    6.577239] DMAR-IR: IOAPIC id 10 under DRHD base  0xc5ffc000 IOMMU 0
[    6.583696] DMAR-IR: IOAPIC id 8 under DRHD base  0xaaffc000 IOMMU 3
[    6.590066] DMAR-IR: IOAPIC id 9 under DRHD base  0xaaffc000 IOMMU 3
[    6.596435] DMAR-IR: HPET id 0 under DRHD base 0xaaffc000
[    6.601852] DMAR-IR: Queued invalidation will be enabled to support x2apic and Intr-remapping.
[    6.612045] DMAR-IR: Enabled IRQ remapping in x2apic mode
[    6.617445] x2apic enabled
[    6.620204] Switched APIC routing to cluster x2apic.
[    6.627244] ..TIMER: vector=0x30 apic1=0 pin1=2 apic2=-1 pin2=-1
[    6.651011] clocksource: tsc-early: mask: 0xffffffffffffffff max_cycles: 0x1fb633008a4, max_idle_ns: 440795292230 ns
[    6.661536] Calibrating delay loop (skipped), value calculated using timer frequency.. 4400.00 BogoMIPS (lpj=8800000)
[    6.665535] pid_max: default: 32768 minimum: 301
[    6.681786] LSM: Security Framework initializing
[    6.685608] Yama: becoming mindful.
[    6.689596] SELinux:  Initializing.
[    6.693754] TOMOYO Linux initialized
[    6.698068] Mount-cache hash table entries: 131072 (order: 8, 1048576 bytes, linear)
[    6.701673] Mountpoint-cache hash table entries: 131072 (order: 8, 1048576 bytes, linear)
[    6.707456] mce: CPU0: Thermal monitoring enabled (TM1)
[    6.713626] process: using mwait in idle threads
[    6.717538] Last level iTLB entries: 4KB 64, 2MB 8, 4MB 8
[    6.721535] Last level dTLB entries: 4KB 64, 2MB 0, 4MB 0, 1GB 4
[    6.725538] Spectre V1 : Mitigation: usercopy/swapgs barriers and __user pointer sanitization
[    6.729536] Spectre V2 : Mitigation: Enhanced IBRS
[    6.733534] Spectre V2 : Spectre v2 / SpectreRSB mitigation: Filling RSB on context switch
[    6.737536] Spectre V2 : mitigation: Enabling conditional Indirect Branch Prediction Barrier
[    6.741536] Speculative Store Bypass: Mitigation: Speculative Store Bypass disabled via prctl and seccomp
[    6.749908] Freeing SMP alternatives memory: 60K
[    6.765917] TSC deadline timer enabled
[    6.765923] smpboot: CPU0: Intel(R) Xeon(R) Silver 4210 CPU @ 2.20GHz (family: 0x6, model: 0x55, stepping: 0x7)
[    6.770027] Performance Events: PEBS fmt3+, Skylake events, 32-deep LBR, full-width counters, Intel PMU driver.
[    6.773537] ... version:                4
[    6.777535] ... bit width:              48
[    6.781535] ... generic registers:      4
[    6.785535] ... value mask:             0000ffffffffffff
[    6.789535] ... max period:             00007fffffffffff
[    6.793535] ... fixed-purpose events:   3
[    6.797535] ... event mask:             000000070000000f
[    6.801676] rcu: Hierarchical SRCU implementation.
[    6.809853] NMI watchdog: Enabled. Permanently consumes one hw-PMU counter.
[    6.814665] smp: Bringing up secondary CPUs ...
[    6.818085] x86: Booting SMP configuration:
[    6.821547] .... node  #0, CPUs:        #1  #2  #3  #4  #5  #6  #7  #8  #9 #10 #11 #12 #13 #14 #15 #16 #17 #18 #19
[    6.911704] smp: Brought up 1 node, 20 CPUs
[    6.917537] smpboot: Max logical packages: 1
[    6.921537] smpboot: Total of 20 processors activated (88000.00 BogoMIPS)
[    6.938389] devtmpfs: initialized
[    6.942233] x86/mm: Memory block size: 2048MB
[    6.956340] PM: Registering ACPI NVS region [mem 0x5d6ce000-0x5daf0fff] (4337664 bytes)
[    6.962949] PM: Registering ACPI NVS region [mem 0x6bd6a000-0x6cdf5fff] (17350656 bytes)
[    6.987694] clocksource: jiffies: mask: 0xffffffff max_cycles: 0xffffffff, max_idle_ns: 7645041785100000 ns
[    6.989552] futex hash table entries: 8192 (order: 7, 524288 bytes, linear)
[    6.994109] xor: automatically using best checksumming function   avx       
[    6.997562] pinctrl core: initialized pinctrl subsystem
[    7.002780] PM: RTC time: 18:06:57, date: 2020-01-09
[    7.006309] NET: Registered protocol family 16
[    7.010843] audit: initializing netlink subsys (disabled)
[    7.013596] audit: type=2000 audit(1578593215.484:1): state=initialized audit_enabled=0 res=1
[    7.021546] cpuidle: using governor ladder
[    7.025608] cpuidle: using governor menu
[    7.029567] Detected 1 PCC Subspaces
[    7.033371] Registering PCC driver as Mailbox controller
[    7.033716] ACPI FADT declares the system doesn't support PCIe ASPM, so disable it
[    7.037538] ACPI: bus type PCI registered
[    7.041536] acpiphp: ACPI Hot Plug PCI Controller Driver version: 0.5
[    7.046135] dca service started, version 1.12.1
[    7.049611] PCI: MMCONFIG for domain 0000 [bus 00-ff] at [mem 0x80000000-0x8fffffff] (base 0x80000000)
[    7.053539] PCI: MMCONFIG at [mem 0x80000000-0x8fffffff] reserved in E820
[    7.057600] PCI: Using configuration type 1 for base access
[    7.067064] ENERGY_PERF_BIAS: Set to 'normal', was 'performance'
[    7.106919] HugeTLB registered 1.00 GiB page size, pre-allocated 0 pages
[    7.109561] HugeTLB registered 2.00 MiB page size, pre-allocated 0 pages
[    7.117630] cryptd: max_cpu_qlen set to 1000
[    7.196218] raid6: avx512x4 gen() 25090 MB/s
[    7.269264] raid6: avx512x4 xor() 16295 MB/s
[    7.341272] raid6: avx512x2 gen() 26280 MB/s
[    7.413268] raid6: avx512x2 xor() 14831 MB/s
[    7.485270] raid6: avx512x1 gen() 16522 MB/s
[    7.557273] raid6: avx512x1 xor() 10410 MB/s
[    7.629271] raid6: avx2x4   gen() 18271 MB/s
[    7.701274] raid6: avx2x4   xor() 11999 MB/s
[    7.773275] raid6: avx2x2   gen() 12997 MB/s
[    7.845274] raid6: avx2x2   xor()  8780 MB/s
[    7.917274] raid6: avx2x1   gen()  8952 MB/s
[    7.989270] raid6: avx2x1   xor()  4592 MB/s
[    8.061267] raid6: sse2x4   gen()  7816 MB/s
[    8.133266] raid6: sse2x4   xor()  5041 MB/s
[    8.205270] raid6: sse2x2   gen()  6032 MB/s
[    8.277275] raid6: sse2x2   xor()  4266 MB/s
[    8.349270] raid6: sse2x1   gen()  3255 MB/s
[    8.421274] raid6: sse2x1   xor()  2302 MB/s
[    8.425537] raid6: using algorithm avx512x2 gen() 26280 MB/s
[    8.429542] raid6: .... xor() 14831 MB/s, rmw enabled
[    8.433541] raid6: using avx512x2 recovery algorithm
[    8.441561] ACPI: Added _OSI(Module Device)
[    8.445567] ACPI: Added _OSI(Processor Device)
[    8.449536] ACPI: Added _OSI(3.0 _SCP Extensions)
[    8.453536] ACPI: Added _OSI(Processor Aggregator Device)
[    8.457551] ACPI: Added _OSI(Linux-Dell-Video)
[    8.465550] ACPI: Added _OSI(Linux-Lenovo-NV-HDMI-Audio)
[    8.469550] ACPI: Added _OSI(Linux-HPI-Hybrid-Graphics)
[   12.279017] ACPI: 5 ACPI AML tables successfully acquired and loaded
[   12.420562] ACPI: [Firmware Bug]: BIOS _OSI(Linux) query ignored
[   12.585649] ACPI: Dynamic OEM Table Load:
[   14.473955] ACPI: Dynamic OEM Table Load:
[   17.243447] ACPI: Dynamic OEM Table Load:
[   27.244330] ACPI: Interpreter enabled
[   27.249721] ACPI: (supports S0 S4 S5)
[   27.253388] ACPI: Using IOAPIC for interrupt routing
[   27.258665] HEST: Table parsing has been initialized.
[   27.265539] PCI: Using host bridge windows from ACPI; if necessary, use "pci=nocrs" and report a bug
[   27.300828] ACPI: Enabled 6 GPEs in block 00 to 7F
[   29.203312] ACPI: PCI Root Bridge [PC00] (domain 0000 [bus 00-15])
[   29.209577] acpi PNP0A08:00: _OSC: OS supports [ExtendedConfig ASPM ClockPM Segments MSI HPX-Type3]
[   29.224390] acpi PNP0A08:00: _OSC: platform does not support [AER LTR]
[   29.240246] acpi PNP0A08:00: _OSC: OS now controls [PCIeHotplug PME PCIeCapability]
[   29.245538] acpi PNP0A08:00: FADT indicates ASPM is unsupported, using BIOS configuration
[   29.280918] PCI host bridge to bus 0000:00
[   29.285550] pci_bus 0000:00: root bus resource [io  0x0000-0x03af window]
[   29.293548] pci_bus 0000:00: root bus resource [io  0x03e0-0x0cf7 window]
[   29.301548] pci_bus 0000:00: root bus resource [io  0x03b0-0x03bb window]
[   29.305547] pci_bus 0000:00: root bus resource [io  0x03c0-0x03df window]
[   29.313547] pci_bus 0000:00: root bus resource [io  0x1000-0x3fff window]
[   29.321548] pci_bus 0000:00: root bus resource [mem 0x000a0000-0x000bffff window]
[   29.329548] pci_bus 0000:00: root bus resource [mem 0x000c4000-0x000c7fff window]
[   29.333547] pci_bus 0000:00: root bus resource [mem 0xfe010000-0xfe010fff window]
[   29.341547] pci_bus 0000:00: root bus resource [mem 0x90000000-0xaaffffff window]
[   29.349548] pci_bus 0000:00: root bus resource [mem 0x380000000000-0x383fffffffff window]
[   29.357548] pci_bus 0000:00: root bus resource [bus 00-15]
[   29.365701] pci 0000:00:00.0: [8086:2020] type 00 class 0x060000
[   29.374680] pci 0000:00:04.0: [8086:2021] type 00 class 0x088000
[   29.381552] pci 0000:00:04.0: reg 0x10: [mem 0x383ffff1c000-0x383ffff1ffff 64bit]
[   29.394613] pci 0000:00:04.1: [8086:2021] type 00 class 0x088000
[   29.401551] pci 0000:00:04.1: reg 0x10: [mem 0x383ffff18000-0x383ffff1bfff 64bit]
[   29.410627] pci 0000:00:04.2: [8086:2021] type 00 class 0x088000
[   29.417550] pci 0000:00:04.2: reg 0x10: [mem 0x383ffff14000-0x383ffff17fff 64bit]
[   29.430625] pci 0000:00:04.3: [8086:2021] type 00 class 0x088000
[   29.437550] pci 0000:00:04.3: reg 0x10: [mem 0x383ffff10000-0x383ffff13fff 64bit]
[   29.450610] pci 0000:00:04.4: [8086:2021] type 00 class 0x088000
[   29.453550] pci 0000:00:04.4: reg 0x10: [mem 0x383ffff0c000-0x383ffff0ffff 64bit]
[   29.466610] pci 0000:00:04.5: [8086:2021] type 00 class 0x088000
[   29.473550] pci 0000:00:04.5: reg 0x10: [mem 0x383ffff08000-0x383ffff0bfff 64bit]
[   29.486620] pci 0000:00:04.6: [8086:2021] type 00 class 0x088000
[   29.493553] pci 0000:00:04.6: reg 0x10: [mem 0x383ffff04000-0x383ffff07fff 64bit]
[   29.506616] pci 0000:00:04.7: [8086:2021] type 00 class 0x088000
[   29.509550] pci 0000:00:04.7: reg 0x10: [mem 0x383ffff00000-0x383ffff03fff 64bit]
[   29.522619] pci 0000:00:05.0: [8086:2024] type 00 class 0x088000
[   29.534393] pci 0000:00:05.2: [8086:2025] type 00 class 0x088000
[   29.546375] pci 0000:00:05.4: [8086:2026] type 00 class 0x080020
[   29.549548] pci 0000:00:05.4: reg 0x10: [mem 0xaa41a000-0xaa41afff]
[   29.562388] pci 0000:00:08.0: [8086:2014] type 00 class 0x088000
[   29.574605] pci 0000:00:08.1: [8086:2015] type 00 class 0x110100
[   29.586323] pci 0000:00:08.2: [8086:2016] type 00 class 0x088000
[   29.594397] pci 0000:00:11.0: [8086:a1ec] type 00 class 0xff0000
[   29.606621] pci 0000:00:11.1: [8086:a1ed] type 00 class 0xff0000
[   29.618628] pci 0000:00:11.5: [8086:a1d2] type 00 class 0x010601
[   29.625561] pci 0000:00:11.5: reg 0x10: [mem 0xaa416000-0xaa417fff]
[   29.629544] pci 0000:00:11.5: reg 0x14: [mem 0xaa419000-0xaa4190ff]
[   29.637544] pci 0000:00:11.5: reg 0x18: [io  0x0800-0x0807]
[   29.641544] pci 0000:00:11.5: reg 0x1c: [io  0x0810-0x0813]
[   29.645544] pci 0000:00:11.5: reg 0x20: [io  0x0820-0x083f]
[   29.653544] pci 0000:00:11.5: reg 0x24: [mem 0xaa380000-0xaa3fffff]
[   29.657660] pci 0000:00:11.5: PME# supported from D3hot
[   29.671849] pci 0000:00:14.0: [8086:a1af] type 00 class 0x0c0330
[   29.677565] pci 0000:00:14.0: reg 0x10: [mem 0xaa400000-0xaa40ffff 64bit]
[   29.685690] pci 0000:00:14.0: PME# supported from D3hot D3cold
[   29.695942] pci 0000:00:14.2: [8086:a1b1] type 00 class 0x118000
[   29.701561] pci 0000:00:14.2: reg 0x10: [mem 0x383ffff23000-0x383ffff23fff 64bit]
[   29.714637] pci 0000:00:16.0: [8086:a1ba] type 00 class 0x078000
[   29.721569] pci 0000:00:16.0: reg 0x10: [mem 0x383ffff22000-0x383ffff22fff 64bit]
[   29.729705] pci 0000:00:16.0: PME# supported from D3hot
[   29.738548] pci 0000:00:16.1: [8086:a1bb] type 00 class 0x078000
[   29.745568] pci 0000:00:16.1: reg 0x10: [mem 0x383ffff21000-0x383ffff21fff 64bit]
[   29.753706] pci 0000:00:16.1: PME# supported from D3hot
[   29.762545] pci 0000:00:16.4: [8086:a1be] type 00 class 0x078000
[   29.769569] pci 0000:00:16.4: reg 0x10: [mem 0x383ffff20000-0x383ffff20fff 64bit]
[   29.777704] pci 0000:00:16.4: PME# supported from D3hot
[   29.786547] pci 0000:00:17.0: [8086:a182] type 00 class 0x010601
[   29.793558] pci 0000:00:17.0: reg 0x10: [mem 0xaa414000-0xaa415fff]
[   29.797544] pci 0000:00:17.0: reg 0x14: [mem 0xaa418000-0xaa4180ff]
[   29.805544] pci 0000:00:17.0: reg 0x18: [io  0x0840-0x0847]
[   29.809544] pci 0000:00:17.0: reg 0x1c: [io  0x0850-0x0853]
[   29.817544] pci 0000:00:17.0: reg 0x20: [io  0x0860-0x087f]
[   29.821544] pci 0000:00:17.0: reg 0x24: [mem 0xaa300000-0xaa37ffff]
[   29.829659] pci 0000:00:17.0: PME# supported from D3hot
[   29.839804] pci 0000:00:1c.0: [8086:a190] type 01 class 0x060400
[   29.845715] pci 0000:00:1c.0: PME# supported from D0 D3hot D3cold
[   29.861863] pci 0000:00:1c.5: [8086:a195] type 01 class 0x060400
[   29.865710] pci 0000:00:1c.5: PME# supported from D0 D3hot D3cold
[   29.881854] pci 0000:00:1d.0: [8086:a198] type 01 class 0x060400
[   29.885712] pci 0000:00:1d.0: PME# supported from D0 D3hot D3cold
[   29.901852] pci 0000:00:1f.0: [8086:a1c2] type 00 class 0x060100
[   29.911658] pci 0000:00:1f.2: [8086:a1a1] type 00 class 0x058000
[   29.921555] pci 0000:00:1f.2: reg 0x10: [mem 0xaa410000-0xaa413fff]
[   29.931624] pci 0000:00:1f.4: [8086:a1a3] type 00 class 0x0c0500
[   29.937561] pci 0000:00:1f.4: reg 0x10: [mem 0x00000000-0x000000ff 64bit]
[   29.945560] pci 0000:00:1f.4: reg 0x20: [io  0x0780-0x079f]
[   29.954643] pci 0000:00:1f.5: [8086:a1a4] type 00 class 0x0c8000
[   29.961556] pci 0000:00:1f.5: reg 0x10: [mem 0xfe010000-0xfe010fff]
[   29.975529] pci 0000:01:00.0: [144d:a808] type 00 class 0x010802
[   29.981569] pci 0000:01:00.0: reg 0x10: [mem 0xaa210000-0xaa213fff 64bit]
[   29.985578] pci 0000:01:00.0: reg 0x30: [mem 0xaa200000-0xaa20ffff pref]
[   29.994799] pci 0000:00:1c.0: PCI bridge to [bus 01]
[   29.997542] pci 0000:00:1c.0:   bridge window [mem 0xaa200000-0xaa2fffff]
[   30.006464] pci 0000:02:00.0: [1a03:1150] type 01 class 0x060400
[   30.013602] pci 0000:02:00.0: enabling Extended Tags
[   30.017787] pci 0000:02:00.0: supports D1 D2
[   30.021537] pci 0000:02:00.0: PME# supported from D0 D1 D2 D3hot D3cold
[   30.030645] pci 0000:00:1c.5: PCI bridge to [bus 02-03]
[   30.037540] pci 0000:00:1c.5:   bridge window [io  0x3000-0x3fff]
[   30.041539] pci 0000:00:1c.5:   bridge window [mem 0xa9000000-0xaa0fffff]
[   30.049596] pci_bus 0000:03: extended config space not accessible
[   30.054226] pci 0000:03:00.0: [1a03:2000] type 00 class 0x030000
[   30.061560] pci 0000:03:00.0: reg 0x10: [mem 0xa9000000-0xa9ffffff]
[   30.069548] pci 0000:03:00.0: reg 0x14: [mem 0xaa000000-0xaa01ffff]
[   30.073548] pci 0000:03:00.0: reg 0x18: [io  0x3000-0x307f]
[   30.081846] pci 0000:03:00.0: BAR 0: assigned to efifb
[   30.085578] pci 0000:03:00.0: supports D1 D2
[   30.089537] pci 0000:03:00.0: PME# supported from D0 D1 D2 D3hot D3cold
[   30.098432] pci 0000:02:00.0: PCI bridge to [bus 03]
[   30.101543] pci 0000:02:00.0:   bridge window [io  0x3000-0x3fff]
[   30.109540] pci 0000:02:00.0:   bridge window [mem 0xa9000000-0xaa0fffff]
[   30.114243] pci 0000:04:00.0: [144d:a808] type 00 class 0x010802
[   30.121582] pci 0000:04:00.0: reg 0x10: [mem 0xaa100000-0xaa103fff 64bit]
[   30.130814] pci 0000:00:1d.0: PCI bridge to [bus 04]
[   30.133542] pci 0000:00:1d.0:   bridge window [mem 0xaa100000-0xaa1fffff]
[   30.141558] pci_bus 0000:00: on NUMA node 0
[   30.166695] ACPI: PCI Root Bridge [PC01] (domain 0000 [bus 16-63])
[   30.173575] acpi PNP0A08:01: _OSC: OS supports [ExtendedConfig ASPM ClockPM Segments MSI HPX-Type3]
[   30.197569] acpi PNP0A08:01: _OSC: platform does not support [AER LTR]
[   30.218230] acpi PNP0A08:01: _OSC: OS now controls [PCIeHotplug PME PCIeCapability]
[   30.225538] acpi PNP0A08:01: FADT indicates ASPM is unsupported, using BIOS configuration
[   30.244375] PCI host bridge to bus 0000:16
[   30.249550] pci_bus 0000:16: root bus resource [io  0x4000-0x7fff window]
[   30.253548] pci_bus 0000:16: root bus resource [mem 0xab000000-0xc5ffffff window]
[   30.261548] pci_bus 0000:16: root bus resource [mem 0x384000000000-0x387fffffffff window]
[   30.269541] pci_bus 0000:16: root bus resource [bus 16-63]
[   30.277688] pci 0000:16:00.0: [8086:2030] type 01 class 0x060400
[   30.281695] pci 0000:16:00.0: PME# supported from D0 D3hot D3cold
[   30.293282] pci 0000:16:02.0: [8086:2032] type 01 class 0x060400
[   30.297568] pci 0000:16:02.0: enabling Extended Tags
[   30.301663] pci 0000:16:02.0: PME# supported from D0 D3hot D3cold
[   30.311615] pci 0000:16:05.0: [8086:2034] type 00 class 0x088000
[   30.319323] pci 0000:16:05.2: [8086:2035] type 00 class 0x088000
[   30.327331] pci 0000:16:05.4: [8086:2036] type 00 class 0x080020
[   30.333549] pci 0000:16:05.4: reg 0x10: [mem 0xc4400000-0xc4400fff]
[   30.339320] pci 0000:16:05.5: [8086:201d] type 00 class 0x010400
[   30.345552] pci 0000:16:05.5: reg 0x10: [mem 0x387ffc000000-0x387ffdffffff 64bit pref]
[   30.353542] pci 0000:16:05.5: reg 0x18: [mem 0xc2000000-0xc3ffffff]
[   30.361548] pci 0000:16:05.5: reg 0x20: [mem 0x387ffff00000-0x387fffffffff 64bit]
[   30.371273] pci 0000:16:08.0: [8086:208d] type 00 class 0x088000
[   30.379506] pci 0000:16:08.1: [8086:208d] type 00 class 0x088000
[   30.387257] pci 0000:16:08.2: [8086:208d] type 00 class 0x088000
[   30.395259] pci 0000:16:08.3: [8086:208d] type 00 class 0x088000
[   30.403253] pci 0000:16:08.4: [8086:208d] type 00 class 0x088000
[   30.407258] pci 0000:16:08.5: [8086:208d] type 00 class 0x088000
[   30.415248] pci 0000:16:08.6: [8086:208d] type 00 class 0x088000
[   30.423259] pci 0000:16:08.7: [8086:208d] type 00 class 0x088000
[   30.431251] pci 0000:16:09.0: [8086:208d] type 00 class 0x088000
[   30.439495] pci 0000:16:09.1: [8086:208d] type 00 class 0x088000
[   30.447265] pci 0000:16:0e.0: [8086:208e] type 00 class 0x088000
[   30.455484] pci 0000:16:0e.1: [8086:208e] type 00 class 0x088000
[   30.463253] pci 0000:16:0e.2: [8086:208e] type 00 class 0x088000
[   30.471254] pci 0000:16:0e.3: [8086:208e] type 00 class 0x088000
[   30.479263] pci 0000:16:0e.4: [8086:208e] type 00 class 0x088000
[   30.487251] pci 0000:16:0e.5: [8086:208e] type 00 class 0x088000
[   30.495264] pci 0000:16:0e.6: [8086:208e] type 00 class 0x088000
[   30.503272] pci 0000:16:0e.7: [8086:208e] type 00 class 0x088000
[   30.511249] pci 0000:16:0f.0: [8086:208e] type 00 class 0x088000
[   30.519493] pci 0000:16:0f.1: [8086:208e] type 00 class 0x088000
[   30.527265] pci 0000:16:1d.0: [8086:2054] type 00 class 0x088000
[   30.535509] pci 0000:16:1d.1: [8086:2055] type 00 class 0x088000
[   30.543255] pci 0000:16:1d.2: [8086:2056] type 00 class 0x088000
[   30.551257] pci 0000:16:1d.3: [8086:2057] type 00 class 0x088000
[   30.555259] pci 0000:16:1e.0: [8086:2080] type 00 class 0x088000
[   30.563487] pci 0000:16:1e.1: [8086:2081] type 00 class 0x088000
[   30.571258] pci 0000:16:1e.2: [8086:2082] type 00 class 0x088000
[   30.579250] pci 0000:16:1e.3: [8086:2083] type 00 class 0x088000
[   30.587266] pci 0000:16:1e.4: [8086:2084] type 00 class 0x088000
[   30.595252] pci 0000:16:1e.5: [8086:2085] type 00 class 0x088000
[   30.603254] pci 0000:16:1e.6: [8086:2086] type 00 class 0x088000
[   30.612159] pci 0000:17:00.0: [8086:2701] type 00 class 0x010802
[   30.617556] pci 0000:17:00.0: reg 0x10: [mem 0xc4310000-0xc4313fff 64bit]
[   30.625560] pci 0000:17:00.0: reg 0x30: [mem 0xc4300000-0xc430ffff pref]
[   30.634647] pci 0000:16:00.0: PCI bridge to [bus 17]
[   30.637541] pci 0000:16:00.0:   bridge window [mem 0xc4300000-0xc43fffff]
[   30.646200] pci 0000:18:00.0: [8086:37c0] type 01 class 0x060400
[   30.649556] pci 0000:18:00.0: reg 0x10: [mem 0xc4200000-0xc421ffff 64bit]
[   30.657543] pci 0000:18:00.0: reg 0x38: [mem 0xc4000000-0xc40fffff pref]
[   30.665761] pci 0000:18:00.0: PME# supported from D0 D3hot D3cold
[   30.670475] pci 0000:16:02.0: PCI bridge to [bus 18-1a]
[   30.677540] pci 0000:16:02.0:   bridge window [mem 0xc4000000-0xc42fffff]
[   30.685540] pci 0000:16:02.0:   bridge window [mem 0xbf000000-0xc10fffff 64bit pref]
[   30.695382] pci 0000:19:03.0: [8086:37c5] type 01 class 0x060400
[   30.701889] pci 0000:19:03.0: PME# supported from D0 D3hot D3cold
[   30.706735] pci 0000:18:00.0: PCI bridge to [bus 19-1a]
[   30.713541] pci 0000:18:00.0:   bridge window [mem 0xc4100000-0xc41fffff]
[   30.717541] pci 0000:18:00.0:   bridge window [mem 0xbf000000-0xc10fffff 64bit pref]
[   30.727140] pci 0000:1a:00.0: [8086:37d2] type 00 class 0x020000
[   30.733564] pci 0000:1a:00.0: reg 0x10: [mem 0xc0000000-0xc0ffffff 64bit pref]
[   30.741555] pci 0000:1a:00.0: reg 0x1c: [mem 0xc1008000-0xc100ffff 64bit pref]
[   30.749551] pci 0000:1a:00.0: reg 0x30: [mem 0xc4180000-0xc41fffff pref]
[   30.757543] pci 0000:1a:00.0: enabling Extended Tags
[   30.761975] pci 0000:1a:00.0: PME# supported from D0 D3hot D3cold
[   30.765596] pci 0000:1a:00.0: reg 0x184: [mem 0x00000000-0x0001ffff 64bit pref]
[   30.773539] pci 0000:1a:00.0: VF(n) BAR0 space: [mem 0x00000000-0x007fffff 64bit pref] (contains BAR0 for 64 VFs)
[   30.785552] pci 0000:1a:00.0: reg 0x190: [mem 0x00000000-0x00003fff 64bit pref]
[   30.793541] pci 0000:1a:00.0: VF(n) BAR3 space: [mem 0x00000000-0x000fffff 64bit pref] (contains BAR3 for 64 VFs)
[   30.802982] pci 0000:1a:00.1: [8086:37d2] type 00 class 0x020000
[   30.809564] pci 0000:1a:00.1: reg 0x10: [mem 0xbf000000-0xbfffffff 64bit pref]
[   30.817555] pci 0000:1a:00.1: reg 0x1c: [mem 0xc1000000-0xc1007fff 64bit pref]
[   30.825551] pci 0000:1a:00.1: reg 0x30: [mem 0xc4100000-0xc417ffff pref]
[   30.829543] pci 0000:1a:00.1: enabling Extended Tags
[   30.837976] pci 0000:1a:00.1: PME# supported from D0 D3hot D3cold
[   30.841590] pci 0000:1a:00.1: reg 0x184: [mem 0x00000000-0x0001ffff 64bit pref]
[   30.849539] pci 0000:1a:00.1: VF(n) BAR0 space: [mem 0x00000000-0x007fffff 64bit pref] (contains BAR0 for 64 VFs)
[   30.861553] pci 0000:1a:00.1: reg 0x190: [mem 0x00000000-0x00003fff 64bit pref]
[   30.869538] pci 0000:1a:00.1: VF(n) BAR3 space: [mem 0x00000000-0x000fffff 64bit pref] (contains BAR3 for 64 VFs)
[   30.878984] pci 0000:19:03.0: PCI bridge to [bus 1a]
[   30.885542] pci 0000:19:03.0:   bridge window [mem 0xc4100000-0xc41fffff]
[   30.889541] pci 0000:19:03.0:   bridge window [mem 0xbf000000-0xc10fffff 64bit pref]
[   30.897559] pci_bus 0000:16: on NUMA node 0
[   30.901123] ACPI: PCI Root Bridge [PC02] (domain 0000 [bus 64-b1])
[   30.909580] acpi PNP0A08:02: _OSC: OS supports [ExtendedConfig ASPM ClockPM Segments MSI HPX-Type3]
[   30.933239] acpi PNP0A08:02: _OSC: platform does not support [AER LTR]
[   30.953739] acpi PNP0A08:02: _OSC: OS now controls [PCIeHotplug PME PCIeCapability]
[   30.961537] acpi PNP0A08:02: FADT indicates ASPM is unsupported, using BIOS configuration
[   30.977977] PCI host bridge to bus 0000:64
[   30.981549] pci_bus 0000:64: root bus resource [io  0x8000-0xbfff window]
[   30.985548] pci_bus 0000:64: root bus resource [mem 0xc6000000-0xe0ffffff window]
[   30.993548] pci_bus 0000:64: root bus resource [mem 0x388000000000-0x38bfffffffff window]
[   31.001538] pci_bus 0000:64: root bus resource [bus 64-b1]
[   31.009688] pci 0000:64:05.0: [8086:2034] type 00 class 0x088000
[   31.014868] pci 0000:64:05.2: [8086:2035] type 00 class 0x088000
[   31.022877] pci 0000:64:05.4: [8086:2036] type 00 class 0x080020
[   31.029548] pci 0000:64:05.4: reg 0x10: [mem 0xe0000000-0xe0000fff]
[   31.038873] pci 0000:64:05.5: [8086:201d] type 00 class 0x010400
[   31.041552] pci 0000:64:05.5: reg 0x10: [mem 0x38bffc000000-0x38bffdffffff 64bit pref]
[   31.049545] pci 0000:64:05.5: reg 0x18: [mem 0xde000000-0xdfffffff]
[   31.057548] pci 0000:64:05.5: reg 0x20: [mem 0x38bffff00000-0x38bfffffffff 64bit]
[   31.066812] pci 0000:64:08.0: [8086:2066] type 00 class 0x088000
[   31.075102] pci 0000:64:09.0: [8086:2066] type 00 class 0x088000
[   31.083100] pci 0000:64:0a.0: [8086:2040] type 00 class 0x088000
[   31.087086] pci 0000:64:0a.1: [8086:2041] type 00 class 0x088000
[   31.094859] pci 0000:64:0a.2: [8086:2042] type 00 class 0x088000
[   31.102864] pci 0000:64:0a.3: [8086:2043] type 00 class 0x088000
[   31.110857] pci 0000:64:0a.4: [8086:2044] type 00 class 0x088000
[   31.118863] pci 0000:64:0a.5: [8086:2045] type 00 class 0x088000
[   31.126849] pci 0000:64:0a.6: [8086:2046] type 00 class 0x088000
[   31.130860] pci 0000:64:0a.7: [8086:2047] type 00 class 0x088000
[   31.138859] pci 0000:64:0b.0: [8086:2048] type 00 class 0x088000
[   31.147085] pci 0000:64:0b.1: [8086:2049] type 00 class 0x088000
[   31.154870] pci 0000:64:0b.2: [8086:204a] type 00 class 0x088000
[   31.162865] pci 0000:64:0b.3: [8086:204b] type 00 class 0x088000
[   31.170879] pci 0000:64:0c.0: [8086:2040] type 00 class 0x088000
[   31.179096] pci 0000:64:0c.1: [8086:2041] type 00 class 0x088000
[   31.182853] pci 0000:64:0c.2: [8086:2042] type 00 class 0x088000
[   31.190866] pci 0000:64:0c.3: [8086:2043] type 00 class 0x088000
[   31.198864] pci 0000:64:0c.4: [8086:2044] type 00 class 0x088000
[   31.206859] pci 0000:64:0c.5: [8086:2045] type 00 class 0x088000
[   31.214863] pci 0000:64:0c.6: [8086:2046] type 00 class 0x088000
[   31.222859] pci 0000:64:0c.7: [8086:2047] type 00 class 0x088000
[   31.226851] pci 0000:64:0d.0: [8086:2048] type 00 class 0x088000
[   31.235096] pci 0000:64:0d.1: [8086:2049] type 00 class 0x088000
[   31.242857] pci 0000:64:0d.2: [8086:204a] type 00 class 0x088000
[   31.250864] pci 0000:64:0d.3: [8086:204b] type 00 class 0x088000
[   31.258859] pci_bus 0000:64: on NUMA node 0
[   31.261342] ACPI: PCI Root Bridge [PC03] (domain 0000 [bus b2-ff])
[   31.265574] acpi PNP0A08:03: _OSC: OS supports [ExtendedConfig ASPM ClockPM Segments MSI HPX-Type3]
[   31.293230] acpi PNP0A08:03: _OSC: platform does not support [AER LTR]
[   31.309738] acpi PNP0A08:03: _OSC: OS now controls [PCIeHotplug PME PCIeCapability]
[   31.317537] acpi PNP0A08:03: FADT indicates ASPM is unsupported, using BIOS configuration
[   31.334456] PCI host bridge to bus 0000:b2
[   31.337549] pci_bus 0000:b2: root bus resource [io  0xc000-0xffff window]
[   31.345549] pci_bus 0000:b2: root bus resource [mem 0xe1000000-0xfbffffff window]
[   31.353548] pci_bus 0000:b2: root bus resource [mem 0x38c000000000-0x38ffffffffff window]
[   31.361538] pci_bus 0000:b2: root bus resource [bus b2-ff]
[   31.365688] pci 0000:b2:00.0: [8086:2030] type 01 class 0x060400
[   31.373697] pci 0000:b2:00.0: PME# supported from D0 D3hot D3cold
[   31.380746] pci 0000:b2:05.0: [8086:2034] type 00 class 0x088000
[   31.390818] pci 0000:b2:05.2: [8086:2035] type 00 class 0x088000
[   31.398806] pci 0000:b2:05.4: [8086:2036] type 00 class 0x080020
[   31.401549] pci 0000:b2:05.4: reg 0x10: [mem 0xfa100000-0xfa100fff]
[   31.410807] pci 0000:b2:05.5: [8086:201d] type 00 class 0x010400
[   31.417552] pci 0000:b2:05.5: reg 0x10: [mem 0x38ffe0000000-0x38ffe1ffffff 64bit pref]
[   31.425542] pci 0000:b2:05.5: reg 0x18: [mem 0xf8000000-0xf9ffffff]
[   31.429548] pci 0000:b2:05.5: reg 0x20: [mem 0x38fffff00000-0x38ffffffffff 64bit]
[   31.438750] pci 0000:b2:0e.0: [8086:2058] type 00 class 0x110100
[   31.447037] pci 0000:b2:0e.1: [8086:2059] type 00 class 0x088000
[   31.454797] pci 0000:b2:0f.0: [8086:2058] type 00 class 0x110100
[   31.463037] pci 0000:b2:0f.1: [8086:2059] type 00 class 0x088000
[   31.470791] pci 0000:b2:12.0: [8086:204c] type 00 class 0x110100
[   31.475023] pci 0000:b2:12.1: [8086:204d] type 00 class 0x110100
[   31.482742] pci 0000:b2:12.2: [8086:204e] type 00 class 0x088000
[   31.490737] pci 0000:b2:15.0: [8086:2018] type 00 class 0x088000
[   31.498981] pci 0000:b2:15.1: [8086:2088] type 00 class 0x110100
[   31.506735] pci 0000:b2:16.0: [8086:2018] type 00 class 0x088000
[   31.514975] pci 0000:b2:16.1: [8086:2088] type 00 class 0x110100
[   31.518742] pci 0000:b2:16.4: [8086:2018] type 00 class 0x088000
[   31.526723] pci 0000:b2:16.5: [8086:2088] type 00 class 0x110100
[   31.535403] pci 0000:b3:00.0: [1de5:2000] type 00 class 0x010802
[   31.541564] pci 0000:b3:00.0: reg 0x10: [mem 0xfa010000-0xfa01ffff 64bit]
[   31.549548] pci 0000:b3:00.0: reg 0x18: [mem 0xfa000000-0xfa00ffff 64bit]
[   31.553548] pci 0000:b3:00.0: reg 0x20: [mem 0x38ffc0000000-0x38ffdfffffff 64bit pref]
[   31.561806] pci 0000:b3:00.0: 31.504 Gb/s available PCIe bandwidth, limited by 8 GT/s x4 link at 0000:b2:00.0 (capable of 63.012 Gb/s with 16 GT/s x4 link)
[   31.578082] pci 0000:b2:00.0: PCI bridge to [bus b3]
[   31.581541] pci 0000:b2:00.0:   bridge window [mem 0xfa000000-0xfa0fffff]
[   31.589540] pci 0000:b2:00.0:   bridge window [mem 0x38ffc0000000-0x38ffdfffffff 64bit pref]
[   31.597543] pci_bus 0000:b2: on NUMA node 0
[   31.617201] ACPI: PCI Interrupt Link [LNKA] (IRQs 3 4 5 6 7 10 *11 12 14 15)
[   31.627298] ACPI: PCI Interrupt Link [LNKB] (IRQs 3 4 5 6 7 *10 11 12 14 15)
[   31.635283] ACPI: PCI Interrupt Link [LNKC] (IRQs 3 4 5 6 10 *11 12 14 15)
[   31.643274] ACPI: PCI Interrupt Link [LNKD] (IRQs 3 4 5 6 10 *11 12 14 15)
[   31.651283] ACPI: PCI Interrupt Link [LNKE] (IRQs 3 4 5 6 7 10 *11 12 14 15)
[   31.663288] ACPI: PCI Interrupt Link [LNKF] (IRQs 3 4 5 6 7 10 *11 12 14 15)
[   31.671285] ACPI: PCI Interrupt Link [LNKG] (IRQs 3 4 5 6 7 10 *11 12 14 15)
[   31.679286] ACPI: PCI Interrupt Link [LNKH] (IRQs 3 4 5 6 7 10 *11 12 14 15)
[   31.693690] pci 0000:03:00.0: vgaarb: setting as boot VGA device
[   31.697533] pci 0000:03:00.0: vgaarb: VGA device added: decodes=io+mem,owns=io+mem,locks=none
[   31.709574] pci 0000:03:00.0: vgaarb: bridge control possible
[   31.713536] vgaarb: loaded
[   31.719669] SCSI subsystem initialized
[   31.725662] libata version 3.00 loaded.
[   31.725939] ACPI: bus type USB registered
[   31.729738] usbcore: registered new interface driver usbfs
[   31.733645] usbcore: registered new interface driver hub
[   31.737678] usbcore: registered new device driver usb
[   31.745818] pps_core: LinuxPPS API ver. 1 registered
[   31.749536] pps_core: Software ver. 5.3.6 - Copyright 2005-2007 Rodolfo Giometti <giometti@linux.it>
[   31.757583] PTP clock support registered
[   31.761680] EDAC MC: Ver: 3.0.0
[   31.765924] Registered efivars operations
[   31.794245] PCI: Using ACPI for IRQ routing
[   31.801272] PCI: pci_cache_line_size set to 64 bytes
[   31.801518] e820: reserve RAM buffer [mem 0x5d6ce000-0x5fffffff]
[   31.801533] e820: reserve RAM buffer [mem 0x69843000-0x6bffffff]
[   31.801547] e820: reserve RAM buffer [mem 0x6bd6a000-0x6bffffff]
[   31.801560] e820: reserve RAM buffer [mem 0x6f800000-0x6fffffff]
[   31.802971] NetLabel: Initializing
[   31.805536] NetLabel:  domain hash size = 128
[   31.809535] NetLabel:  protocols = UNLABELED CIPSOv4 CALIPSO
[   31.817725] NetLabel:  unlabeled traffic allowed by default
[   31.825794] hpet0: at MMIO 0xfed00000, IRQs 2, 8, 0, 0, 0, 0, 0, 0
[   31.833537] hpet0: 8 comparators, 64-bit 24.000000 MHz counter
[   31.841541] clocksource: Switched to clocksource tsc-early
[   32.524577] VFS: Disk quotas dquot_6.6.0
[   32.528583] VFS: Dquot-cache hash table entries: 512 (order 0, 4096 bytes)
[   32.535916] FS-Cache: Loaded
[   32.539447] pnp: PnP ACPI init
[   32.555985] pnp 00:00: Plug and Play ACPI device, IDs PNP0b00 (active)
[   32.556940] system 00:01: [io  0x0500-0x05fe] has been reserved
[   32.562898] system 00:01: [io  0x0400-0x047f] has been reserved
[   32.568845] system 00:01: [io  0x0600-0x061f] has been reserved
[   32.574799] system 00:01: [io  0x0880-0x0883] has been reserved
[   32.580765] system 00:01: [io  0x0800-0x081f] could not be reserved
[   32.587083] system 00:01: [mem 0xfed1c000-0xfed3ffff] could not be reserved
[   32.594076] system 00:01: [mem 0xfed45000-0xfed8bfff] has been reserved
[   32.600723] system 00:01: [mem 0xff000000-0xffffffff] has been reserved
[   32.607369] system 00:01: [mem 0xfee00000-0xfeefffff] has been reserved
[   32.614018] system 00:01: [mem 0xfed12000-0xfed1200f] has been reserved
[   32.620664] system 00:01: [mem 0xfed12010-0xfed1201f] has been reserved
[   32.627310] system 00:01: [mem 0xfed1b000-0xfed1bfff] has been reserved
[   32.633965] system 00:01: Plug and Play ACPI device, IDs PNP0c02 (active)
[   32.641019] system 00:02: [io  0x0a00-0x0a0f] has been reserved
[   32.646970] system 00:02: [io  0x0a10-0x0a1f] has been reserved
[   32.652921] system 00:02: [io  0x0a20-0x0a2f] has been reserved
[   32.658875] system 00:02: [io  0x0a30-0x0a3f] has been reserved
[   32.664824] system 00:02: [io  0x0a40-0x0a4f] has been reserved
[   32.670791] system 00:02: Plug and Play ACPI device, IDs PNP0c02 (active)
[   32.676837] pnp 00:03: [dma 0 disabled]
[   32.677319] pnp 00:03: Plug and Play ACPI device, IDs PNP0501 (active)
[   32.683350] pnp 00:04: [dma 0 disabled]
[   32.683813] pnp 00:04: Plug and Play ACPI device, IDs PNP0501 (active)
[   32.687110] system 00:05: [mem 0xfd000000-0xfdabffff] has been reserved
[   32.693755] system 00:05: [mem 0xfdad0000-0xfdadffff] has been reserved
[   32.700397] system 00:05: [mem 0xfdb00000-0xfdffffff] has been reserved
[   32.707037] system 00:05: [mem 0xfe000000-0xfe00ffff] has been reserved
[   32.713691] system 00:05: [mem 0xfe011000-0xfe01ffff] has been reserved
[   32.720334] system 00:05: [mem 0xfe036000-0xfe03bfff] has been reserved
[   32.726980] system 00:05: [mem 0xfe03d000-0xfe3fffff] has been reserved
[   32.733626] system 00:05: [mem 0xfe410000-0xfe7fffff] has been reserved
[   32.740279] system 00:05: Plug and Play ACPI device, IDs PNP0c02 (active)
[   32.743482] system 00:06: [io  0x0f00-0x0ffe] has been reserved
[   32.749450] system 00:06: Plug and Play ACPI device, IDs PNP0c02 (active)
[   32.773275] pnp: PnP ACPI: found 7 devices
[   32.793549] thermal_sys: Registered thermal governor 'fair_share'
[   32.793551] thermal_sys: Registered thermal governor 'bang_bang'
[   32.799653] thermal_sys: Registered thermal governor 'step_wise'
[   32.805665] thermal_sys: Registered thermal governor 'user_space'
[   32.811681] thermal_sys: Registered thermal governor 'power_allocator'
[   32.823761] clocksource: acpi_pm: mask: 0xffffff max_cycles: 0xffffff, max_idle_ns: 2085701024 ns
[   32.839511] pci 0000:00:1f.4: BAR 0: assigned [mem 0x380000000000-0x3800000000ff 64bit]
[   32.847540] pci 0000:00:1c.0: PCI bridge to [bus 01]
[   32.852515] pci 0000:00:1c.0:   bridge window [mem 0xaa200000-0xaa2fffff]
[   32.859311] pci 0000:02:00.0: PCI bridge to [bus 03]
[   32.864280] pci 0000:02:00.0:   bridge window [io  0x3000-0x3fff]
[   32.870385] pci 0000:02:00.0:   bridge window [mem 0xa9000000-0xaa0fffff]
[   32.877186] pci 0000:00:1c.5: PCI bridge to [bus 02-03]
[   32.882420] pci 0000:00:1c.5:   bridge window [io  0x3000-0x3fff]
[   32.888523] pci 0000:00:1c.5:   bridge window [mem 0xa9000000-0xaa0fffff]
[   32.895322] pci 0000:00:1d.0: PCI bridge to [bus 04]
[   32.900292] pci 0000:00:1d.0:   bridge window [mem 0xaa100000-0xaa1fffff]
[   32.907091] pci_bus 0000:00: resource 4 [io  0x0000-0x03af window]
[   32.913272] pci_bus 0000:00: resource 5 [io  0x03e0-0x0cf7 window]
[   32.919461] pci_bus 0000:00: resource 6 [io  0x03b0-0x03bb window]
[   32.925649] pci_bus 0000:00: resource 7 [io  0x03c0-0x03df window]
[   32.931837] pci_bus 0000:00: resource 8 [io  0x1000-0x3fff window]
[   32.938025] pci_bus 0000:00: resource 9 [mem 0x000a0000-0x000bffff window]
[   32.944909] pci_bus 0000:00: resource 10 [mem 0x000c4000-0x000c7fff window]
[   32.951877] pci_bus 0000:00: resource 11 [mem 0xfe010000-0xfe010fff window]
[   32.958845] pci_bus 0000:00: resource 12 [mem 0x90000000-0xaaffffff window]
[   32.965814] pci_bus 0000:00: resource 13 [mem 0x380000000000-0x383fffffffff window]
[   32.973476] pci_bus 0000:01: resource 1 [mem 0xaa200000-0xaa2fffff]
[   32.979750] pci_bus 0000:02: resource 0 [io  0x3000-0x3fff]
[   32.985330] pci_bus 0000:02: resource 1 [mem 0xa9000000-0xaa0fffff]
[   32.991605] pci_bus 0000:03: resource 0 [io  0x3000-0x3fff]
[   32.997183] pci_bus 0000:03: resource 1 [mem 0xa9000000-0xaa0fffff]
[   33.003460] pci_bus 0000:04: resource 1 [mem 0xaa100000-0xaa1fffff]
[   33.012149] pci_bus 0000:16: max bus depth: 3 pci_try_num: 4
[   33.017824] pci 0000:16:00.0: PCI bridge to [bus 17]
[   33.022797] pci 0000:16:00.0:   bridge window [mem 0xc4300000-0xc43fffff]
[   33.029635] pci 0000:1a:00.0: BAR 7: no space for [mem size 0x00800000 64bit pref]
[   33.037210] pci 0000:1a:00.0: BAR 7: failed to assign [mem size 0x00800000 64bit pref]
[   33.045148] pci 0000:1a:00.1: BAR 7: no space for [mem size 0x00800000 64bit pref]
[   33.052725] pci 0000:1a:00.1: BAR 7: failed to assign [mem size 0x00800000 64bit pref]
[   33.060659] pci 0000:1a:00.0: BAR 10: no space for [mem size 0x00100000 64bit pref]
[   33.068324] pci 0000:1a:00.0: BAR 10: failed to assign [mem size 0x00100000 64bit pref]
[   33.076345] pci 0000:1a:00.1: BAR 10: no space for [mem size 0x00100000 64bit pref]
[   33.084003] pci 0000:1a:00.1: BAR 10: failed to assign [mem size 0x00100000 64bit pref]
[   33.092037] pci 0000:19:03.0: PCI bridge to [bus 1a]
[   33.097010] pci 0000:19:03.0:   bridge window [mem 0xc4100000-0xc41fffff]
[   33.103805] pci 0000:19:03.0:   bridge window [mem 0xbf000000-0xc10fffff 64bit pref]
[   33.111558] pci 0000:18:00.0: PCI bridge to [bus 19-1a]
[   33.116790] pci 0000:18:00.0:   bridge window [mem 0xc4100000-0xc41fffff]
[   33.123585] pci 0000:18:00.0:   bridge window [mem 0xbf000000-0xc10fffff 64bit pref]
[   33.131332] pci 0000:16:02.0: PCI bridge to [bus 18-1a]
[   33.136568] pci 0000:16:02.0:   bridge window [mem 0xc4000000-0xc42fffff]
[   33.143362] pci 0000:16:02.0:   bridge window [mem 0xbf000000-0xc10fffff 64bit pref]
[   33.151116] pci_bus 0000:16: No. 2 try to assign unassigned res
[   33.157045] release child resource [mem 0xbf000000-0xbfffffff 64bit pref]
[   33.157046] release child resource [mem 0xc0000000-0xc0ffffff 64bit pref]
[   33.157048] release child resource [mem 0xc1000000-0xc1007fff 64bit pref]
[   33.157049] release child resource [mem 0xc1008000-0xc100ffff 64bit pref]
[   33.157053] pci 0000:19:03.0: resource 15 [mem 0xbf000000-0xc10fffff 64bit pref] released
[   33.165237] pci 0000:19:03.0: PCI bridge to [bus 1a]
[   33.170235] pci 0000:16:00.0: PCI bridge to [bus 17]
[   33.175211] pci 0000:16:00.0:   bridge window [mem 0xc4300000-0xc43fffff]
[   33.182022] pci 0000:19:03.0: BAR 15: no space for [mem size 0x03800000 64bit pref]
[   33.189687] pci 0000:19:03.0: BAR 15: failed to assign [mem size 0x03800000 64bit pref]
[   33.197772] pci 0000:1a:00.0: BAR 0: no space for [mem size 0x01000000 64bit pref]
[   33.205346] pci 0000:1a:00.0: BAR 0: failed to assign [mem size 0x01000000 64bit pref]
[   33.213279] pci 0000:1a:00.1: BAR 0: no space for [mem size 0x01000000 64bit pref]
[   33.220852] pci 0000:1a:00.1: BAR 0: failed to assign [mem size 0x01000000 64bit pref]
[   33.228781] pci 0000:1a:00.0: BAR 7: no space for [mem size 0x00800000 64bit pref]
[   33.236355] pci 0000:1a:00.0: BAR 7: failed to assign [mem size 0x00800000 64bit pref]
[   33.244287] pci 0000:1a:00.1: BAR 7: no space for [mem size 0x00800000 64bit pref]
[   33.251861] pci 0000:1a:00.1: BAR 7: failed to assign [mem size 0x00800000 64bit pref]
[   33.259791] pci 0000:1a:00.0: BAR 3: no space for [mem size 0x00008000 64bit pref]
[   33.267364] pci 0000:1a:00.0: BAR 3: failed to assign [mem size 0x00008000 64bit pref]
[   33.275298] pci 0000:1a:00.1: BAR 3: no space for [mem size 0x00008000 64bit pref]
[   33.282868] pci 0000:1a:00.1: BAR 3: failed to assign [mem size 0x00008000 64bit pref]
[   33.290801] pci 0000:1a:00.0: BAR 10: no space for [mem size 0x00100000 64bit pref]
[   33.298462] pci 0000:1a:00.0: BAR 10: failed to assign [mem size 0x00100000 64bit pref]
[   33.306479] pci 0000:1a:00.1: BAR 10: no space for [mem size 0x00100000 64bit pref]
[   33.314141] pci 0000:1a:00.1: BAR 10: failed to assign [mem size 0x00100000 64bit pref]
[   33.322190] pci 0000:19:03.0: PCI bridge to [bus 1a]
[   33.327168] pci 0000:19:03.0:   bridge window [mem 0xc4100000-0xc41fffff]
[   33.333965] pci 0000:18:00.0: PCI bridge to [bus 19-1a]
[   33.339197] pci 0000:18:00.0:   bridge window [mem 0xc4100000-0xc41fffff]
[   33.345992] pci 0000:18:00.0:   bridge window [mem 0xbf000000-0xc10fffff 64bit pref]
[   33.353743] pci 0000:16:02.0: PCI bridge to [bus 18-1a]
[   33.358975] pci 0000:16:02.0:   bridge window [mem 0xc4000000-0xc42fffff]
[   33.365769] pci 0000:16:02.0:   bridge window [mem 0xbf000000-0xc10fffff 64bit pref]
[   33.373521] pci_bus 0000:16: No. 3 try to assign unassigned res
[   33.379451] release child resource [mem 0xc4100000-0xc417ffff pref]
[   33.379452] release child resource [mem 0xc4180000-0xc41fffff pref]
[   33.379455] pci 0000:19:03.0: resource 14 [mem 0xc4100000-0xc41fffff] released
[   33.386678] pci 0000:19:03.0: PCI bridge to [bus 1a]
[   33.391657] pci 0000:18:00.0: resource 15 [mem 0xbf000000-0xc10fffff 64bit pref] released
[   33.399838] pci 0000:18:00.0: PCI bridge to [bus 19-1a]
[   33.405112] pci 0000:16:00.0: PCI bridge to [bus 17]
[   33.410090] pci 0000:16:00.0:   bridge window [mem 0xc4300000-0xc43fffff]
[   33.416901] pci 0000:18:00.0: BAR 15: no space for [mem size 0x03800000 64bit pref]
[   33.424562] pci 0000:18:00.0: BAR 15: failed to assign [mem size 0x03800000 64bit pref]
[   33.432605] pci 0000:19:03.0: BAR 15: no space for [mem size 0x03800000 64bit pref]
[   33.440266] pci 0000:19:03.0: BAR 15: failed to assign [mem size 0x03800000 64bit pref]
[   33.448286] pci 0000:19:03.0: BAR 14: assigned [mem 0xc4100000-0xc41fffff]
[   33.455253] pci 0000:1a:00.0: BAR 0: no space for [mem size 0x01000000 64bit pref]
[   33.462827] pci 0000:1a:00.0: BAR 0: failed to assign [mem size 0x01000000 64bit pref]
[   33.470758] pci 0000:1a:00.1: BAR 0: no space for [mem size 0x01000000 64bit pref]
[   33.478332] pci 0000:1a:00.1: BAR 0: failed to assign [mem size 0x01000000 64bit pref]
[   33.486262] pci 0000:1a:00.0: BAR 6: assigned [mem 0xc4100000-0xc417ffff pref]
[   33.493491] pci 0000:1a:00.1: BAR 6: assigned [mem 0xc4180000-0xc41fffff pref]
[   33.500723] pci 0000:1a:00.0: BAR 7: no space for [mem size 0x00800000 64bit pref]
[   33.508293] pci 0000:1a:00.0: BAR 7: failed to assign [mem size 0x00800000 64bit pref]
[   33.516223] pci 0000:1a:00.1: BAR 7: no space for [mem size 0x00800000 64bit pref]
[   33.523797] pci 0000:1a:00.1: BAR 7: failed to assign [mem size 0x00800000 64bit pref]
[   33.531731] pci 0000:1a:00.0: BAR 3: no space for [mem size 0x00008000 64bit pref]
[   33.539304] pci 0000:1a:00.0: BAR 3: failed to assign [mem size 0x00008000 64bit pref]
[   33.547234] pci 0000:1a:00.1: BAR 3: no space for [mem size 0x00008000 64bit pref]
[   33.554807] pci 0000:1a:00.1: BAR 3: failed to assign [mem size 0x00008000 64bit pref]
[   33.562740] pci 0000:1a:00.0: BAR 10: no space for [mem size 0x00100000 64bit pref]
[   33.570398] pci 0000:1a:00.0: BAR 10: failed to assign [mem size 0x00100000 64bit pref]
[   33.578415] pci 0000:1a:00.1: BAR 10: no space for [mem size 0x00100000 64bit pref]
[   33.586076] pci 0000:1a:00.1: BAR 10: failed to assign [mem size 0x00100000 64bit pref]
[   33.594134] pci 0000:19:03.0: PCI bridge to [bus 1a]
[   33.599104] pci 0000:19:03.0:   bridge window [mem 0xc4100000-0xc41fffff]
[   33.605903] pci 0000:18:00.0: PCI bridge to [bus 19-1a]
[   33.611135] pci 0000:18:00.0:   bridge window [mem 0xc4100000-0xc41fffff]
[   33.617932] pci 0000:16:02.0: PCI bridge to [bus 18-1a]
[   33.623164] pci 0000:16:02.0:   bridge window [mem 0xc4000000-0xc42fffff]
[   33.629960] pci 0000:16:02.0:   bridge window [mem 0xbf000000-0xc10fffff 64bit pref]
[   33.637711] pci_bus 0000:16: No. 4 try to assign unassigned res
[   33.643640] release child resource [mem 0xc4100000-0xc417ffff pref]
[   33.643642] release child resource [mem 0xc4180000-0xc41fffff pref]
[   33.643645] pci 0000:19:03.0: resource 14 [mem 0xc4100000-0xc41fffff] released
[   33.650868] pci 0000:19:03.0: PCI bridge to [bus 1a]
[   33.655846] pci 0000:18:00.0: resource 14 [mem 0xc4100000-0xc41fffff] released
[   33.663073] pci 0000:18:00.0: PCI bridge to [bus 19-1a]
[   33.668309] pci 0000:16:02.0: resource 15 [mem 0xbf000000-0xc10fffff 64bit pref] released
[   33.676487] pci 0000:16:02.0: PCI bridge to [bus 18-1a]
[   33.681802] pci 0000:19:03.0: bridge window [mem 0x00800000-0x03ffffff 64bit pref] to [bus 1a] add_size 1800000 add_align 800000
[   33.693377] pci 0000:18:00.0: bridge window [mem 0x00800000-0x03ffffff 64bit pref] to [bus 19-1a] add_size 1800000 add_align 800000
[   33.705214] pci 0000:16:02.0: bridge window [mem 0x00800000-0x03ffffff 64bit pref] to [bus 18-1a] add_size 1800000 add_align 800000
[   33.717057] pci 0000:16:02.0: BAR 15: assigned [mem 0x384000000000-0x384004ffffff 64bit pref]
[   33.725598] pci 0000:16:00.0: PCI bridge to [bus 17]
[   33.730572] pci 0000:16:00.0:   bridge window [mem 0xc4300000-0xc43fffff]
[   33.737403] pci 0000:18:00.0: BAR 15: assigned [mem 0x384000000000-0x384004ffffff 64bit pref]
[   33.745929] pci 0000:18:00.0: BAR 14: assigned [mem 0xc4100000-0xc41fffff]
[   33.752860] pci 0000:19:03.0: BAR 15: assigned [mem 0x384000000000-0x384004ffffff 64bit pref]
[   33.761392] pci 0000:19:03.0: BAR 14: assigned [mem 0xc4100000-0xc41fffff]
[   33.768454] pci 0000:1a:00.0: BAR 0: assigned [mem 0x384000000000-0x384000ffffff 64bit pref]
[   33.776904] pci 0000:1a:00.1: BAR 0: assigned [mem 0x384001000000-0x384001ffffff 64bit pref]
[   33.785354] pci 0000:1a:00.0: BAR 6: assigned [mem 0xc4100000-0xc417ffff pref]
[   33.792583] pci 0000:1a:00.1: BAR 6: assigned [mem 0xc4180000-0xc41fffff pref]
[   33.799809] pci 0000:1a:00.0: BAR 7: assigned [mem 0x384002000000-0x3840027fffff 64bit pref]
[   33.808255] pci 0000:1a:00.1: BAR 7: assigned [mem 0x384002800000-0x384002ffffff 64bit pref]
[   33.816696] pci 0000:1a:00.0: BAR 3: assigned [mem 0x384003000000-0x384003007fff 64bit pref]
[   33.825142] pci 0000:1a:00.1: BAR 3: assigned [mem 0x384003008000-0x38400300ffff 64bit pref]
[   33.833592] pci 0000:1a:00.0: BAR 10: assigned [mem 0x384003010000-0x38400310ffff 64bit pref]
[   33.842124] pci 0000:1a:00.1: BAR 10: assigned [mem 0x384003110000-0x38400320ffff 64bit pref]
[   33.850752] pci 0000:19:03.0: PCI bridge to [bus 1a]
[   33.855726] pci 0000:19:03.0:   bridge window [mem 0xc4100000-0xc41fffff]
[   33.862521] pci 0000:19:03.0:   bridge window [mem 0x384000000000-0x384004ffffff 64bit pref]
[   33.870965] pci 0000:18:00.0: PCI bridge to [bus 19-1a]
[   33.876197] pci 0000:18:00.0:   bridge window [mem 0xc4100000-0xc41fffff]
[   33.882992] pci 0000:18:00.0:   bridge window [mem 0x384000000000-0x384004ffffff 64bit pref]
[   33.891439] pci 0000:16:02.0: PCI bridge to [bus 18-1a]
[   33.896667] pci 0000:16:02.0:   bridge window [mem 0xc4000000-0xc42fffff]
[   33.903466] pci 0000:16:02.0:   bridge window [mem 0x384000000000-0x384004ffffff 64bit pref]
[   33.911910] pci_bus 0000:16: resource 4 [io  0x4000-0x7fff window]
[   33.918099] pci_bus 0000:16: resource 5 [mem 0xab000000-0xc5ffffff window]
[   33.924981] pci_bus 0000:16: resource 6 [mem 0x384000000000-0x387fffffffff window]
[   33.932558] pci_bus 0000:17: resource 1 [mem 0xc4300000-0xc43fffff]
[   33.938831] pci_bus 0000:18: resource 1 [mem 0xc4000000-0xc42fffff]
[   33.945108] pci_bus 0000:18: resource 2 [mem 0x384000000000-0x384004ffffff 64bit pref]
[   33.953028] pci_bus 0000:19: resource 1 [mem 0xc4100000-0xc41fffff]
[   33.959301] pci_bus 0000:19: resource 2 [mem 0x384000000000-0x384004ffffff 64bit pref]
[   33.967223] pci_bus 0000:1a: resource 1 [mem 0xc4100000-0xc41fffff]
[   33.973499] pci_bus 0000:1a: resource 2 [mem 0x384000000000-0x384004ffffff 64bit pref]
[   33.981976] pci_bus 0000:64: resource 4 [io  0x8000-0xbfff window]
[   33.988165] pci_bus 0000:64: resource 5 [mem 0xc6000000-0xe0ffffff window]
[   33.995046] pci_bus 0000:64: resource 6 [mem 0x388000000000-0x38bfffffffff window]
[   34.002838] pci 0000:b2:00.0: PCI bridge to [bus b3]
[   34.007812] pci 0000:b2:00.0:   bridge window [mem 0xfa000000-0xfa0fffff]
[   34.014606] pci 0000:b2:00.0:   bridge window [mem 0x38ffc0000000-0x38ffdfffffff 64bit pref]
[   34.023053] pci_bus 0000:b2: resource 4 [io  0xc000-0xffff window]
[   34.029242] pci_bus 0000:b2: resource 5 [mem 0xe1000000-0xfbffffff window]
[   34.036127] pci_bus 0000:b2: resource 6 [mem 0x38c000000000-0x38ffffffffff window]
[   34.043700] pci_bus 0000:b3: resource 1 [mem 0xfa000000-0xfa0fffff]
[   34.049976] pci_bus 0000:b3: resource 2 [mem 0x38ffc0000000-0x38ffdfffffff 64bit pref]
[   34.058314] NET: Registered protocol family 2
[   34.063842] tcp_listen_portaddr_hash hash table entries: 32768 (order: 7, 524288 bytes, linear)
[   34.073161] TCP established hash table entries: 524288 (order: 10, 4194304 bytes, linear)
[   34.084959] TCP bind hash table entries: 65536 (order: 8, 1048576 bytes, linear)
[   34.092750] TCP: Hash tables configured (established 524288 bind 65536)
[   34.100257] UDP hash table entries: 32768 (order: 8, 1048576 bytes, linear)
[   34.107840] UDP-Lite hash table entries: 32768 (order: 8, 1048576 bytes, linear)
[   34.117007] NET: Registered protocol family 1
[   34.122276] RPC: Registered named UNIX socket transport module.
[   34.128204] RPC: Registered udp transport module.
[   34.132912] RPC: Registered tcp transport module.
[   34.137619] RPC: Registered tcp NFSv4.1 backchannel transport module.
[   34.149889] pci 0000:03:00.0: Video device with shadowed ROM at [mem 0x000c0000-0x000dffff]
[   34.158499] pci 0000:17:00.0: CLS mismatch (64 != 32), using 64 bytes
[   34.165618] Unpacking initramfs...
[   35.773477] Freeing initrd memory: 39872K
[   35.785748] PCI-DMA: Using software bounce buffering for IO (SWIOTLB)
[   35.792201] software IO TLB: mapped [mem 0x5e98d000-0x6298d000] (64MB)
[   35.799106] RAPL PMU: API unit is 2^-32 Joules, 2 fixed counters, 655360 ms ovfl timer
[   35.807028] RAPL PMU: hw unit of domain package 2^-14 Joules
[   35.812693] RAPL PMU: hw unit of domain dram 2^-16 Joules
[   35.829072] check: Scanning for low memory corruption every 60 seconds
[   35.867348] Initialise system trusted keyrings
[   35.871861] Key type blacklist registered
[   35.876031] workingset: timestamp_bits=36 max_order=24 bucket_order=0
[   35.912754] zbud: loaded
[   35.923691] squashfs: version 4.0 (2009/01/31) Phillip Lougher
[   35.934123] FS-Cache: Netfs 'nfs' registered for caching
[   35.941337] NFS: Registering the id_resolver key type
[   35.946430] Key type id_resolver registered
[   35.950624] Key type id_legacy registered
[   35.954665] nfs4filelayout_init: NFSv4 File Layout Driver Registering...
[   35.961423] ntfs: driver 2.1.32 [Flags: R/O].
[   35.967486] QNX4 filesystem 0.2.3 registered.
[   35.972045] fuse: init (API version 7.31)
[   35.977630] JFS: nTxBlock = 8192, nTxLock = 65536
[   35.985406] SGI XFS with ACLs, security attributes, realtime, no debug enabled
[   36.007776] async_tx: api initialized (async)
[   36.012150] Key type asymmetric registered
[   36.016260] Asymmetric key parser 'x509' registered
[   36.021219] Block layer SCSI generic (bsg) driver version 0.4 loaded (major 245)
[   36.028768] io scheduler mq-deadline registered
[   36.039592] pcieport 0000:00:1c.0: PME: Signaling with IRQ 24
[   36.049082] pcieport 0000:00:1c.5: PME: Signaling with IRQ 25
[   36.058350] pcieport 0000:00:1d.0: PME: Signaling with IRQ 26
[   36.069746] pcieport 0000:16:00.0: PME: Signaling with IRQ 28
[   36.080898] pcieport 0000:16:02.0: PME: Signaling with IRQ 29
[   36.093020] pcieport 0000:b2:00.0: PME: Signaling with IRQ 32
[   36.099859] switchtec: loaded.
[   36.103209] efifb: probing for efifb
[   36.106873] efifb: framebuffer at 0xa9000000, using 3072k, total 3072k
[   36.113403] efifb: mode is 1024x768x32, linelength=4096, pages=1
[   36.119419] efifb: scrolling: redraw
[   36.123006] efifb: Truecolor: size=8:8:8:8, shift=24:16:8:0
[   36.138285] Console: switching to colour frame buffer device 128x48
[   36.152995] fb0: EFI VGA frame buffer device
[   36.157407] intel_idle: MWAIT substates: 0x2020
[   36.157409] intel_idle: v0.4.1 model 0x55
[   36.165403] intel_idle: lapic_timer_reliable_states 0xffffffff
[   36.165405] IPMI message handler: version 39.2
[   36.169998] ipmi device interface
[   36.173441] ipmi_si: IPMI System Interface driver
[   36.178308] ipmi_si dmi-ipmi-si.0: ipmi_platform: probing via SMBIOS
[   36.184774] ipmi_platform: ipmi_si: SMBIOS: io 0xca2 regsize 1 spacing 1 irq 0
[   36.192128] ipmi_si: Adding SMBIOS-specified kcs state machine
[   36.198193] ipmi_si IPI0001:00: ipmi_platform: probing via ACPI
[   36.207769] ipmi_si IPI0001:00: ipmi_platform: [io  0x0ca2] regsize 1 spacing 1 irq 0
[   36.215743] ipmi_si dmi-ipmi-si.0: Removing SMBIOS-specified kcs state machine in favor of ACPI
[   36.224587] ipmi_si: Adding ACPI-specified kcs state machine
[   36.230566] ipmi_si: Trying ACPI-specified kcs state machine at i/o address 0xca2, slave address 0x20, irq 0
[   36.541669] ipmi_si IPI0001:00: The BMC does not support clearing the recv irq bit, compensating, but the BMC needs to be fixed.
[   36.679248] ipmi_si IPI0001:00: IPMI message handler: Found new BMC (man_id: 0x002a7c, prod_id: 0x0941, dev_id: 0x20)
[   36.694742] ipmi_si IPI0001:00: IPMI kcs interface initialized
[   36.700677] ipmi_ssif: IPMI SSIF Interface driver
[   36.706688] input: Power Button as /devices/LNXSYSTM:00/LNXPWRBN:00/input/input0
[   36.714283] ACPI: Power Button [PWRF]
[   36.829594] tsc: Refined TSC clocksource calibration: 2200.005 MHz
[   36.835915] clocksource: tsc: mask: 0xffffffffffffffff max_cycles: 0x1fb637aabb6, max_idle_ns: 440795307443 ns
[   36.846151] clocksource: Switched to clocksource tsc
[   38.040799] ERST: Error Record Serialization Table (ERST) support is initialized.
[   38.052147] pstore: Registered erst as persistent store backend
[   38.064674] GHES: APEI firmware first mode is enabled by APEI bit and WHEA _OSC.
[   38.076164] ioatdma: Intel(R) QuickData Technology Driver 5.00
[   38.086600] ioatdma 0000:00:04.0: enabling device (0004 -> 0006)
[   38.507288] ioatdma 0000:00:04.1: enabling device (0004 -> 0006)
[   38.929107] ioatdma 0000:00:04.2: enabling device (0004 -> 0006)
[   39.349251] ioatdma 0000:00:04.3: enabling device (0004 -> 0006)
[   39.769568] ioatdma 0000:00:04.4: enabling device (0004 -> 0006)
[   40.200090] ioatdma 0000:00:04.5: enabling device (0004 -> 0006)
[   40.620398] ioatdma 0000:00:04.6: enabling device (0004 -> 0006)
[   41.053881] ioatdma 0000:00:04.7: enabling device (0004 -> 0006)
[   41.475190] Serial: 8250/16550 driver, 32 ports, IRQ sharing enabled
[   41.506403] 00:03: ttyS0 at I/O 0x3f8 (irq = 4, base_baud = 115200) is a 16550A
[   41.539154] 00:04: ttyS1 at I/O 0x2f8 (irq = 3, base_baud = 115200) is a 16550A
[   41.564694] lp: driver loaded but no devices found
[   41.577892] ppdev: user-space parallel port driver
[   41.586394] Linux agpgart interface v0.103
[   41.595543] checking generic (a9000000 300000) vs hw (a9000000 1000000)
[   41.595546] fb0: switching to astdrmfb from EFI VGA
[   41.604557] Console: switching to colour dummy device 80x25
[   41.612350] [drm] P2A bridge disabled, using default configuration
[   41.618540] [drm] AST 2500 detected
[   41.622039] [drm] Analog VGA only
[   41.625365] [drm] dram MCLK=800 Mhz type=1 bus_width=16 size=01000000
[   41.632213] [TTM] Zone  kernel: Available graphics memory: 28427618 KiB
[   41.638833] [TTM] Zone   dma32: Available graphics memory: 2097152 KiB
[   41.645366] [TTM] Initializing pool allocator
[   41.649777] [TTM] Initializing DMA pool allocator
[   41.660469] fbcon: astdrmfb (fb0) is primary device
[   41.689058] Console: switching to colour frame buffer device 128x48
[   41.716593] ast 0000:03:00.0: fb0: astdrmfb frame buffer device
[   41.722680] [drm] Initialized ast 0.1.0 20120228 for 0000:03:00.0 on minor 0
[   41.783917] loop: module loaded
[   41.792925] null: module loaded
[   41.799520] lpc_ich 0000:00:1f.0: I/O space for ACPI uninitialized
[   41.805817] lpc_ich 0000:00:1f.0: No MFD cells added
[   41.811658] Loading iSCSI transport class v2.0-870.
[   41.817370] iscsi: registered transport (tcp)
[   41.822219] iscsi: registered transport (qla4xxx)
[   41.827154] QLogic iSCSI HBA Driver
[   41.830711] libcxgbi:libcxgbi_init_module: Chelsio iSCSI driver library libcxgbi v0.9.1-ko (Apr. 2015)
[   41.840157] Chelsio T3 iSCSI Driver cxgb3i v2.0.1-ko (Apr. 2015)
[   41.846393] iscsi: registered transport (cxgb3i)
[   41.851102] Chelsio T4-T6 iSCSI Driver cxgb4i v0.9.5-ko (Apr. 2015)
[   41.857608] iscsi: registered transport (cxgb4i)
[   41.862316] cxgb4i:cxgb4i_init_module: cxgb4i dcb enabled.
[   41.867894] QLogic NetXtreme II iSCSI Driver bnx2i v2.7.10.1 (Jul 16, 2014)
[   41.875106] iscsi: registered transport (bnx2i)
[   41.882056] iscsi: registered transport (qedi)
[   41.888908] iscsi: registered transport (be2iscsi)
[   41.893787] In beiscsi_module_init, tt=0000000015061101
[   41.901738] nvme nvme0: pci function 0000:01:00.0
[   41.909833] nvme nvme1: pci function 0000:04:00.0
[   41.917978] nvme nvme2: pci function 0000:17:00.0
[   41.926126] nvme nvme3: pci function 0000:b3:00.0
[   41.934882] ahci 0000:00:11.5: version 3.0
[   41.937982] ahci 0000:00:11.5: AHCI 0001.0301 32 slots 2 ports 6 Gbps 0x3 impl SATA mode
[   41.944027] 0000:b3:00.0 initialised, 131072 pages in 4ms
[   41.949059] ahci 0000:00:11.5: flags: 64bit ncq sntf led clo only pio slum part ems deso sadm sds apst 
[   41.957510] nvme 0000:b3:00.0: added peer-to-peer DMA memory [mem 0x38ffc0000000-0x38ffdfffffff 64bit pref]
[   41.985882] scsi host0: ahci
[   41.993436] scsi host1: ahci
[   42.000196] ata1: SATA max UDMA/133 abar m524288@0xaa380000 port 0xaa380100 irq 50
[   42.011076] ata2: SATA max UDMA/133 abar m524288@0xaa380000 port 0xaa380180 irq 50
[   42.025171] ahci 0000:00:17.0: AHCI 0001.0301 32 slots 8 ports 6 Gbps 0xff impl SATA mode
[   42.036647] ahci 0000:00:17.0: flags: 64bit ncq sntf led clo only pio slum part ems deso sadm sds apst 
[   42.127259] nvme nvme0: Shutdown timeout set to 8 seconds
[   42.134518] nvme nvme1: missing or invalid SUBNQN field.
[   42.144848] nvme nvme1: Shutdown timeout set to 8 seconds
[   42.146637] scsi host2: ahci
[   42.151273] nvme nvme2: 20/0/0 default/read/poll queues
[   42.156903]  nvme2n1: p1
[   42.157047] nvme nvme0: 20/0/0 default/read/poll queues
[   42.160785] scsi host3: ahci
[   42.187785] nvme nvme1: 20/0/0 default/read/poll queues
[   42.193591] scsi host4: ahci
[   42.203281] nvme nvme3: 15/0/0 default/read/poll queues
[   42.208293] scsi host5: ahci
[   42.217526]  nvme1n1: p1 p9
[   42.218871] nvme-algo: Unsupported algorithm type: 0, subtype: 0
[   42.223083] scsi host6: ahci
[   42.244462] scsi host7: ahci
[   42.251642] scsi host8: ahci
[   42.258744] scsi host9: ahci
[   42.262264] nvme-algo nvme3a2: Eideticom NoLoad Compression
[   42.265432] ata3: SATA max UDMA/133 abar m524288@0xaa300000 port 0xaa300100 irq 51
[   42.273803] nvme-algo nvme-deflate: Eideticom NoLoad Compression
[   42.284235] ata4: SATA max UDMA/133 abar m524288@0xaa300000 port 0xaa300180 irq 51
[   42.293537] nvme-algo nvme-deflate: added nvme3a2
[   42.304404] ata5: SATA max UDMA/133 abar m524288@0xaa300000 port 0xaa300200 irq 51
[   42.323214] ata6: SATA max UDMA/133 abar m524288@0xaa300000 port 0xaa300280 irq 51
[   42.333995] ata7: SATA max UDMA/133 abar m524288@0xaa300000 port 0xaa300300 irq 51
[   42.336427] ata2: SATA link down (SStatus 0 SControl 300)
[   42.344709] ata8: SATA max UDMA/133 abar m524288@0xaa300000 port 0xaa300380 irq 51
[   42.344712] ata9: SATA max UDMA/133 abar m524288@0xaa300000 port 0xaa300400 irq 51
[   42.344715] ata10: SATA max UDMA/133 abar m524288@0xaa300000 port 0xaa300480 irq 51
[   42.353283] mei mei::55213584-9a29-4916-badf-0fb7ed682aeb:01: Could not read FW version
[   42.353304] ata1: SATA link up 6.0 Gbps (SStatus 133 SControl 300)
[   42.354348] ata1.00: ATA-9: SuperMicro SSD, SOB20R, max UDMA/133
[   42.354351] ata1.00: 123731968 sectors, multi 1: LBA48 NCQ (depth 32), AA
[   42.355064] ata1.00: configured for UDMA/133
[   42.356012] scsi 0:0:0:0: Direct-Access     ATA      SuperMicro SSD   0R   PQ: 0 ANSI: 5
[   42.357245] sd 0:0:0:0: Attached scsi generic sg0 type 0
[   42.357504] sd 0:0:0:0: [sda] 123731968 512-byte logical blocks: (63.4 GB/59.0 GiB)
[   42.357555] sd 0:0:0:0: [sda] Write Protect is off
[   42.357559] sd 0:0:0:0: [sda] Mode Sense: 00 3a 00 00
[   42.357640] sd 0:0:0:0: [sda] Write cache: enabled, read cache: enabled, doesn't support DPO or FUA
[   42.359359]  sda: sda1
[   42.364748] sd 0:0:0:0: [sda] Attached SCSI disk
[   42.366154] intel-spi 0000:00:1f.5: mx25l25635e (32768 Kbytes)
[   42.368794] Creating 1 MTD partitions on "0000:00:1f.5":
[   42.368810] 0x000000000000-0x000002000000 : "BIOS"
[   42.372663] libphy: Fixed MDIO Bus: probed
[   42.372665] tun: Universal TUN/TAP device driver, 1.6
[   42.373092] cnic: QLogic cnicDriver v2.5.22 (July 20, 2015)
[   42.374112] i40e: Intel(R) Ethernet Connection XL710 Network Driver - version 2.8.20-k
[   42.374114] i40e: Copyright (c) 2013 - 2019 Intel Corporation.
[   42.374715] mei mei::55213584-9a29-4916-badf-0fb7ed682aeb:01: FW version command failed -5
[   42.389005] i40e 0000:1a:00.0: fw 3.1.57069 api 1.5 nvm 3.33 0x8000104e 1.1876.0 [8086:37d2] [15d9:37d2]
[   42.597780] i40e 0000:1a:00.0: MAC address: ac:1f:6b:bb:cc:28
[   42.607167] i40e 0000:1a:00.0: FW LLDP is enabled
[   42.665267] i40e 0000:1a:00.0 eth0: NIC Link is Up, 1000 Mbps Full Duplex, Flow Control: None
[   42.675859] ata9: SATA link up 6.0 Gbps (SStatus 133 SControl 300)
[   42.690328] ata4: SATA link down (SStatus 0 SControl 300)
[   42.702938] ata7: SATA link down (SStatus 0 SControl 300)
[   42.705339] i40e 0000:1a:00.0: Added LAN device PF0 bus=0x1a dev=0x00 func=0x00
[   42.711876] ata10: SATA link down (SStatus 0 SControl 300)
[   42.726968] i40e 0000:1a:00.0: Features: PF-id[0] VFs: 64 VSIs: 66 QP: 20 RSS FD_ATR FD_SB NTUPLE DCB VxLAN Geneve PTP VEPA
[   42.735432] ata6: SATA link down (SStatus 0 SControl 300)
[   42.763247] ata8: SATA link down (SStatus 0 SControl 300)
[   42.765087] i40e 0000:1a:00.1: fw 3.1.57069 api 1.5 nvm 3.33 0x8000104e 1.1876.0 [8086:37d2] [15d9:37d2]
[   42.772538] ata3: SATA link down (SStatus 0 SControl 300)
[   42.789125] i40e 0000:1a:00.1: MAC address: ac:1f:6b:bb:cc:29
[   42.795170] ata9.00: supports DRM functions and may not be fully accessible
[   42.805013] i40e 0000:1a:00.1: FW LLDP is enabled
[   42.815847] ata5: SATA link down (SStatus 0 SControl 300)
[   42.834687] ata9.00: ATA-11: Samsung SSD 860 EVO 250GB, RVT01B6Q, max UDMA/133
[   42.845849] ata9.00: 488397168 sectors, multi 1: LBA48 NCQ (depth 32), AA
[   42.858949] ata9.00: supports DRM functions and may not be fully accessible
[   42.872687] ata9.00: configured for UDMA/133
[   42.876148] i40e 0000:1a:00.1: Added LAN device PF1 bus=0x1a dev=0x00 func=0x01
[   42.881898] scsi 8:0:0:0: Direct-Access     ATA      Samsung SSD 860  1B6Q PQ: 0 ANSI: 5
[   42.893011] i40e 0000:1a:00.1: Features: PF-id[1] VFs: 64 VSIs: 66 QP: 20 RSS FD_ATR FD_SB NTUPLE DCB VxLAN Geneve PTP VEPA
[   42.905730] ata9.00: Enabling discard_zeroes_data
[   42.905740] sd 8:0:0:0: Attached scsi generic sg1 type 0
[   42.920435] QLogic FastLinQ 4xxxx Core Module qed 8.37.0.20
[   42.929136] sd 8:0:0:0: [sdb] 488397168 512-byte logical blocks: (250 GB/233 GiB)
[   42.938425] qede_init: QLogic FastLinQ 4xxxx Ethernet Driver qede 8.37.0.20

[   42.948196] sd 8:0:0:0: [sdb] Write Protect is off
[   42.960065] PPP generic driver version 2.4.2
[   42.976694] sd 8:0:0:0: [sdb] Mode Sense: 00 3a 00 00
[   42.986166] ehci_hcd: USB 2.0 'Enhanced' Host Controller (EHCI) Driver
[   42.994135] sd 8:0:0:0: [sdb] Write cache: enabled, read cache: enabled, doesn't support DPO or FUA
[   43.004824] ehci-pci: EHCI PCI platform driver
[   43.018947] ata9.00: Enabling discard_zeroes_data
[   43.026888] ehci-platform: EHCI generic platform driver
[   43.038195]  sdb: sdb1 sdb2
[   43.045168] ohci_hcd: USB 1.1 'Open' Host Controller (OHCI) Driver
[   43.057552] ata9.00: Enabling discard_zeroes_data
[   43.062448] ohci-pci: OHCI PCI platform driver
[   43.072775] sd 8:0:0:0: [sdb] supports TCG Opal
[   43.080071] ohci-platform: OHCI generic platform driver
[   43.088720] sd 8:0:0:0: [sdb] Attached SCSI disk
[   43.098173] uhci_hcd: USB Universal Host Controller Interface driver
[   43.120736] xhci_hcd 0000:00:14.0: xHCI Host Controller
[   43.130141] xhci_hcd 0000:00:14.0: new USB bus registered, assigned bus number 1
[   43.142946] xhci_hcd 0000:00:14.0: hcc params 0x200077c1 hci version 0x100 quirks 0x0000000000009810
[   43.156186] xhci_hcd 0000:00:14.0: cache line size of 64 is not supported
[   43.169412] usb usb1: New USB device found, idVendor=1d6b, idProduct=0002, bcdDevice= 5.03
[   43.181845] usb usb1: New USB device strings: Mfr=3, Product=2, SerialNumber=1
[   43.193184] usb usb1: Product: xHCI Host Controller
[   43.202160] usb usb1: Manufacturer: Linux 5.3.0+vili+localyes-00015-gade24d77c24c xhci-hcd
[   43.214660] usb usb1: SerialNumber: 0000:00:14.0
[   43.224664] hub 1-0:1.0: USB hub found
[   43.232690] hub 1-0:1.0: 16 ports detected
[   43.332995] xhci_hcd 0000:00:14.0: xHCI Host Controller
[   43.342201] xhci_hcd 0000:00:14.0: new USB bus registered, assigned bus number 2
[   43.353633] xhci_hcd 0000:00:14.0: Host supports USB 3.0 SuperSpeed
[   43.364441] usb usb2: New USB device found, idVendor=1d6b, idProduct=0003, bcdDevice= 5.03
[   43.376670] usb usb2: New USB device strings: Mfr=3, Product=2, SerialNumber=1
[   43.387853] usb usb2: Product: xHCI Host Controller
[   43.396646] usb usb2: Manufacturer: Linux 5.3.0+vili+localyes-00015-gade24d77c24c xhci-hcd
[   43.408876] usb usb2: SerialNumber: 0000:00:14.0
[   43.418646] hub 2-0:1.0: USB hub found
[   43.426454] hub 2-0:1.0: 10 ports detected
[   43.473111] usb: port power management may be unreliable
[   43.500317] i8042: PNP: No PS/2 controller found.
[   43.509434] mousedev: PS/2 mouse device common for all mice
[   43.519575] rtc_cmos 00:00: RTC can wake from S4
[   43.528756] rtc_cmos 00:00: registered as rtc0
[   43.537123] rtc_cmos 00:00: alarms up to one month, y3k, 114 bytes nvram, hpet irqs
[   43.548497] i2c /dev entries driver
[   43.569859] power_meter ACPI000D:00: Found ACPI power meter.
[   43.579733] power_meter ACPI000D:00: Ignoring unsafe software power cap!
[   43.590122] power_meter ACPI000D:00: hwmon_device_register() is deprecated. Please convert the driver to use hwmon_device_register_with_info().
[   43.613957] device-mapper: uevent: version 1.0.3
[   43.623224] device-mapper: ioctl: 4.40.0-ioctl (2019-01-18) initialised: dm-devel@redhat.com
[   43.636181] EDAC MC0: Giving out device to module skx_edac controller Skylake Socket#0 IMC#0: DEV 0000:64:0a.0 (INTERRUPT)
[   43.651683] EDAC MC1: Giving out device to module skx_edac controller Skylake Socket#0 IMC#1: DEV 0000:64:0c.0 (INTERRUPT)
[   43.666532] intel_pstate: Intel P-state driver initializing
[   43.673592] usb 1-7: new high-speed USB device number 2 using xhci_hcd
[   43.741862] ledtrig-cpu: registered to indicate activity on CPUs
[   43.751233] qedr: discovered and registered 0 RDMA funcs
[   43.759255] bnxt_re: Broadcom NetXtreme-C/E RoCE Driver
[   43.767722] iscsi: registered transport (iser)
[   43.774747] EFI Variables Facility v0.08 2004-May-17
[   43.808242] hidraw: raw HID events driver (C) Jiri Kosina
[   43.816425] usbcore: registered new interface driver usbhid
[   43.824604] usbhid: USB HID core driver
[   43.831459] drop_monitor: Initializing network drop monitor service
[   43.838234] usb 1-7: New USB device found, idVendor=0557, idProduct=7000, bcdDevice= 0.00
[   43.851472] usb 1-7: New USB device strings: Mfr=0, Product=0, SerialNumber=0
[   43.861901] Initializing XFRM netlink socket
[   43.862808] hub 1-7:1.0: USB hub found
[   43.870291] NET: Registered protocol family 10
[   43.875576] hub 1-7:1.0: 4 ports detected
[   43.898249] Segment Routing with IPv6
[   43.905488] NET: Registered protocol family 17
[   43.912771] Bridge firewalling registered
[   43.919830] RPC: Registered rdma transport module.
[   43.927240] RPC: Registered rdma backchannel transport module.
[   43.936004] Key type dns_resolver registered
[   43.952013] RAS: Correctable Errors collector initialized.
[   43.960262] microcode: sig=0x50657, pf=0x1, revision=0x500002c
[   43.969443] microcode: Microcode Update Driver: v2.2.
[   43.969487] AVX2 version of gcm_enc/dec engaged.
[   43.984094] AES CTR mode by8 optimization enabled
[   44.017584] sched_clock: Marking stable (42712074335, 1305471993)->(44210912015, -193365687)
[   44.029600] registered taskstats version 1
[   44.036330] Loading compiled-in X.509 certificates
[   44.047318] Loaded X.509 cert 'Build time autogenerated kernel key: cc04e90c9091432e6063a80a47e5f19972dbfb34'
[   44.060496] zswap: loaded using pool lzo/zbud
[   44.071741] Btrfs loaded, crc32c=crc32c-intel
[   44.078953] pstore: Using crash dump compression: deflate
[   44.099753] Key type big_key registered
[   44.112242] Key type encrypted registered
[   44.119023] ima: No TPM chip found, activating TPM-bypass!
[   44.127259] ima: Allocated hash algorithm: sha1
[   44.134444] No architecture policies found
[   44.141223] evm: Initialising EVM extended attributes:
[   44.148935] evm: security.selinux
[   44.154841] evm: security.SMACK64
[   44.160572] evm: security.SMACK64EXEC
[   44.166673] evm: security.SMACK64TRANSMUTE
[   44.173043] evm: security.SMACK64MMAP
[   44.179021] evm: security.apparmor
[   44.184660] evm: security.ima
[   44.189760] evm: security.capability
[   44.195522] evm: HMAC attrs: 0x1
[   44.197609] usb 1-7.1: new low-speed USB device number 3 using xhci_hcd
[   44.220369] PM:   Magic number: 4:618:139
[   44.226841] acpi device:10: hash matches
[   44.233063] rtc_cmos 00:00: setting system clock to 2020-01-09T18:07:34 UTC (1578593254)
[   44.255507] Freeing unused decrypted memory: 2040K
[   44.263224] Freeing unused kernel image memory: 3340K
[   44.270370] Write protecting the kernel read-only data: 47104k
[   44.279412] Freeing unused kernel image memory: 1980K
[   44.286755] Freeing unused kernel image memory: 276K
[   44.334453] usb 1-7.1: New USB device found, idVendor=0557, idProduct=2419, bcdDevice= 1.00
[   44.344886] usb 1-7.1: New USB device strings: Mfr=0, Product=0, SerialNumber=0
[   44.356989] x86/mm: Checked W+X mappings: passed, no W+X pages found.
[   44.362394] input: HID 0557:2419 as /devices/pci0000:00/0000:00:14.0/usb1/1-7/1-7.1/1-7.1:1.0/0003:0557:2419.0001/input/input1
[   44.365649] Run /init as init process
[   44.440655] hid-generic 0003:0557:2419.0001: input,hidraw0: USB HID v1.00 Keyboard [HID 0557:2419] on usb-0000:00:14.0-7.1/input0
[   44.459952] input: HID 0557:2419 as /devices/pci0000:00/0000:00:14.0/usb1/1-7/1-7.1/1-7.1:1.1/0003:0557:2419.0002/input/input2
[   44.477794] hid-generic 0003:0557:2419.0002: input,hidraw1: USB HID v1.00 Mouse [HID 0557:2419] on usb-0000:00:14.0-7.1/input1
[   45.163591] i40e 0000:1a:00.1 eno2: renamed from eth1
[   45.169962] random: fast init done
[   45.254861] i40e 0000:1a:00.0 eno1: renamed from eth0
[   45.411371] EXT4-fs (sdb2): mounted filesystem with ordered data mode. Opts: (null)
[   45.524080] Not activating Mandatory Access Control as /sbin/tomoyo-init does not exist.
[   45.711963] systemd[1]: systemd 237 running in system mode. (+PAM +AUDIT +SELINUX +IMA +APPARMOR +SMACK +SYSVINIT +UTMP +LIBCRYPTSETUP +GCRYPT +GNUTLS +ACL +XZ +LZ4 +SECCOMP +BLKID +ELFUTILS +KMOD -IDN2 +IDN -PCRE2 default-hierarchy=hybrid)
[   45.758943] systemd[1]: Detected architecture x86-64.
[   45.789902] systemd[1]: Set hostname to <vili>.
[   45.992790] random: systemd: uninitialized urandom read (16 bytes read)
[   46.008316] systemd[1]: Created slice User and Session Slice.
[   46.030289] random: systemd: uninitialized urandom read (16 bytes read)
[   46.040342] systemd[1]: Set up automount Arbitrary Executable File Formats File System Automount Point.
[   46.069718] random: systemd: uninitialized urandom read (16 bytes read)
[   46.079296] systemd[1]: Reached target User and Group Name Lookups.
[   46.107657] systemd[1]: Created slice System Slice.
[   46.130093] systemd[1]: Listening on udev Kernel Socket.
[   46.154095] systemd[1]: Listening on fsck to fsckd communication Socket.
[   46.177781] systemd[1]: Reached target Slices.
[   46.553608] EXT4-fs (sdb2): re-mounted. Opts: errors=remount-ro
[   46.825521] random: crng init done
[   46.835814] random: 7 urandom warning(s) missed due to ratelimiting
[   47.020465] systemd-journald[622]: Received request to flush runtime journal from PID 1
[   47.141558] Adding 2097148k swap on /swapfile.  Priority:-2 extents:6 across:2260988k SSFS
[   50.703617] IPv6: ADDRCONF(NETDEV_CHANGE): eno1: link becomes ready
[  446.019035] FS-Cache: Duplicate cookie detected
[  446.023579] FS-Cache: O-cookie c=0000000056376d40 [p=00000000ea4f1508 fl=222 nc=0 na=1]
[  446.031591] FS-Cache: O-cookie d=0000000035893ca1 n=0000000006a52d9d
[  446.037975] FS-Cache: O-key=[10] '040002000801c0a80b14'
[  446.043251] FS-Cache: N-cookie c=000000001a6dd934 [p=00000000ea4f1508 fl=2 nc=0 na=1]
[  446.051104] FS-Cache: N-cookie d=0000000035893ca1 n=00000000a599918d
[  446.057466] FS-Cache: N-key=[10] '040002000801c0a80b14'
[  454.356023] FS-Cache: Duplicate cookie detected
[  454.360570] FS-Cache: O-cookie c=0000000056376d40 [p=00000000ea4f1508 fl=222 nc=0 na=1]
[  454.368586] FS-Cache: O-cookie d=0000000035893ca1 n=0000000006a52d9d
[  454.374951] FS-Cache: O-key=[10] '040002000801c0a80b14'
[  454.380193] FS-Cache: N-cookie c=00000000a2d52ad0 [p=00000000ea4f1508 fl=2 nc=0 na=1]
[  454.388037] FS-Cache: N-cookie d=0000000035893ca1 n=0000000095338ed2
[  454.394405] FS-Cache: N-key=[10] '040002000801c0a80b14'
[  454.935763] spl: loading out-of-tree module taints kernel.
[  454.941494] spl: module verification failed: signature and/or required key missing - tainting kernel
[  454.965852] zavl: module license 'CDDL' taints kernel.
[  454.971036] Disabling lock debugging due to kernel taint
[  457.959103] ZFS: Loaded module v0.8.0-1, ZFS pool version 5000, ZFS filesystem version 5
[  459.126006]  nvme0n1: p1 p9
[  459.153841]  nvme0n1: p1 p9
[  459.410259]  nvme1n1: p1 p9
[  459.621645]  nvme2n1: p1 p9
[  459.649301]  nvme2n1: p1 p9
[  459.698899]  nvme2n1: p1 p9
[  460.438712] ZFS: Using Noload Compression
[  480.750172] FS-Cache: Duplicate cookie detected
[  480.754797] FS-Cache: O-cookie c=0000000056376d40 [p=00000000ea4f1508 fl=222 nc=0 na=1]
[  480.762810] FS-Cache: O-cookie d=0000000035893ca1 n=0000000006a52d9d
[  480.769179] FS-Cache: O-key=[10] '040002000801c0a80b14'
[  480.774417] FS-Cache: N-cookie c=000000005196db78 [p=00000000ea4f1508 fl=2 nc=0 na=1]
[  480.782253] FS-Cache: N-cookie d=0000000035893ca1 n=00000000432927a5
[  480.788619] FS-Cache: N-key=[10] '040002000801c0a80b14'
[  481.278984] systemd-journald[622]: File /var/log/journal/ea024b5720904ff7bb4ba9c4e01a3341/user-65546.journal corrupted or uncleanly shut down, renaming and replacing.
[  583.404709] FS-Cache: Duplicate cookie detected
[  583.409257] FS-Cache: O-cookie c=0000000056376d40 [p=00000000ea4f1508 fl=222 nc=0 na=1]
[  583.417277] FS-Cache: O-cookie d=0000000035893ca1 n=0000000006a52d9d
[  583.423640] FS-Cache: O-key=[10] '040002000801c0a80b14'
[  583.428894] FS-Cache: N-cookie c=00000000322310f6 [p=00000000ea4f1508 fl=2 nc=0 na=1]
[  583.436736] FS-Cache: N-cookie d=0000000035893ca1 n=000000001f6d66e2
[  583.443095] FS-Cache: N-key=[10] '040002000801c0a80b14'
[  636.442274] FS-Cache: Duplicate cookie detected
[  636.447467] FS-Cache: O-cookie c=0000000056376d40 [p=00000000ea4f1508 fl=222 nc=0 na=1]
[  636.455867] FS-Cache: O-cookie d=0000000035893ca1 n=0000000006a52d9d
[  636.462351] FS-Cache: O-key=[10] '040002000801c0a80b14'
[  636.467643] FS-Cache: N-cookie c=0000000020d06a98 [p=00000000ea4f1508 fl=2 nc=0 na=1]
[  636.475645] FS-Cache: N-cookie d=0000000035893ca1 n=00000000961442e4
[  636.482193] FS-Cache: N-key=[10] '040002000801c0a80b14'
[ 1104.541853] FS-Cache: Duplicate cookie detected
[ 1104.546419] FS-Cache: O-cookie c=0000000056376d40 [p=00000000ea4f1508 fl=222 nc=0 na=1]
[ 1104.554457] FS-Cache: O-cookie d=0000000035893ca1 n=0000000006a52d9d
[ 1104.560861] FS-Cache: O-key=[10] '040002000801c0a80b14'
[ 1104.566204] FS-Cache: N-cookie c=0000000036a5c972 [p=00000000ea4f1508 fl=2 nc=0 na=1]
[ 1104.574098] FS-Cache: N-cookie d=0000000035893ca1 n=00000000bdfe1049
[ 1104.580513] FS-Cache: N-key=[10] '040002000801c0a80b14'
[ 1105.513487] systemd-journald[622]: File /var/log/journal/ea024b5720904ff7bb4ba9c4e01a3341/user-65544.journal corrupted or uncleanly shut down, renaming and replacing.
[ 1429.225437] FS-Cache: Duplicate cookie detected
[ 1429.230001] FS-Cache: O-cookie c=0000000056376d40 [p=00000000ea4f1508 fl=222 nc=0 na=1]
[ 1429.238030] FS-Cache: O-cookie d=0000000035893ca1 n=0000000006a52d9d
[ 1429.244411] FS-Cache: O-key=[10] '040002000801c0a80b14'
[ 1429.249683] FS-Cache: N-cookie c=00000000124f5222 [p=00000000ea4f1508 fl=2 nc=0 na=1]
[ 1429.257560] FS-Cache: N-cookie d=0000000035893ca1 n=00000000572d4cd6
[ 1429.263970] FS-Cache: N-key=[10] '040002000801c0a80b14'
[ 1955.192652] FS-Cache: Duplicate cookie detected
[ 1955.197216] FS-Cache: O-cookie c=0000000056376d40 [p=00000000ea4f1508 fl=222 nc=0 na=1]
[ 1955.205253] FS-Cache: O-cookie d=0000000035893ca1 n=0000000006a52d9d
[ 1955.211641] FS-Cache: O-key=[10] '040002000801c0a80b14'
[ 1955.216911] FS-Cache: N-cookie c=00000000c5422c61 [p=00000000ea4f1508 fl=2 nc=0 na=1]
[ 1955.224785] FS-Cache: N-cookie d=0000000035893ca1 n=00000000aaaf553a
[ 1955.231173] FS-Cache: N-key=[10] '040002000801c0a80b14'
[ 2020.361114] FS-Cache: Duplicate cookie detected
[ 2020.365671] FS-Cache: O-cookie c=0000000056376d40 [p=00000000ea4f1508 fl=222 nc=0 na=1]
[ 2020.373701] FS-Cache: O-cookie d=0000000035893ca1 n=0000000006a52d9d
[ 2020.380101] FS-Cache: O-key=[10] '040002000801c0a80b14'
[ 2020.385363] FS-Cache: N-cookie c=0000000077d3efa9 [p=00000000ea4f1508 fl=2 nc=0 na=1]
[ 2020.393238] FS-Cache: N-cookie d=0000000035893ca1 n=0000000021900cc4
[ 2020.399627] FS-Cache: N-key=[10] '040002000801c0a80b14'
[ 2132.802535] perf: interrupt took too long (2502 > 2500), lowering kernel.perf_event_max_sample_rate to 79750
[ 2555.278328] FS-Cache: Duplicate cookie detected
[ 2555.282881] FS-Cache: O-cookie c=0000000056376d40 [p=00000000ea4f1508 fl=222 nc=0 na=1]
[ 2555.290904] FS-Cache: O-cookie d=0000000035893ca1 n=0000000006a52d9d
[ 2555.297284] FS-Cache: O-key=[10] '040002000801c0a80b14'
[ 2555.302539] FS-Cache: N-cookie c=0000000005d57828 [p=00000000ea4f1508 fl=2 nc=0 na=1]
[ 2555.310400] FS-Cache: N-cookie d=0000000035893ca1 n=00000000bff417f5
[ 2555.316773] FS-Cache: N-key=[10] '040002000801c0a80b14'
[ 2826.604995] FS-Cache: Duplicate cookie detected
[ 2826.609558] FS-Cache: O-cookie c=0000000056376d40 [p=00000000ea4f1508 fl=222 nc=0 na=1]
[ 2826.617599] FS-Cache: O-cookie d=0000000035893ca1 n=0000000006a52d9d
[ 2826.624164] FS-Cache: O-key=[10] '040002000801c0a80b14'
[ 2826.629444] FS-Cache: N-cookie c=0000000069c6eb67 [p=00000000ea4f1508 fl=2 nc=0 na=1]
[ 2826.637300] FS-Cache: N-cookie d=0000000035893ca1 n=00000000a63104c8
[ 2826.643694] FS-Cache: N-key=[10] '040002000801c0a80b14'
[ 2856.186533] FS-Cache: Duplicate cookie detected
[ 2856.191355] FS-Cache: O-cookie c=0000000056376d40 [p=00000000ea4f1508 fl=222 nc=0 na=1]
[ 2856.199405] FS-Cache: O-cookie d=0000000035893ca1 n=0000000006a52d9d
[ 2856.205804] FS-Cache: O-key=[10] '040002000801c0a80b14'
[ 2856.211076] FS-Cache: N-cookie c=00000000ded6cfe0 [p=00000000ea4f1508 fl=2 nc=0 na=1]
[ 2856.218945] FS-Cache: N-cookie d=0000000035893ca1 n=00000000b6c1881d
[ 2856.225331] FS-Cache: N-key=[10] '040002000801c0a80b14'
[ 2973.512781] perf: interrupt took too long (3131 > 3127), lowering kernel.perf_event_max_sample_rate to 63750
[ 3231.189660] FS-Cache: Duplicate cookie detected
[ 3231.194239] FS-Cache: O-cookie c=0000000056376d40 [p=00000000ea4f1508 fl=222 nc=0 na=1]
[ 3231.202491] FS-Cache: O-cookie d=0000000035893ca1 n=0000000006a52d9d
[ 3231.208877] FS-Cache: O-key=[10] '040002000801c0a80b14'
[ 3231.214146] FS-Cache: N-cookie c=0000000065c7be80 [p=00000000ea4f1508 fl=2 nc=0 na=1]
[ 3231.222003] FS-Cache: N-cookie d=0000000035893ca1 n=0000000052f14198
[ 3231.228391] FS-Cache: N-key=[10] '040002000801c0a80b14'
[ 3606.214384] FS-Cache: Duplicate cookie detected
[ 3606.218945] FS-Cache: O-cookie c=0000000056376d40 [p=00000000ea4f1508 fl=222 nc=0 na=1]
[ 3606.227169] FS-Cache: O-cookie d=0000000035893ca1 n=0000000006a52d9d
[ 3606.233556] FS-Cache: O-key=[10] '040002000801c0a80b14'
[ 3606.238822] FS-Cache: N-cookie c=0000000057182725 [p=00000000ea4f1508 fl=2 nc=0 na=1]
[ 3606.246699] FS-Cache: N-cookie d=0000000035893ca1 n=00000000a9ea7043
[ 3606.253092] FS-Cache: N-key=[10] '040002000801c0a80b14'
[ 3981.230619] FS-Cache: Duplicate cookie detected
[ 3981.235197] FS-Cache: O-cookie c=0000000056376d40 [p=00000000ea4f1508 fl=222 nc=0 na=1]
[ 3981.243266] FS-Cache: O-cookie d=0000000035893ca1 n=0000000006a52d9d
[ 3981.249658] FS-Cache: O-key=[10] '040002000801c0a80b14'
[ 3981.255041] FS-Cache: N-cookie c=00000000d3307ec7 [p=00000000ea4f1508 fl=2 nc=0 na=1]
[ 3981.262894] FS-Cache: N-cookie d=0000000035893ca1 n=0000000014d9fb14
[ 3981.269283] FS-Cache: N-key=[10] '040002000801c0a80b14'
[ 4202.797486] perf: interrupt took too long (3916 > 3913), lowering kernel.perf_event_max_sample_rate to 51000
[ 4431.216623] FS-Cache: Duplicate cookie detected
[ 4431.221174] FS-Cache: O-cookie c=0000000056376d40 [p=00000000ea4f1508 fl=222 nc=0 na=1]
[ 4431.229204] FS-Cache: O-cookie d=0000000035893ca1 n=0000000006a52d9d
[ 4431.235701] FS-Cache: O-key=[10] '040002000801c0a80b14'
[ 4431.240964] FS-Cache: N-cookie c=00000000af40d9c5 [p=00000000ea4f1508 fl=2 nc=0 na=1]
[ 4431.248819] FS-Cache: N-cookie d=0000000035893ca1 n=00000000126699f0
[ 4431.255292] FS-Cache: N-key=[10] '040002000801c0a80b14'
[ 4469.765271] FS-Cache: Duplicate cookie detected
[ 4469.769831] FS-Cache: O-cookie c=0000000056376d40 [p=00000000ea4f1508 fl=222 nc=0 na=1]
[ 4469.777873] FS-Cache: O-cookie d=0000000035893ca1 n=0000000006a52d9d
[ 4469.784265] FS-Cache: O-key=[10] '040002000801c0a80b14'
[ 4469.789533] FS-Cache: N-cookie c=000000008df0045c [p=00000000ea4f1508 fl=2 nc=0 na=1]
[ 4469.797395] FS-Cache: N-cookie d=0000000035893ca1 n=00000000297bd3ca
[ 4469.803786] FS-Cache: N-key=[10] '040002000801c0a80b14'
[ 4470.014339] FS-Cache: Duplicate cookie detected
